Component: ARM Compiler 6.16 Tool: armlink [5dfeaa00]

==============================================================================

Section Cross References

    startup_stm32h743xx.o(RESET) refers to startup_stm32h743xx.o(STACK) for __initial_sp
    startup_stm32h743xx.o(RESET) refers to startup_stm32h743xx.o(.text) for Reset_Handler
    startup_stm32h743xx.o(RESET) refers to stm32h7xx_it.o(.text.NMI_Handler) for NMI_Handler
    startup_stm32h743xx.o(RESET) refers to stm32h7xx_it.o(.text.HardFault_Handler) for HardFault_Handler
    startup_stm32h743xx.o(RESET) refers to stm32h7xx_it.o(.text.MemManage_Handler) for MemManage_Handler
    startup_stm32h743xx.o(RESET) refers to stm32h7xx_it.o(.text.BusFault_Handler) for BusFault_Handler
    startup_stm32h743xx.o(RESET) refers to stm32h7xx_it.o(.text.UsageFault_Handler) for UsageFault_Handler
    startup_stm32h743xx.o(RESET) refers to stm32h7xx_it.o(.text.SVC_Handler) for SVC_Handler
    startup_stm32h743xx.o(RESET) refers to stm32h7xx_it.o(.text.DebugMon_Handler) for DebugMon_Handler
    startup_stm32h743xx.o(RESET) refers to stm32h7xx_it.o(.text.PendSV_Handler) for PendSV_Handler
    startup_stm32h743xx.o(RESET) refers to stm32h7xx_it.o(.text.SysTick_Handler) for SysTick_Handler
    startup_stm32h743xx.o(RESET) refers to stm32h7xx_it.o(.text.DMA1_Stream0_IRQHandler) for DMA1_Stream0_IRQHandler
    startup_stm32h743xx.o(RESET) refers to stm32h7xx_it.o(.text.USART3_IRQHandler) for USART3_IRQHandler
    startup_stm32h743xx.o(.text) refers to system_stm32h7xx.o(.text.ExitRun0Mode) for ExitRun0Mode
    startup_stm32h743xx.o(.text) refers to system_stm32h7xx.o(.text.SystemInit) for SystemInit
    startup_stm32h743xx.o(.text) refers to entry.o(.ARM.Collect$$$$00000000) for __main
    main.o(.text.main) refers to stm32h7xx_hal_cortex.o(.text.HAL_MPU_Disable) for HAL_MPU_Disable
    main.o(.text.main) refers to stm32h7xx_hal_cortex.o(.text.HAL_MPU_ConfigRegion) for HAL_MPU_ConfigRegion
    main.o(.text.main) refers to stm32h7xx_hal_cortex.o(.text.HAL_MPU_Enable) for HAL_MPU_Enable
    main.o(.text.main) refers to stm32h7xx_hal.o(.text.HAL_Init) for HAL_Init
    main.o(.text.main) refers to main.o(.text.SystemClock_Config) for SystemClock_Config
    main.o(.text.main) refers to gpio.o(.text.MX_GPIO_Init) for MX_GPIO_Init
    main.o(.text.main) refers to dma.o(.text.MX_DMA_Init) for MX_DMA_Init
    main.o(.text.main) refers to adc.o(.text.MX_ADC1_Init) for MX_ADC1_Init
    main.o(.text.main) refers to tim.o(.text.MX_TIM3_Init) for MX_TIM3_Init
    main.o(.text.main) refers to tim.o(.text.MX_TIM2_Init) for MX_TIM2_Init
    main.o(.text.main) refers to usart.o(.text.MX_USART3_UART_Init) for MX_USART3_UART_Init
    main.o(.text.main) refers to usart.o(.text.MX_USART1_UART_Init) for MX_USART1_UART_Init
    main.o(.text.main) refers to tim.o(.text.MX_TIM1_Init) for MX_TIM1_Init
    main.o(.text.main) refers to usart.o(.bss.huart3) for huart3
    main.o(.text.main) refers to serial.o(.text.Serial_RxInit) for Serial_RxInit
    main.o(.text.main) refers to tim.o(.bss.htim3) for htim3
    main.o(.text.main) refers to adc.o(.bss.hadc1) for hadc1
    main.o(.text.main) refers to adc_task.o(.text.ADC_Task_Init) for ADC_Task_Init
    main.o(.text.main) refers to tasks.o(.bss.g_hmi) for g_hmi
    main.o(.text.main) refers to serial.o(.text.HMI_Init) for HMI_Init
    main.o(.text.main) refers to serial.o(.text.HMI_SendInitScreen) for HMI_SendInitScreen
    main.o(.text.main) refers to scheduler.o(.text.Scheduler_Init) for Scheduler_Init
    main.o(.text.main) refers to ad9910.o(.text.Init_AD9910) for Init_AD9910
    main.o(.text.main) refers to ad9910.o(.text.AD9910_FreWrite) for AD9910_FreWrite
    main.o(.text.main) refers to adc_task.o(.text.ADC_Task_Start) for ADC_Task_Start
    main.o(.text.main) refers to adc_task.o(.bss.g_adc_dma_done) for g_adc_dma_done
    main.o(.text.main) refers to scheduler.o(.text.Scheduler_Run) for Scheduler_Run
    main.o(.text.main) refers to tasks.o(.text.App_process) for App_process
    main.o(.ARM.exidx.text.main) refers to main.o(.text.main) for [Anonymous Symbol]
    main.o(.text.SystemClock_Config) refers to memseta.o(.text) for __aeabi_memclr4
    main.o(.text.SystemClock_Config) refers to stm32h7xx_hal_pwr_ex.o(.text.HAL_PWREx_ConfigSupply) for HAL_PWREx_ConfigSupply
    main.o(.text.SystemClock_Config) refers to stm32h7xx_hal_rcc.o(.text.HAL_RCC_OscConfig) for HAL_RCC_OscConfig
    main.o(.text.SystemClock_Config) refers to stm32h7xx_hal_rcc.o(.text.HAL_RCC_ClockConfig) for HAL_RCC_ClockConfig
    main.o(.ARM.exidx.text.SystemClock_Config) refers to main.o(.text.SystemClock_Config) for [Anonymous Symbol]
    main.o(.ARM.exidx.text.Error_Handler) refers to main.o(.text.Error_Handler) for [Anonymous Symbol]
    main.o(.text.HAL_ADC_ConvCpltCallback) refers to adc_task.o(.bss.g_adc_dma_done) for g_adc_dma_done
    main.o(.ARM.exidx.text.HAL_ADC_ConvCpltCallback) refers to main.o(.text.HAL_ADC_ConvCpltCallback) for [Anonymous Symbol]
[...]
    [Anonymous Symbol]                       0x080092f8   Section        0  scheduler.o(.text.Task_1ms)
    [Anonymous Symbol]                       0x08009300   Section        0  tasks.o(.text.Task_1sec)
    [Anonymous Symbol]                       0x08009318   Section        0  ad9910.o(.text.Txfrc)
    [Anonymous Symbol]                       0x08009560   Section        0  stm32h7xx_hal_uart.o(.text.UART_AdvFeatureConfig)
    [Anonymous Symbol]                       0x08009640   Section        0  stm32h7xx_hal_uart.o(.text.UART_CheckIdleState)
    UART_DMAAbortOnError                     0x080097b9   Thumb Code     6  stm32h7xx_hal_uart.o(.text.UART_DMAAbortOnError)
    [Anonymous Symbol]                       0x080097b8   Section        0  stm32h7xx_hal_uart.o(.text.UART_DMAAbortOnError)
    UART_RxISR_16BIT                         0x080097c1   Thumb Code   450  stm32h7xx_hal_uart.o(.text.UART_RxISR_16BIT)
    [Anonymous Symbol]                       0x080097c0   Section        0  stm32h7xx_hal_uart.o(.text.UART_RxISR_16BIT)
    UART_RxISR_16BIT_FIFOEN                  0x08009989   Thumb Code   800  stm32h7xx_hal_uart.o(.text.UART_RxISR_16BIT_FIFOEN)
    [Anonymous Symbol]                       0x08009988   Section        0  stm32h7xx_hal_uart.o(.text.UART_RxISR_16BIT_FIFOEN)
    UART_RxISR_8BIT                          0x08009ca9   Thumb Code   454  stm32h7xx_hal_uart.o(.text.UART_RxISR_8BIT)
    [Anonymous Symbol]                       0x08009ca8   Section        0  stm32h7xx_hal_uart.o(.text.UART_RxISR_8BIT)
    UART_RxISR_8BIT_FIFOEN                   0x08009e71   Thumb Code   804  stm32h7xx_hal_uart.o(.text.UART_RxISR_8BIT_FIFOEN)
    [Anonymous Symbol]                       0x08009e70   Section        0  stm32h7xx_hal_uart.o(.text.UART_RxISR_8BIT_FIFOEN)
    [Anonymous Symbol]                       0x0800a198   Section        0  stm32h7xx_hal_uart.o(.text.UART_SetConfig)
    [Anonymous Symbol]                       0x0800a6e8   Section        0  stm32h7xx_hal_uart.o(.text.UART_Start_Receive_IT)
    [Anonymous Symbol]                       0x0800a958   Section        0  stm32h7xx_hal_uart.o(.text.UART_WaitOnFlagUntilTimeout)
    [Anonymous Symbol]                       0x0800ac88   Section        0  stm32h7xx_it.o(.text.USART3_IRQHandler)
    [Anonymous Symbol]                       0x0800ac98   Section        0  stm32h7xx_it.o(.text.UsageFault_Handler)
    [Anonymous Symbol]                       0x0800aca0   Section        0  arm_bitreversal2_extra.o(.text.arm_bitreversal_32_extra)
    [Anonymous Symbol]                       0x0800ae10   Section        0  arm_cfft_f32_extra.o(.text.arm_cfft_f32_extra)
    [Anonymous Symbol]                       0x0800b028   Section        0  arm_cfft_f32_extra.o(.text.arm_cfft_radix8by2_f32_extra)
    [Anonymous Symbol]                       0x0800b1b8   Section        0  arm_cfft_f32_extra.o(.text.arm_cfft_radix8by4_f32_extra)
    [Anonymous Symbol]                       0x0800b678   Section        0  fft_analyzer.o(.text.fft_find_peaks)
    __arm_cp.5_3                             0x0800b9e0   Number         4  fft_analyzer.o(.text.fft_find_peaks)
    __arm_cp.5_4                             0x0800b9e4   Number         4  fft_analyzer.o(.text.fft_find_peaks)
    [Anonymous Symbol]                       0x0800bd90   Section        0  fft_analyzer.o(.text.fft_normalize)
    [Anonymous Symbol]                       0x0800bf60   Section        0  fft_analyzer.o(.text.fft_prepare)
    [Anonymous Symbol]                       0x0800c258   Section        0  fft_analyzer.o(.text.fft_process)
    [Anonymous Symbol]                       0x0800c5d0   Section        0  main.o(.text.main)
    i.__0snprintf                            0x0800c790   Section        0  printfa.o(i.__0snprintf)
    i.__0vsnprintf                           0x0800c7c4   Section        0  printfa.o(i.__0vsnprintf)
    i.__ARM_fpclassifyf                      0x0800c7f8   Section        0  fpclassifyf.o(i.__ARM_fpclassifyf)
    i.__hardfp_atan2f                        0x0800c820   Section        0  atan2f.o(i.__hardfp_atan2f)
    i.__hardfp_sqrtf                         0x0800cacc   Section        0  sqrtf.o(i.__hardfp_sqrtf)
    i.__mathlib_flt_infnan2                  0x0800cb06   Section        0  funder.o(i.__mathlib_flt_infnan2)
    i.__mathlib_flt_underflow                0x0800cb0c   Section        0  funder.o(i.__mathlib_flt_underflow)
    i.__scatterload_copy                     0x0800cb1c   Section       14  handlers.o(i.__scatterload_copy)
    i.__scatterload_null                     0x0800cb2a   Section        2  handlers.o(i.__scatterload_null)
    i.__scatterload_zeroinit                 0x0800cb2c   Section       14  handlers.o(i.__scatterload_zeroinit)
    i.__set_errno                            0x0800cb3c   Section        0  errno.o(i.__set_errno)
    _fp_digits                               0x0800cb49   Thumb Code   366  printfa.o(i._fp_digits)
    i._fp_digits                             0x0800cb48   Section        0  printfa.o(i._fp_digits)
    _printf_core                             0x0800cccd   Thumb Code  1744  printfa.o(i._printf_core)
    i._printf_core                           0x0800cccc   Section        0  printfa.o(i._printf_core)
    _printf_post_padding                     0x0800d3a9   Thumb Code    36  printfa.o(i._printf_post_padding)
    i._printf_post_padding                   0x0800d3a8   Section        0  printfa.o(i._printf_post_padding)
    _printf_pre_padding                      0x0800d3cd   Thumb Code    46  printfa.o(i._printf_pre_padding)
    i._printf_pre_padding                    0x0800d3cc   Section        0  printfa.o(i._printf_pre_padding)
    _snputc                                  0x0800d3fb   Thumb Code    22  printfa.o(i._snputc)
    i._snputc                                0x0800d3fa   Section        0  printfa.o(i._snputc)
    UARTEx_SetNbDataToProcess.numerator      0x08011348   Data           8  stm32h7xx_hal_uart_ex.o(.rodata.cst8)
    [Anonymous Symbol]                       0x08011348   Section        0  stm32h7xx_hal_uart_ex.o(.rodata.cst8)
    UARTEx_SetNbDataToProcess.denominator    0x08011350   Data           8  stm32h7xx_hal_uart_ex.o(.rodata.cst8)
    .L.str                                   0x08011358   Data           8  serial.o(.rodata.str1.1)
    [Anonymous Symbol]                       0x08011358   Section        0  serial.o(.rodata.str1.1)
    .L.str.6                                 0x08011369   Data           8  serial.o(.rodata.str1.1)
    .L.str.5                                 0x08011371   Data           7  serial.o(.rodata.str1.1)
    .L.str.7                                 0x08011378   Data           7  serial.o(.rodata.str1.1)
    .L.str.8                                 0x0801137f   Data           7  serial.o(.rodata.str1.1)
    .L.str.9                                 0x08011386   Data           7  serial.o(.rodata.str1.1)
    .L.str.16                                0x0801138d   Data           8  serial.o(.rodata.str1.1)
    .L.str.17                                0x08011395   Data           9  serial.o(.rodata.str1.1)
    .L.str.18                                0x0801139e   Data           9  serial.o(.rodata.str1.1)
    _errno                                   0x24002000   Data           4  errno.o(.data)
    .data                                    0x24002000   Section        4  errno.o(.data)
    g_sweep_freq_hz                          0x2400200c   Data           4  tasks.o(.data.g_sweep_freq_hz)
    [Anonymous Symbol]                       0x2400200c   Section        0  tasks.o(.data.g_sweep_freq_hz)
    profile11                                0x24002010   Data           8  ad9910.o(.data.profile11)
    [Anonymous Symbol]                       0x24002010   Section        0  ad9910.o(.data.profile11)
    fft_get_axis.inited                      0x24002020   Data           1  fft_analyzer.o(.bss.fft_get_axis.inited)
    [Anonymous Symbol]                       0x24002020   Section        0  fft_analyzer.o(.bss.fft_get_axis.inited)
    g_fft_in                                 0x24002024   Data       32768  adc_task.o(.bss.g_fft_in)
    [Anonymous Symbol]                       0x24002024   Section        0  adc_task.o(.bss.g_fft_in)
    g_fft_out                                0x2400a024   Data       40960  adc_task.o(.bss.g_fft_out)
    [Anonymous Symbol]                       0x2400a024   Section        0  adc_task.o(.bss.g_fft_out)
    g_hadc                                   0x24014024   Data           4  adc_task.o(.bss.g_hadc)
    [Anonymous Symbol]                       0x24014024   Section        0  adc_task.o(.bss.g_hadc)
    g_htim                                   0x2401402c   Data           4  adc_task.o(.bss.g_htim)
    [Anonymous Symbol]                       0x2401402c   Section        0  adc_task.o(.bss.g_htim)
    g_peaks                                  0x24014030   Data           6  adc_task.o(.bss.g_peaks)
    [Anonymous Symbol]                       0x24014030   Section        0  adc_task.o(.bss.g_peaks)
    rx_buf                                   0x24014344   Data         500  serial.o(.bss.rx_buf)
    [Anonymous Symbol]                       0x24014344   Section        0  serial.o(.bss.rx_buf)
    s_last_tick                              0x24014538   Data           2  scheduler.o(.bss.s_last_tick)
    [Anonymous Symbol]                       0x24014538   Section        0  scheduler.o(.bss.s_last_tick)
    STACK                                    0x24014540   Section     1024  startup_stm32h743xx.o(STACK)
    fft_get_axis.axis                        0x30000000   Data        8192  fft_analyzer.o(.SRAM1)
    [Anonymous Symbol]                       0x30000000   Section        0  fft_analyzer.o(.SRAM1)

    Global Symbols

    Symbol Name                              Value     Ov Type        Size  Object(Section)

    BuildAttributes$$THM_ISAv4$E$P$D$K$B$S$7EM$VFPv5_D16$PE$PLD8$A:L22UL41UL21$X:L11$S22US41US21$IEEE1$IW$~IW$USESV6$~STKCKD$USESV7$~SHL$OTIME$ROPI$IEEEX$EBA8$MICROLIB$REQ8$PRES8$EABIv2 0x00000000   Number         0  anon$$obj.o ABSOLUTE
    _printf_a                                0x00000000   Number         0  printfstubs.o ABSOLUTE
    _printf_c                                0x00000000   Number         0  printfstubs.o ABSOLUTE
    _printf_charcount                        0x00000000   Number         0  printfstubs.o ABSOLUTE
    _printf_d                                0x00000000   Number         0  printfstubs.o ABSOLUTE
    _printf_e                                0x00000000   Number         0  printfstubs.o ABSOLUTE
    _printf_f                                0x00000000   Number         0  printfstubs.o ABSOLUTE
    _printf_flags                            0x00000000   Number         0  printfstubs.o ABSOLUTE
    _printf_fp_dec                           0x00000000   Number         0  printfstubs.o ABSOLUTE
    _printf_fp_hex                           0x00000000   Number         0  printfstubs.o ABSOLUTE
    _printf_g                                0x00000000   Number         0  printfstubs.o ABSOLUTE
    _printf_i                                0x00000000   Number         0  printfstubs.o ABSOLUTE
    _printf_int_dec                          0x00000000   Number         0  printfstubs.o ABSOLUTE
    _printf_l                                0x00000000   Number         0  printfstubs.o ABSOLUTE
    _printf_lc                               0x00000000   Number         0  printfstubs.o ABSOLUTE
    _printf_ll                               0x00000000   Number         0  printfstubs.o ABSOLUTE
    _printf_lld                              0x00000000   Number         0  printfstubs.o ABSOLUTE
    _printf_lli                              0x00000000   Number         0  printfstubs.o ABSOLUTE
    _printf_llo                              0x00000000   Number         0  printfstubs.o ABSOLUTE
    _printf_llu                              0x00000000   Number         0  printfstubs.o ABSOLUTE
    _printf_llx                              0x00000000   Number         0  printfstubs.o ABSOLUTE
    _printf_longlong_dec                     0x00000000   Number         0  printfstubs.o ABSOLUTE
    _printf_longlong_hex                     0x00000000   Number         0  printfstubs.o ABSOLUTE
    _printf_longlong_oct                     0x00000000   Number         0  printfstubs.o ABSOLUTE
    _printf_ls                               0x00000000   Number         0  printfstubs.o ABSOLUTE
    _printf_mbtowc                           0x00000000   Number         0  printfstubs.o ABSOLUTE
    _printf_n                                0x00000000   Number         0  printfstubs.o ABSOLUTE
    _printf_o                                0x00000000   Number         0  printfstubs.o ABSOLUTE
    _printf_p                                0x00000000   Number         0  printfstubs.o ABSOLUTE
    _printf_percent                          0x00000000   Number         0  printfstubs.o ABSOLUTE
    _printf_pre_padding                      0x00000000   Number         0  printfstubs.o ABSOLUTE
    _printf_return_value                     0x00000000   Number         0  printfstubs.o ABSOLUTE
    _printf_s                                0x00000000   Number         0  printfstubs.o ABSOLUTE
    _printf_sizespec                         0x00000000   Number         0  printfstubs.o ABSOLUTE
    _printf_str                              0x00000000   Number         0  printfstubs.o ABSOLUTE
    _printf_truncate_signed                  0x00000000   Number         0  printfstubs.o ABSOLUTE
    _printf_truncate_unsigned                0x00000000   Number         0  printfstubs.o ABSOLUTE
    _printf_u                                0x00000000   Number         0  printfstubs.o ABSOLUTE
    _printf_wc                               0x00000000   Number         0  printfstubs.o ABSOLUTE
    _printf_wctomb                           0x00000000   Number         0  printfstubs.o ABSOLUTE
    _printf_widthprec                        0x00000000   Number         0  printfstubs.o ABSOLUTE
    _printf_x                                0x00000000   Number         0  printfstubs.o ABSOLUTE
    __cpp_initialize__aeabi_                  - Undefined Weak Reference
    __cxa_finalize                            - Undefined Weak Reference
    _clock_init                               - Undefined Weak Reference
    _microlib_exit                            - Undefined Weak Reference
    __Vectors_Size                           0x00000298   Number         0  startup_stm32h743xx.o ABSOLUTE
    __Vectors                                0x08000000   Data           4  startup_stm32h743xx.o(RESET)
    __Vectors_End                            0x08000298   Data           0  startup_stm32h743xx.o(RESET)
    __main                                   0x08000299   Thumb Code     0  entry.o(.ARM.Collect$$$$00000000)
    _main_stk                                0x08000299   Thumb Code     0  entry2.o(.ARM.Collect$$$$00000001)
    _main_scatterload                        0x0800029d   Thumb Code     0  entry5.o(.ARM.Collect$$$$00000004)
    __main_after_scatterload                 0x080002a1   Thumb Code     0  entry5.o(.ARM.Collect$$$$00000004)
    _main_clock                              0x080002a1   Thumb Code     0  entry7b.o(.ARM.Collect$$$$00000008)
    _main_cpp_init                           0x080002a1   Thumb Code     0  entry8b.o(.ARM.Collect$$$$0000000A)
    _main_init                               0x080002a1   Thumb Code     0  entry9a.o(.ARM.Collect$$$$0000000B)
    __rt_final_cpp                           0x080002a9   Thumb Code     0  entry10a.o(.ARM.Collect$$$$0000000D)
    __rt_final_exit                          0x080002a9   Thumb Code     0  entry11a.o(.ARM.Collect$$$$0000000F)
    Reset_Handler                            0x080002ad   Thumb Code    12  startup_stm32h743xx.o(.text)
    ADC3_IRQHandler                          0x080002cb   Thumb Code     0  startup_stm32h743xx.o(.text)
    ADC_IRQHandler                           0x080002cb   Thumb Code     0  startup_stm32h743xx.o(.text)
    BDMA_Channel0_IRQHandler                 0x080002cb   Thumb Code     0  startup_stm32h743xx.o(.text)
    BDMA_Channel1_IRQHandler                 0x080002cb   Thumb Code     0  startup_stm32h743xx.o(.text)
    BDMA_Channel2_IRQHandler                 0x080002cb   Thumb Code     0  startup_stm32h743xx.o(.text)
    BDMA_Channel3_IRQHandler                 0x080002cb   Thumb Code     0  startup_stm32h743xx.o(.text)
    BDMA_Channel4_IRQHandler                 0x080002cb   Thumb Code     0  startup_stm32h743xx.o(.text)
    BDMA_Channel5_IRQHandler                 0x080002cb   Thumb Code     0  startup_stm32h743xx.o(.text)
    BDMA_Channel6_IRQHandler                 0x080002cb   Thumb Code     0  startup_stm32h743xx.o(.text)
    BDMA_Channel7_IRQHandler                 0x080002cb   Thumb Code     0  startup_stm32h743xx.o(.text)
    CEC_IRQHandler                           0x080002cb   Thumb Code     0  startup_stm32h743xx.o(.text)
    COMP1_IRQHandler                         0x080002cb   Thumb Code     0  startup_stm32h743xx.o(.text)
    CRS_IRQHandler                           0x080002cb   Thumb Code     0  startup_stm32h743xx.o(.text)
    DCMI_IRQHandler                          0x080002cb   Thumb Code     0  startup_stm32h743xx.o(.text)
    DFSDM1_FLT0_IRQHandler                   0x080002cb   Thumb Code     0  startup_stm32h743xx.o(.text)
    DFSDM1_FLT1_IRQHandler                   0x080002cb   Thumb Code     0  startup_stm32h743xx.o(.text)
    DFSDM1_FLT2_IRQHandler                   0x080002cb   Thumb Code     0  startup_stm32h743xx.o(.text)
    DFSDM1_FLT3_IRQHandler                   0x080002cb   Thumb Code     0  startup_stm32h743xx.o(.text)
    DMA1_Stream1_IRQHandler                  0x080002cb   Thumb Code     0  startup_stm32h743xx.o(.text)
    DMA1_Stream2_IRQHandler                  0x080002cb   Thumb Code     0  startup_stm32h743xx.o(.text)
    DMA1_Stream3_IRQHandler                  0x080002cb   Thumb Code     0  startup_stm32h743xx.o(.text)
    DMA1_Stream4_IRQHandler                  0x080002cb   Thumb Code     0  startup_stm32h743xx.o(.text)
    DMA1_Stream5_IRQHandler                  0x080002cb   Thumb Code     0  startup_stm32h743xx.o(.text)
    DMA1_Stream6_IRQHandler                  0x080002cb   Thumb Code     0  startup_stm32h743xx.o(.text)
    DMA1_Stream7_IRQHandler                  0x080002cb   Thumb Code     0  startup_stm32h743xx.o(.text)
    DMA2D_IRQHandler                         0x080002cb   Thumb Code     0  startup_stm32h743xx.o(.text)
    DMA2_Stream0_IRQHandler                  0x080002cb   Thumb Code     0  startup_stm32h743xx.o(.text)
    DMA2_Stream1_IRQHandler                  0x080002cb   Thumb Code     0  startup_stm32h743xx.o(.text)
    DMA2_Stream2_IRQHandler                  0x080002cb   Thumb Code     0  startup_stm32h743xx.o(.text)
    DMA2_Stream3_IRQHandler                  0x080002cb   Thumb Code     0  startup_stm32h743xx.o(.text)
    DMA2_Stream4_IRQHandler                  0x080002cb   Thumb Code     0  startup_stm32h743xx.o(.text)
    DMA2_Stream5_IRQHandler                  0x080002cb   Thumb Code     0  startup_stm32h743xx.o(.text)
    DMA2_Stream6_IRQHandler                  0x080002cb   Thumb Code     0  startup_stm32h743xx.o(.text)
    DMA2_Stream7_IRQHandler                  0x080002cb   Thumb Code     0  startup_stm32h743xx.o(.text)
    DMAMUX1_OVR_IRQHandler                   0x080002cb   Thumb Code     0  startup_stm32h743xx.o(.text)
    DMAMUX2_OVR_IRQHandler                   0x080002cb   Thumb Code     0  startup_stm32h743xx.o(.text)
    ECC_IRQHandler                           0x080002cb   Thumb Code     0  startup_stm32h743xx.o(.text)
    ETH_IRQHandler                           0x080002cb   Thumb Code     0  startup_stm32h743xx.o(.text)
    ETH_WKUP_IRQHandler                      0x080002cb   Thumb Code     0  startup_stm32h743xx.o(.text)
    EXTI0_IRQHandler                         0x080002cb   Thumb Code     0  startup_stm32h743xx.o(.text)
    EXTI15_10_IRQHandler                     0x080002cb   Thumb Code     0  startup_stm32h743xx.o(.text)
    EXTI1_IRQHandler                         0x080002cb   Thumb Code     0  startup_stm32h743xx.o(.text)
    EXTI2_IRQHandler                         0x080002cb   Thumb Code     0  startup_stm32h743xx.o(.text)
    EXTI3_IRQHandler                         0x080002cb   Thumb Code     0  startup_stm32h743xx.o(.text)
    EXTI4_IRQHandler                         0x080002cb   Thumb Code     0  startup_stm32h743xx.o(.text)
    EXTI9_5_IRQHandler                       0x080002cb   Thumb Code     0  startup_stm32h743xx.o(.text)
    FDCAN1_IT0_IRQHandler                    0x080002cb   Thumb Code     0  startup_stm32h743xx.o(.text)
    FDCAN1_IT1_IRQHandler                    0x080002cb   Thumb Code     0  startup_stm32h743xx.o(.text)
    FDCAN2_IT0_IRQHandler                    0x080002cb   Thumb Code     0  startup_stm32h743xx.o(.text)
    FDCAN2_IT1_IRQHandler                    0x080002cb   Thumb Code     0  startup_stm32h743xx.o(.text)
    FDCAN_CAL_IRQHandler                     0x080002cb   Thumb Code     0  startup_stm32h743xx.o(.text)
    FLASH_IRQHandler                         0x080002cb   Thumb Code     0  startup_stm32h743xx.o(.text)
    FMC_IRQHandler                           0x080002cb   Thumb Code     0  startup_stm32h743xx.o(.text)
    FPU_IRQHandler                           0x080002cb   Thumb Code     0  startup_stm32h743xx.o(.text)
    HRTIM1_FLT_IRQHandler                    0x080002cb   Thumb Code     0  startup_stm32h743xx.o(.text)
    HRTIM1_Master_IRQHandler                 0x080002cb   Thumb Code     0  startup_stm32h743xx.o(.text)
    HRTIM1_TIMA_IRQHandler                   0x080002cb   Thumb Code     0  startup_stm32h743xx.o(.text)
    HRTIM1_TIMB_IRQHandler                   0x080002cb   Thumb Code     0  startup_stm32h743xx.o(.text)
    HRTIM1_TIMC_IRQHandler                   0x080002cb   Thumb Code     0  startup_stm32h743xx.o(.text)
    HRTIM1_TIMD_IRQHandler                   0x080002cb   Thumb Code     0  startup_stm32h743xx.o(.text)
    HRTIM1_TIME_IRQHandler                   0x080002cb   Thumb Code     0  startup_stm32h743xx.o(.text)
    HSEM1_IRQHandler                         0x080002cb   Thumb Code     0  startup_stm32h743xx.o(.text)
    I2C1_ER_IRQHandler                       0x080002cb   Thumb Code     0  startup_stm32h743xx.o(.text)
    I2C1_EV_IRQHandler                       0x080002cb   Thumb Code     0  startup_stm32h743xx.o(.text)
    I2C2_ER_IRQHandler                       0x080002cb   Thumb Code     0  startup_stm32h743xx.o(.text)
    I2C2_EV_IRQHandler                       0x080002cb   Thumb Code     0  startup_stm32h743xx.o(.text)
    I2C3_ER_IRQHandler                       0x080002cb   Thumb Code     0  startup_stm32h743xx.o(.text)
    I2C3_EV_IRQHandler                       0x080002cb   Thumb Code     0  startup_stm32h743xx.o(.text)
    I2C4_ER_IRQHandler                       0x080002cb   Thumb Code     0  startup_stm32h743xx.o(.text)
    I2C4_EV_IRQHandler                       0x080002cb   Thumb Code     0  startup_stm32h743xx.o(.text)
    JPEG_IRQHandler                          0x080002cb   Thumb Code     0  startup_stm32h743xx.o(.text)
    LPTIM1_IRQHandler                        0x080002cb   Thumb Code     0  startup_stm32h743xx.o(.text)
    LPTIM2_IRQHandler                        0x080002cb   Thumb Code     0  startup_stm32h743xx.o(.text)
    LPTIM3_IRQHandler                        0x080002cb   Thumb Code     0  startup_stm32h743xx.o(.text)
    LPTIM4_IRQHandler                        0x080002cb   Thumb Code     0  startup_stm32h743xx.o(.text)
    LPTIM5_IRQHandler                        0x080002cb   Thumb Code     0  startup_stm32h743xx.o(.text)
    LPUART1_IRQHandler                       0x080002cb   Thumb Code     0  startup_stm32h743xx.o(.text)
    LTDC_ER_IRQHandler                       0x080002cb   Thumb Code     0  startup_stm32h743xx.o(.text)
    LTDC_IRQHandler                          0x080002cb   Thumb Code     0  startup_stm32h743xx.o(.text)
    MDIOS_IRQHandler                         0x080002cb   Thumb Code     0  startup_stm32h743xx.o(.text)
    MDIOS_WKUP_IRQHandler                    0x080002cb   Thumb Code     0  startup_stm32h743xx.o(.text)
    MDMA_IRQHandler                          0x080002cb   Thumb Code     0  startup_stm32h743xx.o(.text)
    OTG_FS_EP1_IN_IRQHandler                 0x080002cb   Thumb Code     0  startup_stm32h743xx.o(.text)
    OTG_FS_EP1_OUT_IRQHandler                0x080002cb   Thumb Code     0  startup_stm32h743xx.o(.text)
    OTG_FS_IRQHandler                        0x080002cb   Thumb Code     0  startup_stm32h743xx.o(.text)
    OTG_FS_WKUP_IRQHandler                   0x080002cb   Thumb Code     0  startup_stm32h743xx.o(.text)
    OTG_HS_EP1_IN_IRQHandler                 0x080002cb   Thumb Code     0  startup_stm32h743xx.o(.text)
    OTG_HS_EP1_OUT_IRQHandler                0x080002cb   Thumb Code     0  startup_stm32h743xx.o(.text)
    OTG_HS_IRQHandler                        0x080002cb   Thumb Code     0  startup_stm32h743xx.o(.text)
    OTG_HS_WKUP_IRQHandler                   0x080002cb   Thumb Code     0  startup_stm32h743xx.o(.text)
    PVD_AVD_IRQHandler                       0x080002cb   Thumb Code     0  startup_stm32h743xx.o(.text)
    QUADSPI_IRQHandler                       0x080002cb   Thumb Code     0  startup_stm32h743xx.o(.text)
    RCC_IRQHandler                           0x080002cb   Thumb Code     0  startup_stm32h743xx.o(.text)
    RNG_IRQHandler                           0x080002cb   Thumb Code     0  startup_stm32h743xx.o(.text)
    RTC_Alarm_IRQHandler                     0x080002cb   Thumb Code     0  startup_stm32h743xx.o(.text)
    RTC_WKUP_IRQHandler                      0x080002cb   Thumb Code     0  startup_stm32h743xx.o(.text)
    SAI1_IRQHandler                          0x080002cb   Thumb Code     0  startup_stm32h743xx.o(.text)
    SAI2_IRQHandler                          0x080002cb   Thumb Code     0  startup_stm32h743xx.o(.text)
    SAI3_IRQHandler                          0x080002cb   Thumb Code     0  startup_stm32h743xx.o(.text)
    SAI4_IRQHandler                          0x080002cb   Thumb Code     0  startup_stm32h743xx.o(.text)
    SDMMC1_IRQHandler                        0x080002cb   Thumb Code     0  startup_stm32h743xx.o(.text)
    SDMMC2_IRQHandler                        0x080002cb   Thumb Code     0  startup_stm32h743xx.o(.text)
    SPDIF_RX_IRQHandler                      0x080002cb   Thumb Code     0  startup_stm32h743xx.o(.text)
    SPI1_IRQHandler                          0x080002cb   Thumb Code     0  startup_stm32h743xx.o(.text)
    SPI2_IRQHandler                          0x080002cb   Thumb Code     0  startup_stm32h743xx.o(.text)
    SPI3_IRQHandler                          0x080002cb   Thumb Code     0  startup_stm32h743xx.o(.text)
    SPI4_IRQHandler                          0x080002cb   Thumb Code     0  startup_stm32h743xx.o(.text)
    SPI5_IRQHandler                          0x080002cb   Thumb Code     0  startup_stm32h743xx.o(.text)
    SPI6_IRQHandler                          0x080002cb   Thumb Code     0  startup_stm32h743xx.o(.text)
    SWPMI1_IRQHandler                        0x080002cb   Thumb Code     0  startup_stm32h743xx.o(.text)
    TAMP_STAMP_IRQHandler                    0x080002cb   Thumb Code     0  startup_stm32h743xx.o(.text)
    TIM15_IRQHandler                         0x080002cb   Thumb Code     0  startup_stm32h743xx.o(.text)
    TIM16_IRQHandler                         0x080002cb   Thumb Code     0  startup_stm32h743xx.o(.text)
    TIM17_IRQHandler                         0x080002cb   Thumb Code     0  startup_stm32h743xx.o(.text)
    TIM1_BRK_IRQHandler                      0x080002cb   Thumb Code     0  startup_stm32h743xx.o(.text)
    TIM1_CC_IRQHandler                       0x080002cb   Thumb Code     0  startup_stm32h743xx.o(.text)
    TIM1_TRG_COM_IRQHandler                  0x080002cb   Thumb Code     0  startup_stm32h743xx.o(.text)
    TIM1_UP_IRQHandler                       0x080002cb   Thumb Code     0  startup_stm32h743xx.o(.text)
    TIM2_IRQHandler                          0x080002cb   Thumb Code     0  startup_stm32h743xx.o(.text)
    TIM3_IRQHandler                          0x080002cb   Thumb Code     0  startup_stm32h743xx.o(.text)
    TIM4_IRQHandler                          0x080002cb   Thumb Code     0  startup_stm32h743xx.o(.text)
    TIM5_IRQHandler                          0x080002cb   Thumb Code     0  startup_stm32h743xx.o(.text)
    TIM6_DAC_IRQHandler                      0x080002cb   Thumb Code     0  startup_stm32h743xx.o(.text)
    TIM7_IRQHandler                          0x080002cb   Thumb Code     0  startup_stm32h743xx.o(.text)
    TIM8_BRK_TIM12_IRQHandler                0x080002cb   Thumb Code     0  startup_stm32h743xx.o(.text)
    TIM8_CC_IRQHandler                       0x080002cb   Thumb Code     0  startup_stm32h743xx.o(.text)
    TIM8_TRG_COM_TIM14_IRQHandler            0x080002cb   Thumb Code     0  startup_stm32h743xx.o(.text)
    TIM8_UP_TIM13_IRQHandler                 0x080002cb   Thumb Code     0  startup_stm32h743xx.o(.text)
    UART4_IRQHandler                         0x080002cb   Thumb Code     0  startup_stm32h743xx.o(.text)
    UART5_IRQHandler                         0x080002cb   Thumb Code     0  startup_stm32h743xx.o(.text)
    UART7_IRQHandler                         0x080002cb   Thumb Code     0  startup_stm32h743xx.o(.text)
    UART8_IRQHandler                         0x080002cb   Thumb Code     0  startup_stm32h743xx.o(.text)
    USART1_IRQHandler                        0x080002cb   Thumb Code     0  startup_stm32h743xx.o(.text)
    USART2_IRQHandler                        0x080002cb   Thumb Code     0  startup_stm32h743xx.o(.text)
    USART6_IRQHandler                        0x080002cb   Thumb Code     0  startup_stm32h743xx.o(.text)
    WAKEUP_PIN_IRQHandler                    0x080002cb   Thumb Code     0  startup_stm32h743xx.o(.text)
    WWDG_IRQHandler                          0x080002cb   Thumb Code     0  startup_stm32h743xx.o(.text)
    arm_radix8_butterfly_f32                 0x080002d9   Thumb Code  2126  arm_cfft_radix8_f32.o(.text)
    __aeabi_uldivmod                         0x08000b2d   Thumb Code    98  uldiv.o(.text)
    __aeabi_memset                           0x08000b8f   Thumb Code    14  memseta.o(.text)
    __aeabi_memset4                          0x08000b8f   Thumb Code     0  memseta.o(.text)
    __aeabi_memset8                          0x08000b8f   Thumb Code     0  memseta.o(.text)
    __aeabi_memclr                           0x08000b9d   Thumb Code     4  memseta.o(.text)
    __aeabi_memclr4                          0x08000b9d   Thumb Code     0  memseta.o(.text)
    __aeabi_memclr8                          0x08000b9d   Thumb Code     0  memseta.o(.text)
    _memset$wrapper                          0x08000ba1   Thumb Code    18  memseta.o(.text)
    __aeabi_fadd                             0x08000bb3   Thumb Code   164  fadd.o(.text)
    __aeabi_fsub                             0x08000c57   Thumb Code     6  fadd.o(.text)
    __aeabi_frsub                            0x08000c5d   Thumb Code     6  fadd.o(.text)
    __aeabi_fmul                             0x08000c63   Thumb Code   100  fmul.o(.text)
    __aeabi_uidiv                            0x08000cc7   Thumb Code     0  uidiv.o(.text)
    __aeabi_uidivmod                         0x08000cc7   Thumb Code    44  uidiv.o(.text)
    __aeabi_llsl                             0x08000cf3   Thumb Code    30  llshl.o(.text)
    _ll_shift_l                              0x08000cf3   Thumb Code     0  llshl.o(.text)
    __aeabi_llsr                             0x08000d11   Thumb Code    32  llushr.o(.text)
    _ll_ushift_r                             0x08000d11   Thumb Code     0  llushr.o(.text)
    __I$use$fp                               0x08000d31   Thumb Code     0  iusefp.o(.text)
    _float_round                             0x08000d31   Thumb Code    18  fepilogue.o(.text)
    _float_epilogue                          0x08000d43   Thumb Code    92  fepilogue.o(.text)
    __aeabi_dadd                             0x08000d9f   Thumb Code   322  dadd.o(.text)
    __aeabi_dsub                             0x08000ee1   Thumb Code     6  dadd.o(.text)
    __aeabi_drsub                            0x08000ee7   Thumb Code     6  dadd.o(.text)
    __aeabi_dmul                             0x08000eed   Thumb Code   228  dmul.o(.text)
    __aeabi_ddiv                             0x08000fd1   Thumb Code   222  ddiv.o(.text)
    __aeabi_d2ulz                            0x080010af   Thumb Code    48  dfixul.o(.text)
    __aeabi_cdrcmple                         0x080010e1   Thumb Code    48  cdrcmple.o(.text)
    __scatterload                            0x08001111   Thumb Code    28  init.o(.text)
    __scatterload_rt2                        0x08001111   Thumb Code     0  init.o(.text)
    __aeabi_lasr                             0x08001135   Thumb Code    36  llsshr.o(.text)
    _ll_sshift_r                             0x08001135   Thumb Code     0  llsshr.o(.text)
    _double_round                            0x08001159   Thumb Code    30  depilogue.o(.text)
    _double_epilogue                         0x08001177   Thumb Code   156  depilogue.o(.text)
    __decompress                             0x08001213   Thumb Code     0  __dczerorl.o(.text)
    __decompress0                            0x08001213   Thumb Code    58  __dczerorl.o(.text)
    AD9910_FreWrite                          0x08001251   Thumb Code    40  ad9910.o(.text.AD9910_FreWrite)
    ADC_ConfigureBoostMode                   0x08001279   Thumb Code   278  stm32h7xx_hal_adc.o(.text.ADC_ConfigureBoostMode)
    ADC_ConversionStop                       0x08001391   Thumb Code   236  stm32h7xx_hal_adc.o(.text.ADC_ConversionStop)
    ADC_DMAConvCplt                          0x08001481   Thumb Code   108  stm32h7xx_hal_adc.o(.text.ADC_DMAConvCplt)
    ADC_DMAError                             0x080014f1   Thumb Code    22  stm32h7xx_hal_adc.o(.text.ADC_DMAError)
    ADC_DMAHalfConvCplt                      0x08001509   Thumb Code     6  stm32h7xx_hal_adc.o(.text.ADC_DMAHalfConvCplt)
    ADC_Disable                              0x08001511   Thumb Code   124  stm32h7xx_hal_adc.o(.text.ADC_Disable)
    ADC_Enable                               0x08001591   Thumb Code   184  stm32h7xx_hal_adc.o(.text.ADC_Enable)
    ADC_Task_FFT                             0x08001649   Thumb Code    78  adc_task.o(.text.ADC_Task_FFT)
    ADC_Task_Init                            0x08001699   Thumb Code    34  adc_task.o(.text.ADC_Task_Init)
    ADC_Task_Start                           0x080016c1   Thumb Code    46  adc_task.o(.text.ADC_Task_Start)
    ADC_Task_Stop                            0x080016f1   Thumb Code    34  adc_task.o(.text.ADC_Task_Stop)
    App_process                              0x08001719   Thumb Code   100  tasks.o(.text.App_process)
    BusFault_Handler                         0x08001781   Thumb Code     2  stm32h7xx_it.o(.text.BusFault_Handler)
    DMA1_Stream0_IRQHandler                  0x08001789   Thumb Code    12  stm32h7xx_it.o(.text.DMA1_Stream0_IRQHandler)
    DebugMon_Handler                         0x08001bb1   Thumb Code     2  stm32h7xx_it.o(.text.DebugMon_Handler)
    Error_Handler                            0x08001bb9   Thumb Code     6  main.o(.text.Error_Handler)
    ExitRun0Mode                             0x08001bc1   Thumb Code    44  system_stm32h7xx.o(.text.ExitRun0Mode)
    HAL_ADCEx_MultiModeConfigChannel         0x08001bf1   Thumb Code   170  stm32h7xx_hal_adc_ex.o(.text.HAL_ADCEx_MultiModeConfigChannel)
    HAL_ADC_ConfigChannel                    0x08001ca1   Thumb Code  1172  stm32h7xx_hal_adc.o(.text.HAL_ADC_ConfigChannel)
    HAL_ADC_ConvCpltCallback                 0x08002139   Thumb Code    30  main.o(.text.HAL_ADC_ConvCpltCallback)
    HAL_ADC_ConvHalfCpltCallback             0x08002159   Thumb Code     2  stm32h7xx_hal_adc.o(.text.HAL_ADC_ConvHalfCpltCallback)
    HAL_ADC_ErrorCallback                    0x08002161   Thumb Code     2  stm32h7xx_hal_adc.o(.text.HAL_ADC_ErrorCallback)
    HAL_ADC_Init                             0x08002169   Thumb Code   598  stm32h7xx_hal_adc.o(.text.HAL_ADC_Init)
    HAL_ADC_MspInit                          0x080023c1   Thumb Code   228  adc.o(.text.HAL_ADC_MspInit)
    HAL_ADC_Start_DMA                        0x080024a9   Thumb Code   286  stm32h7xx_hal_adc.o(.text.HAL_ADC_Start_DMA)
    HAL_ADC_Stop_DMA                         0x080025c9   Thumb Code   132  stm32h7xx_hal_adc.o(.text.HAL_ADC_Stop_DMA)
    HAL_DMA_Abort                            0x08002651   Thumb Code  1264  stm32h7xx_hal_dma.o(.text.HAL_DMA_Abort)
    HAL_DMA_Abort_IT                         0x08002b41   Thumb Code   668  stm32h7xx_hal_dma.o(.text.HAL_DMA_Abort_IT)
    HAL_DMA_IRQHandler                       0x08002de1   Thumb Code  2022  stm32h7xx_hal_dma.o(.text.HAL_DMA_IRQHandler)
    HAL_DMA_Init                             0x080035c9   Thumb Code  1588  stm32h7xx_hal_dma.o(.text.HAL_DMA_Init)
    HAL_DMA_Start_IT                         0x08003c01   Thumb Code   898  stm32h7xx_hal_dma.o(.text.HAL_DMA_Start_IT)
    HAL_Delay                                0x08003f89   Thumb Code    40  stm32h7xx_hal.o(.text.HAL_Delay)
    HAL_GPIO_Init                            0x08003fb1   Thumb Code   496  stm32h7xx_hal_gpio.o(.text.HAL_GPIO_Init)
    HAL_GPIO_ReadPin                         0x080041a1   Thumb Code    10  stm32h7xx_hal_gpio.o(.text.HAL_GPIO_ReadPin)
    HAL_GPIO_WritePin                        0x080041b1   Thumb Code    10  stm32h7xx_hal_gpio.o(.text.HAL_GPIO_WritePin)
    HAL_GetREVID                             0x080041c1   Thumb Code    14  stm32h7xx_hal.o(.text.HAL_GetREVID)
    HAL_GetTick                              0x080041d1   Thumb Code    12  stm32h7xx_hal.o(.text.HAL_GetTick)
    HAL_IncTick                              0x080041e1   Thumb Code    26  stm32h7xx_hal.o(.text.HAL_IncTick)
    HAL_Init                                 0x08004201   Thumb Code   100  stm32h7xx_hal.o(.text.HAL_Init)
    HAL_InitTick                             0x08004269   Thumb Code    84  stm32h7xx_hal.o(.text.HAL_InitTick)
    HAL_MPU_ConfigRegion                     0x080042c1   Thumb Code    94  stm32h7xx_hal_cortex.o(.text.HAL_MPU_ConfigRegion)
    HAL_MPU_Disable                          0x08004321   Thumb Code    26  stm32h7xx_hal_cortex.o(.text.HAL_MPU_Disable)
    HAL_MPU_Enable                           0x08004341   Thumb Code    32  stm32h7xx_hal_cortex.o(.text.HAL_MPU_Enable)
    HAL_MspInit                              0x08004361   Thumb Code    32  stm32h7xx_hal_msp.o(.text.HAL_MspInit)
    HAL_NVIC_EnableIRQ                       0x08004381   Thumb Code    32  stm32h7xx_hal_cortex.o(.text.HAL_NVIC_EnableIRQ)
    HAL_NVIC_SetPriority                     0x080043a1   Thumb Code    94  stm32h7xx_hal_cortex.o(.text.HAL_NVIC_SetPriority)
    HAL_NVIC_SetPriorityGrouping             0x08004401   Thumb Code    32  stm32h7xx_hal_cortex.o(.text.HAL_NVIC_SetPriorityGrouping)
    HAL_PWREx_ConfigSupply                   0x08004421   Thumb Code    72  stm32h7xx_hal_pwr_ex.o(.text.HAL_PWREx_ConfigSupply)
    HAL_RCCEx_GetD3PCLK1Freq                 0x08004469   Thumb Code    38  stm32h7xx_hal_rcc_ex.o(.text.HAL_RCCEx_GetD3PCLK1Freq)
    HAL_RCCEx_GetPLL1ClockFreq               0x08004491   Thumb Code   296  stm32h7xx_hal_rcc_ex.o(.text.HAL_RCCEx_GetPLL1ClockFreq)
    HAL_RCCEx_GetPLL2ClockFreq               0x080045b9   Thumb Code   292  stm32h7xx_hal_rcc_ex.o(.text.HAL_RCCEx_GetPLL2ClockFreq)
    HAL_RCCEx_GetPLL3ClockFreq               0x080046e1   Thumb Code   292  stm32h7xx_hal_rcc_ex.o(.text.HAL_RCCEx_GetPLL3ClockFreq)
    HAL_RCCEx_GetPeriphCLKFreq               0x08004809   Thumb Code   914  stm32h7xx_hal_rcc_ex.o(.text.HAL_RCCEx_GetPeriphCLKFreq)
    HAL_RCCEx_PeriphCLKConfig                0x08004ba1   Thumb Code  2482  stm32h7xx_hal_rcc_ex.o(.text.HAL_RCCEx_PeriphCLKConfig)
    HAL_RCC_ClockConfig                      0x08005559   Thumb Code   612  stm32h7xx_hal_rcc.o(.text.HAL_RCC_ClockConfig)
    HAL_RCC_GetHCLKFreq                      0x080057c1   Thumb Code    76  stm32h7xx_hal_rcc.o(.text.HAL_RCC_GetHCLKFreq)
    HAL_RCC_GetPCLK1Freq                     0x08005811   Thumb Code    96  stm32h7xx_hal_rcc.o(.text.HAL_RCC_GetPCLK1Freq)
    HAL_RCC_GetPCLK2Freq                     0x08005871   Thumb Code    96  stm32h7xx_hal_rcc.o(.text.HAL_RCC_GetPCLK2Freq)
    HAL_RCC_GetSysClockFreq                  0x080058d1   Thumb Code   264  stm32h7xx_hal_rcc.o(.text.HAL_RCC_GetSysClockFreq)
    HAL_RCC_OscConfig                        0x080059d9   Thumb Code  1342  stm32h7xx_hal_rcc.o(.text.HAL_RCC_OscConfig)
    HAL_SYSTICK_Config                       0x08005f19   Thumb Code    44  stm32h7xx_hal_cortex.o(.text.HAL_SYSTICK_Config)
    HAL_TIMEx_MasterConfigSynchronization    0x08005f49   Thumb Code   198  stm32h7xx_hal_tim_ex.o(.text.HAL_TIMEx_MasterConfigSynchronization)
    HAL_TIM_Base_Init                        0x08006011   Thumb Code    96  stm32h7xx_hal_tim.o(.text.HAL_TIM_Base_Init)
    HAL_TIM_Base_MspInit                     0x08006071   Thumb Code   178  tim.o(.text.HAL_TIM_Base_MspInit)
    HAL_TIM_Base_Start                       0x08006129   Thumb Code   170  stm32h7xx_hal_tim.o(.text.HAL_TIM_Base_Start)
    HAL_TIM_Base_Stop                        0x080061d9   Thumb Code    46  stm32h7xx_hal_tim.o(.text.HAL_TIM_Base_Stop)
    HAL_TIM_ConfigClockSource                0x08006209   Thumb Code   678  stm32h7xx_hal_tim.o(.text.HAL_TIM_ConfigClockSource)
    HAL_TIM_IC_ConfigChannel                 0x080064b1   Thumb Code   342  stm32h7xx_hal_tim.o(.text.HAL_TIM_IC_ConfigChannel)
    HAL_TIM_IC_Init                          0x08006609   Thumb Code    96  stm32h7xx_hal_tim.o(.text.HAL_TIM_IC_Init)
    HAL_TIM_IC_MspInit                       0x08006669   Thumb Code     2  stm32h7xx_hal_tim.o(.text.HAL_TIM_IC_MspInit)
    HAL_TIM_SlaveConfigSynchro               0x08006671   Thumb Code    74  stm32h7xx_hal_tim.o(.text.HAL_TIM_SlaveConfigSynchro)
    HAL_UARTEx_DisableFifoMode               0x080066c1   Thumb Code    54  stm32h7xx_hal_uart_ex.o(.text.HAL_UARTEx_DisableFifoMode)
    HAL_UARTEx_ReceiveToIdle_IT              0x080066f9   Thumb Code   164  stm32h7xx_hal_uart_ex.o(.text.HAL_UARTEx_ReceiveToIdle_IT)
    HAL_UARTEx_RxEventCallback               0x080067a1   Thumb Code     2  stm32h7xx_hal_uart.o(.text.HAL_UARTEx_RxEventCallback)
    HAL_UARTEx_RxFifoFullCallback            0x080067a9   Thumb Code     2  stm32h7xx_hal_uart_ex.o(.text.HAL_UARTEx_RxFifoFullCallback)
    HAL_UARTEx_SetRxFifoThreshold            0x080067b1   Thumb Code   140  stm32h7xx_hal_uart_ex.o(.text.HAL_UARTEx_SetRxFifoThreshold)
    HAL_UARTEx_SetTxFifoThreshold            0x08006841   Thumb Code   140  stm32h7xx_hal_uart_ex.o(.text.HAL_UARTEx_SetTxFifoThreshold)
    HAL_UARTEx_TxFifoEmptyCallback           0x080068d1   Thumb Code     2  stm32h7xx_hal_uart_ex.o(.text.HAL_UARTEx_TxFifoEmptyCallback)
    HAL_UARTEx_WakeupCallback                0x080068d9   Thumb Code     2  stm32h7xx_hal_uart_ex.o(.text.HAL_UARTEx_WakeupCallback)
    HAL_UART_ErrorCallback                   0x080068e1   Thumb Code     2  stm32h7xx_hal_uart.o(.text.HAL_UART_ErrorCallback)
    HAL_UART_IRQHandler                      0x080068e9   Thumb Code  1666  stm32h7xx_hal_uart.o(.text.HAL_UART_IRQHandler)
    HAL_UART_Init                            0x08006f71   Thumb Code   102  stm32h7xx_hal_uart.o(.text.HAL_UART_Init)
    HAL_UART_MspInit                         0x08006fd9   Thumb Code   270  usart.o(.text.HAL_UART_MspInit)
    HAL_UART_RxCpltCallback                  0x080070e9   Thumb Code     2  stm32h7xx_hal_uart.o(.text.HAL_UART_RxCpltCallback)
    HAL_UART_Transmit                        0x080070f1   Thumb Code   262  stm32h7xx_hal_uart.o(.text.HAL_UART_Transmit)
    HAL_UART_TxCpltCallback                  0x080071f9   Thumb Code     2  stm32h7xx_hal_uart.o(.text.HAL_UART_TxCpltCallback)
    HMI_Init                                 0x08007201   Thumb Code     4  serial.o(.text.HMI_Init)
    HMI_ReportWave                           0x08007269   Thumb Code   432  serial.o(.text.HMI_ReportWave)
    HMI_SendInitScreen                       0x08007419   Thumb Code   108  serial.o(.text.HMI_SendInitScreen)
    HardFault_Handler                        0x08007491   Thumb Code     2  stm32h7xx_it.o(.text.HardFault_Handler)
    Init_AD9910                              0x08007499   Thumb Code  3848  ad9910.o(.text.Init_AD9910)
    MX_ADC1_Init                             0x080083a1   Thumb Code   178  adc.o(.text.MX_ADC1_Init)
    MX_DMA_Init                              0x08008459   Thumb Code    52  dma.o(.text.MX_DMA_Init)
    MX_GPIO_Init                             0x08008491   Thumb Code   338  gpio.o(.text.MX_GPIO_Init)
    MX_TIM1_Init                             0x080085e9   Thumb Code   120  tim.o(.text.MX_TIM1_Init)
    MX_TIM2_Init                             0x08008661   Thumb Code   176  tim.o(.text.MX_TIM2_Init)
    MX_TIM3_Init                             0x08008711   Thumb Code   120  tim.o(.text.MX_TIM3_Init)
    MX_USART1_UART_Init                      0x08008789   Thumb Code   124  usart.o(.text.MX_USART1_UART_Init)
    MX_USART3_UART_Init                      0x08008809   Thumb Code   124  usart.o(.text.MX_USART3_UART_Init)
    MemManage_Handler                        0x08008889   Thumb Code     2  stm32h7xx_it.o(.text.MemManage_Handler)
    NMI_Handler                              0x08008891   Thumb Code     2  stm32h7xx_it.o(.text.NMI_Handler)
    PendSV_Handler                           0x08008899   Thumb Code     2  stm32h7xx_it.o(.text.PendSV_Handler)
    SVC_Handler                              0x08008ae1   Thumb Code     2  stm32h7xx_it.o(.text.SVC_Handler)
    Scheduler_Init                           0x08008ae9   Thumb Code    34  scheduler.o(.text.Scheduler_Init)
    Scheduler_Run                            0x08008b11   Thumb Code   218  scheduler.o(.text.Scheduler_Run)
    Serial_RxInit                            0x08008bf1   Thumb Code    16  serial.o(.text.Serial_RxInit)
    Serial_Send                              0x08008c01   Thumb Code   224  serial.o(.text.Serial_Send)
    SysTick_Handler                          0x08008ce1   Thumb Code     4  stm32h7xx_it.o(.text.SysTick_Handler)
    SystemClock_Config                       0x08008ce9   Thumb Code   210  main.o(.text.SystemClock_Config)
    SystemInit                               0x08008dc1   Thumb Code   238  system_stm32h7xx.o(.text.SystemInit)
    TIM_Base_SetConfig                       0x08008eb1   Thumb Code   320  stm32h7xx_hal_tim.o(.text.TIM_Base_SetConfig)
    TIM_TI1_SetConfig                        0x080091e9   Thumb Code   246  stm32h7xx_hal_tim.o(.text.TIM_TI1_SetConfig)
    Task_100ms                               0x080092e1   Thumb Code     2  tasks.o(.text.Task_100ms)
    Task_10ms                                0x080092e9   Thumb Code     2  tasks.o(.text.Task_10ms)
    Task_1min                                0x080092f1   Thumb Code     2  tasks.o(.text.Task_1min)
    Task_1ms                                 0x080092f9   Thumb Code     2  scheduler.o(.text.Task_1ms)
    Task_1sec                                0x08009301   Thumb Code    20  tasks.o(.text.Task_1sec)
    Txfrc                                    0x08009319   Thumb Code   582  ad9910.o(.text.Txfrc)
    UART_AdvFeatureConfig                    0x08009561   Thumb Code   224  stm32h7xx_hal_uart.o(.text.UART_AdvFeatureConfig)
    UART_CheckIdleState                      0x08009641   Thumb Code   370  stm32h7xx_hal_uart.o(.text.UART_CheckIdleState)
    UART_SetConfig                           0x0800a199   Thumb Code  1354  stm32h7xx_hal_uart.o(.text.UART_SetConfig)
    UART_Start_Receive_IT                    0x0800a6e9   Thumb Code   620  stm32h7xx_hal_uart.o(.text.UART_Start_Receive_IT)
    UART_WaitOnFlagUntilTimeout              0x0800a959   Thumb Code   812  stm32h7xx_hal_uart.o(.text.UART_WaitOnFlagUntilTimeout)
    USART3_IRQHandler                        0x0800ac89   Thumb Code    12  stm32h7xx_it.o(.text.USART3_IRQHandler)
    UsageFault_Handler                       0x0800ac99   Thumb Code     2  stm32h7xx_it.o(.text.UsageFault_Handler)
    arm_bitreversal_32_extra                 0x0800aca1   Thumb Code   368  arm_bitreversal2_extra.o(.text.arm_bitreversal_32_extra)
    arm_cfft_f32_extra                       0x0800ae11   Thumb Code   532  arm_cfft_f32_extra.o(.text.arm_cfft_f32_extra)
    arm_cfft_radix8by2_f32_extra             0x0800b029   Thumb Code   400  arm_cfft_f32_extra.o(.text.arm_cfft_radix8by2_f32_extra)
    arm_cfft_radix8by4_f32_extra             0x0800b1b9   Thumb Code  1214  arm_cfft_f32_extra.o(.text.arm_cfft_radix8by4_f32_extra)
    fft_find_peaks                           0x0800b679   Thumb Code  1816  fft_analyzer.o(.text.fft_find_peaks)
    fft_normalize                            0x0800bd91   Thumb Code   460  fft_analyzer.o(.text.fft_normalize)
    fft_prepare                              0x0800bf61   Thumb Code   760  fft_analyzer.o(.text.fft_prepare)
    fft_process                              0x0800c259   Thumb Code   888  fft_analyzer.o(.text.fft_process)
    main                                     0x0800c5d1   Thumb Code   448  main.o(.text.main)
    __0snprintf                              0x0800c791   Thumb Code    48  printfa.o(i.__0snprintf)
    __1snprintf                              0x0800c791   Thumb Code     0  printfa.o(i.__0snprintf)
    __2snprintf                              0x0800c791   Thumb Code     0  printfa.o(i.__0snprintf)
    __c89snprintf                            0x0800c791   Thumb Code     0  printfa.o(i.__0snprintf)
    snprintf                                 0x0800c791   Thumb Code     0  printfa.o(i.__0snprintf)
    __0vsnprintf                             0x0800c7c5   Thumb Code    46  printfa.o(i.__0vsnprintf)
    __1vsnprintf                             0x0800c7c5   Thumb Code     0  printfa.o(i.__0vsnprintf)
    __2vsnprintf                             0x0800c7c5   Thumb Code     0  printfa.o(i.__0vsnprintf)
    __c89vsnprintf                           0x0800c7c5   Thumb Code     0  printfa.o(i.__0vsnprintf)
    vsnprintf                                0x0800c7c5   Thumb Code     0  printfa.o(i.__0vsnprintf)
    __ARM_fpclassifyf                        0x0800c7f9   Thumb Code    38  fpclassifyf.o(i.__ARM_fpclassifyf)
    __hardfp_atan2f                          0x0800c821   Thumb Code   594  atan2f.o(i.__hardfp_atan2f)
    __hardfp_sqrtf                           0x0800cacd   Thumb Code    58  sqrtf.o(i.__hardfp_sqrtf)
    __mathlib_flt_infnan2                    0x0800cb07   Thumb Code     6  funder.o(i.__mathlib_flt_infnan2)
    __mathlib_flt_underflow                  0x0800cb0d   Thumb Code    10  funder.o(i.__mathlib_flt_underflow)
    __scatterload_copy                       0x0800cb1d   Thumb Code    14  handlers.o(i.__scatterload_copy)
    __scatterload_null                       0x0800cb2b   Thumb Code     2  handlers.o(i.__scatterload_null)
    __scatterload_zeroinit                   0x0800cb2d   Thumb Code    14  handlers.o(i.__scatterload_zeroinit)
    __set_errno                              0x0800cb3d   Thumb Code     6  errno.o(i.__set_errno)
    D1CorePrescTable                         0x0800d410   Data          16  system_stm32h7xx.o(.rodata.D1CorePrescTable)
    UARTPrescTable                           0x0800d420   Data          24  stm32h7xx_hal_uart.o(.rodata.UARTPrescTable)
    armBitRevIndexTableExtra4096             0x0800d438   Data       16128  arm_common_tables_extra.o(.rodata.armBitRevIndexTableExtra4096)
    arm_cfft_sR_f32_len4096_extra            0x08011338   Data          16  arm_const_structs_extra.o(.rodata.arm_cfft_sR_f32_len4096_extra)
    twiddleCoefExtra_4096                    0x080113a8   Data       32768  arm_common_tables_extra.o(.rodata.twiddleCoefExtra_4096)
    Region$$Table$$Base                      0x080193a8   Number         0  anon$$obj.o(Region$$Table)
    Region$$Table$$Limit                     0x080193d8   Number         0  anon$$obj.o(Region$$Table)
    g_adc_buffer                             0x24000000   Data        8192  adc_task.o(.AXI_SRAM)
    SystemCoreClock                          0x24002004   Data           4  system_stm32h7xx.o(.data.SystemCoreClock)
    SystemD2Clock                            0x24002008   Data           4  system_stm32h7xx.o(.data.SystemD2Clock)
    uwTickFreq                               0x24002018   Data           1  stm32h7xx_hal.o(.data.uwTickFreq)
    uwTickPrio                               0x2400201c   Data           4  stm32h7xx_hal.o(.data.uwTickPrio)
    g_adc_dma_done                           0x24002021   Data           1  adc_task.o(.bss.g_adc_dma_done)
    g_hmi                                    0x24014028   Data           4  tasks.o(.bss.g_hmi)
    g_sched                                  0x24014038   Data          10  scheduler.o(.bss.g_sched)
    g_wave_info                              0x24014044   Data          24  tasks.o(.bss.g_wave_info)
    hadc1                                    0x2401405c   Data         100  adc.o(.bss.hadc1)
    hdma_adc1                                0x240140c0   Data         120  adc.o(.bss.hdma_adc1)
    htim1                                    0x24014138   Data          76  tim.o(.bss.htim1)
    htim2                                    0x24014184   Data          76  tim.o(.bss.htim2)
    htim3                                    0x240141d0   Data          76  tim.o(.bss.htim3)
    huart1                                   0x2401421c   Data         148  usart.o(.bss.huart1)
    huart3                                   0x240142b0   Data         148  usart.o(.bss.huart3)
    uwTick                                   0x2401453c   Data           4  stm32h7xx_hal.o(.bss.uwTick)
    __initial_sp                             0x24014940   Data           0  startup_stm32h743xx.o(STACK)



==============================================================================

Memory Map of the image

  Image Entry point : 0x08000299

  Load Region LR_IROM1 (Base: 0x08000000, Size: 0x0001d3f8, Max: 0x00100000, ABSOLUTE, COMPRESSED[0x00019474])

    Execution Region ER_IROM1 (Exec base: 0x08000000, Load base: 0x08000000, Size: 0x000193d8, Max: 0x00100000, ABSOLUTE)

    Exec Addr    Load Addr    Size         Type   Attr      Idx    E Section Name        Object

    0x08000000   0x08000000   0x00000298   Data   RO            3    RESET               startup_stm32h743xx.o
    0x08000298   0x08000298   0x00000000   Code   RO         2630  * .ARM.Collect$$$$00000000  mc_w.l(entry.o)
    0x08000298   0x08000298   0x00000004   Code   RO         2926    .ARM.Collect$$$$00000001  mc_w.l(entry2.o)
    0x0800029c   0x0800029c   0x00000004   Code   RO         2929    .ARM.Collect$$$$00000004  mc_w.l(entry5.o)
    0x080002a0   0x080002a0   0x00000000   Code   RO         2931    .ARM.Collect$$$$00000008  mc_w.l(entry7b.o)
    0x080002a0   0x080002a0   0x00000000   Code   RO         2933    .ARM.Collect$$$$0000000A  mc_w.l(entry8b.o)
    0x080002a0   0x080002a0   0x00000008   Code   RO         2934    .ARM.Collect$$$$0000000B  mc_w.l(entry9a.o)
    0x080002a8   0x080002a8   0x00000000   Code   RO         2936    .ARM.Collect$$$$0000000D  mc_w.l(entry10a.o)
    0x080002a8   0x080002a8   0x00000000   Code   RO         2938    .ARM.Collect$$$$0000000F  mc_w.l(entry11a.o)
    0x080002a8   0x080002a8   0x00000004   Code   RO         2927    .ARM.Collect$$$$00002712  mc_w.l(entry2.o)
    0x080002ac   0x080002ac   0x0000002c   Code   RO            4    .text               startup_stm32h743xx.o
    0x080002d8   0x080002d8   0x00000854   Code   RO         2379    .text               arm_cortexM7l_math.lib(arm_cfft_radix8_f32.o)
    0x08000b2c   0x08000b2c   0x00000062   Code   RO         2633    .text               mc_w.l(uldiv.o)
    0x08000b8e   0x08000b8e   0x00000024   Code   RO         2635    .text               mc_w.l(memseta.o)
    0x08000bb2   0x08000bb2   0x000000b0   Code   RO         2898    .text               mf_w.l(fadd.o)
    0x08000c62   0x08000c62   0x00000064   Code   RO         2900    .text               mf_w.l(fmul.o)
    0x08000cc6   0x08000cc6   0x0000002c   Code   RO         2954    .text               mc_w.l(uidiv.o)
    0x08000cf2   0x08000cf2   0x0000001e   Code   RO         2956    .text               mc_w.l(llshl.o)
    0x08000d10   0x08000d10   0x00000020   Code   RO         2958    .text               mc_w.l(llushr.o)
    0x08000d30   0x08000d30   0x00000000   Code   RO         2967    .text               mc_w.l(iusefp.o)
    0x08000d30   0x08000d30   0x0000006e   Code   RO         2968    .text               mf_w.l(fepilogue.o)
    0x08000d9e   0x08000d9e   0x0000014e   Code   RO         2970    .text               mf_w.l(dadd.o)
    0x08000eec   0x08000eec   0x000000e4   Code   RO         2972    .text               mf_w.l(dmul.o)
    0x08000fd0   0x08000fd0   0x000000de   Code   RO         2974    .text               mf_w.l(ddiv.o)
    0x080010ae   0x080010ae   0x00000030   Code   RO         2976    .text               mf_w.l(dfixul.o)
    0x080010de   0x080010de   0x00000002   PAD
    0x080010e0   0x080010e0   0x00000030   Code   RO         2978    .text               mf_w.l(cdrcmple.o)
    0x08001110   0x08001110   0x00000024   Code   RO         2980    .text               mc_w.l(init.o)
    0x08001134   0x08001134   0x00000024   Code   RO         2983    .text               mc_w.l(llsshr.o)
    0x08001158   0x08001158   0x000000ba   Code   RO         2986    .text               mf_w.l(depilogue.o)
    0x08001212   0x08001212   0x0000003a   Code   RO         2996    .text               mc_w.l(__dczerorl.o)
    0x0800124c   0x0800124c   0x00000004   PAD
    0x08001250   0x08001250   0x00000028   Code   RO         1746    .text.AD9910_FreWrite  ad9910.o
    0x08001278   0x08001278   0x00000116   Code   RO          144    .text.ADC_ConfigureBoostMode  stm32h7xx_hal_adc.o
    0x0800138e   0x0800138e   0x00000002   PAD
    0x08001390   0x08001390   0x000000ec   Code   RO          148    .text.ADC_ConversionStop  stm32h7xx_hal_adc.o
    0x0800147c   0x0800147c   0x00000004   PAD
    0x08001480   0x08001480   0x0000006c   Code   RO          170    .text.ADC_DMAConvCplt  stm32h7xx_hal_adc.o
    0x080014ec   0x080014ec   0x00000004   PAD
    0x080014f0   0x080014f0   0x00000016   Code   RO          174    .text.ADC_DMAError  stm32h7xx_hal_adc.o
    0x08001506   0x08001506   0x00000002   PAD
    0x08001508   0x08001508   0x00000006   Code   RO          172    .text.ADC_DMAHalfConvCplt  stm32h7xx_hal_adc.o
    0x0800150e   0x0800150e   0x00000002   PAD
    0x08001510   0x08001510   0x0000007c   Code   RO          150    .text.ADC_Disable   stm32h7xx_hal_adc.o
    0x0800158c   0x0800158c   0x00000004   PAD
    0x08001590   0x08001590   0x000000b8   Code   RO          156    .text.ADC_Enable    stm32h7xx_hal_adc.o
    0x08001648   0x08001648   0x0000004e   Code   RO         1879    .text.ADC_Task_FFT  adc_task.o
    0x08001696   0x08001696   0x00000002   PAD
    0x08001698   0x08001698   0x00000022   Code   RO         1871    .text.ADC_Task_Init  adc_task.o
    0x080016ba   0x080016ba   0x00000006   PAD
    0x080016c0   0x080016c0   0x0000002e   Code   RO         1873    .text.ADC_Task_Start  adc_task.o
    0x080016ee   0x080016ee   0x00000002   PAD
    0x080016f0   0x080016f0   0x00000022   Code   RO         1875    .text.ADC_Task_Stop  adc_task.o
    0x08001712   0x08001712   0x00000006   PAD
    0x08001718   0x08001718   0x00000064   Code   RO         1922    .text.App_process   tasks.o
    0x0800177c   0x0800177c   0x00000004   PAD
    0x08001780   0x08001780   0x00000002   Code   RO          109    .text.BusFault_Handler  stm32h7xx_it.o
    0x08001782   0x08001782   0x00000006   PAD
    0x08001788   0x08001788   0x0000000c   Code   RO          121    .text.DMA1_Stream0_IRQHandler  stm32h7xx_it.o
    0x08001794   0x08001794   0x00000004   PAD
    0x08001798   0x08001798   0x00000118   Code   RO          495    .text.DMA_CalcBaseAndBitshift  stm32h7xx_hal_dma.o
    0x080018b0   0x080018b0   0x000002fe   Code   RO          501    .text.DMA_SetConfig  stm32h7xx_hal_dma.o
    0x08001bae   0x08001bae   0x00000002   PAD
    0x08001bb0   0x08001bb0   0x00000002   Code   RO          115    .text.DebugMon_Handler  stm32h7xx_it.o
    0x08001bb2   0x08001bb2   0x00000006   PAD
    0x08001bb8   0x08001bb8   0x00000006   Code   RO           15    .text.Error_Handler  main.o
    0x08001bbe   0x08001bbe   0x00000002   PAD
    0x08001bc0   0x08001bc0   0x0000002c   Code   RO         1597    .text.ExitRun0Mode  system_stm32h7xx.o
    0x08001bec   0x08001bec   0x00000004   PAD
    0x08001bf0   0x08001bf0   0x000000aa   Code   RO          256    .text.HAL_ADCEx_MultiModeConfigChannel  stm32h7xx_hal_adc_ex.o
    0x08001c9a   0x08001c9a   0x00000006   PAD
    0x08001ca0   0x08001ca0   0x00000494   Code   RO          190    .text.HAL_ADC_ConfigChannel  stm32h7xx_hal_adc.o
    0x08002134   0x08002134   0x00000004   PAD
    0x08002138   0x08002138   0x0000001e   Code   RO           17    .text.HAL_ADC_ConvCpltCallback  main.o
    0x08002156   0x08002156   0x00000002   PAD
    0x08002158   0x08002158   0x00000002   Code   RO          188    .text.HAL_ADC_ConvHalfCpltCallback  stm32h7xx_hal_adc.o
    0x0800215a   0x0800215a   0x00000006   PAD
    0x08002160   0x08002160   0x00000002   Code   RO          186    .text.HAL_ADC_ErrorCallback  stm32h7xx_hal_adc.o
    0x08002162   0x08002162   0x00000006   PAD
    0x08002168   0x08002168   0x00000256   Code   RO          140    .text.HAL_ADC_Init  stm32h7xx_hal_adc.o
    0x080023be   0x080023be   0x00000002   PAD
    0x080023c0   0x080023c0   0x000000e4   Code   RO           41    .text.HAL_ADC_MspInit  adc.o
    0x080024a4   0x080024a4   0x00000004   PAD
    0x080024a8   0x080024a8   0x0000011e   Code   RO          168    .text.HAL_ADC_Start_DMA  stm32h7xx_hal_adc.o
    0x080025c6   0x080025c6   0x00000002   PAD
    0x080025c8   0x080025c8   0x00000084   Code   RO          176    .text.HAL_ADC_Stop_DMA  stm32h7xx_hal_adc.o
    0x0800264c   0x0800264c   0x00000004   PAD
    0x08002650   0x08002650   0x000004f0   Code   RO          505    .text.HAL_DMA_Abort  stm32h7xx_hal_dma.o
    0x08002b40   0x08002b40   0x0000029c   Code   RO          507    .text.HAL_DMA_Abort_IT  stm32h7xx_hal_dma.o
    0x08002ddc   0x08002ddc   0x00000004   PAD
    0x08002de0   0x08002de0   0x000007e6   Code   RO          511    .text.HAL_DMA_IRQHandler  stm32h7xx_hal_dma.o
    0x080035c6   0x080035c6   0x00000002   PAD
    0x080035c8   0x080035c8   0x00000634   Code   RO          493    .text.HAL_DMA_Init  stm32h7xx_hal_dma.o
    0x08003bfc   0x08003bfc   0x00000004   PAD
    0x08003c00   0x08003c00   0x00000382   Code   RO          503    .text.HAL_DMA_Start_IT  stm32h7xx_hal_dma.o
    0x08003f82   0x08003f82   0x00000006   PAD
    0x08003f88   0x08003f88   0x00000028   Code   RO          803    .text.HAL_Delay     stm32h7xx_hal.o
    0x08003fb0   0x08003fb0   0x000001f0   Code   RO          439    .text.HAL_GPIO_Init  stm32h7xx_hal_gpio.o
    0x080041a0   0x080041a0   0x0000000a   Code   RO          443    .text.HAL_GPIO_ReadPin  stm32h7xx_hal_gpio.o
    0x080041aa   0x080041aa   0x00000006   PAD
    0x080041b0   0x080041b0   0x0000000a   Code   RO          445    .text.HAL_GPIO_WritePin  stm32h7xx_hal_gpio.o
    0x080041ba   0x080041ba   0x00000006   PAD
    0x080041c0   0x080041c0   0x0000000e   Code   RO          811    .text.HAL_GetREVID  stm32h7xx_hal.o
    0x080041ce   0x080041ce   0x00000002   PAD
    0x080041d0   0x080041d0   0x0000000c   Code   RO          795    .text.HAL_GetTick   stm32h7xx_hal.o
    0x080041dc   0x080041dc   0x00000004   PAD
    0x080041e0   0x080041e0   0x0000001a   Code   RO          793    .text.HAL_IncTick   stm32h7xx_hal.o
    0x080041fa   0x080041fa   0x00000006   PAD
    0x08004200   0x08004200   0x00000064   Code   RO          783    .text.HAL_Init      stm32h7xx_hal.o
    0x08004264   0x08004264   0x00000004   PAD
    0x08004268   0x08004268   0x00000054   Code   RO          785    .text.HAL_InitTick  stm32h7xx_hal.o
    0x080042bc   0x080042bc   0x00000004   PAD
    0x080042c0   0x080042c0   0x0000005e   Code   RO          753    .text.HAL_MPU_ConfigRegion  stm32h7xx_hal_cortex.o
    0x0800431e   0x0800431e   0x00000002   PAD
    0x08004320   0x08004320   0x0000001a   Code   RO          745    .text.HAL_MPU_Disable  stm32h7xx_hal_cortex.o
    0x0800433a   0x0800433a   0x00000006   PAD
    0x08004340   0x08004340   0x00000020   Code   RO          747    .text.HAL_MPU_Enable  stm32h7xx_hal_cortex.o
    0x08004360   0x08004360   0x00000020   Code   RO          132    .text.HAL_MspInit   stm32h7xx_hal_msp.o
    0x08004380   0x08004380   0x00000020   Code   RO          735    .text.HAL_NVIC_EnableIRQ  stm32h7xx_hal_cortex.o
    0x080043a0   0x080043a0   0x0000005e   Code   RO          733    .text.HAL_NVIC_SetPriority  stm32h7xx_hal_cortex.o
    0x080043fe   0x080043fe   0x00000002   PAD
    0x08004400   0x08004400   0x00000020   Code   RO          731    .text.HAL_NVIC_SetPriorityGrouping  stm32h7xx_hal_cortex.o
    0x08004420   0x08004420   0x00000048   Code   RO          643    .text.HAL_PWREx_ConfigSupply  stm32h7xx_hal_pwr_ex.o
    0x08004468   0x08004468   0x00000026   Code   RO          326    .text.HAL_RCCEx_GetD3PCLK1Freq  stm32h7xx_hal_rcc_ex.o
    0x0800448e   0x0800448e   0x00000002   PAD
    0x08004490   0x08004490   0x00000128   Code   RO          320    .text.HAL_RCCEx_GetPLL1ClockFreq  stm32h7xx_hal_rcc_ex.o
    0x080045b8   0x080045b8   0x00000124   Code   RO          322    .text.HAL_RCCEx_GetPLL2ClockFreq  stm32h7xx_hal_rcc_ex.o
    0x080046dc   0x080046dc   0x00000004   PAD
    0x080046e0   0x080046e0   0x00000124   Code   RO          324    .text.HAL_RCCEx_GetPLL3ClockFreq  stm32h7xx_hal_rcc_ex.o
    0x08004804   0x08004804   0x00000004   PAD
    0x08004808   0x08004808   0x00000392   Code   RO          318    .text.HAL_RCCEx_GetPeriphCLKFreq  stm32h7xx_hal_rcc_ex.o
    0x08004b9a   0x08004b9a   0x00000006   PAD
    0x08004ba0   0x08004ba0   0x000009b2   Code   RO          310    .text.HAL_RCCEx_PeriphCLKConfig  stm32h7xx_hal_rcc_ex.o
    0x08005552   0x08005552   0x00000006   PAD
    0x08005558   0x08005558   0x00000264   Code   RO          278    .text.HAL_RCC_ClockConfig  stm32h7xx_hal_rcc.o
    0x080057bc   0x080057bc   0x00000004   PAD
    0x080057c0   0x080057c0   0x0000004c   Code   RO          288    .text.HAL_RCC_GetHCLKFreq  stm32h7xx_hal_rcc.o
    0x0800580c   0x0800580c   0x00000004   PAD
    0x08005810   0x08005810   0x00000060   Code   RO          290    .text.HAL_RCC_GetPCLK1Freq  stm32h7xx_hal_rcc.o
    0x08005870   0x08005870   0x00000060   Code   RO          292    .text.HAL_RCC_GetPCLK2Freq  stm32h7xx_hal_rcc.o
    0x080058d0   0x080058d0   0x00000108   Code   RO          280    .text.HAL_RCC_GetSysClockFreq  stm32h7xx_hal_rcc.o
    0x080059d8   0x080059d8   0x0000053e   Code   RO          276    .text.HAL_RCC_OscConfig  stm32h7xx_hal_rcc.o
    0x08005f16   0x08005f16   0x00000002   PAD
    0x08005f18   0x08005f18   0x0000002c   Code   RO          743    .text.HAL_SYSTICK_Config  stm32h7xx_hal_cortex.o
    0x08005f44   0x08005f44   0x00000004   PAD
    0x08005f48   0x08005f48   0x000000c6   Code   RO         1377    .text.HAL_TIMEx_MasterConfigSynchronization  stm32h7xx_hal_tim_ex.o
    0x0800600e   0x0800600e   0x00000002   PAD
    0x08006010   0x08006010   0x00000060   Code   RO         1080    .text.HAL_TIM_Base_Init  stm32h7xx_hal_tim.o
    0x08006070   0x08006070   0x000000b2   Code   RO           70    .text.HAL_TIM_Base_MspInit  tim.o
    0x08006122   0x08006122   0x00000006   PAD
    0x08006128   0x08006128   0x000000aa   Code   RO         1090    .text.HAL_TIM_Base_Start  stm32h7xx_hal_tim.o
    0x080061d2   0x080061d2   0x00000006   PAD
    0x080061d8   0x080061d8   0x0000002e   Code   RO         1092    .text.HAL_TIM_Base_Stop  stm32h7xx_hal_tim.o
    0x08006206   0x08006206   0x00000002   PAD
    0x08006208   0x08006208   0x000002a6   Code   RO         1262    .text.HAL_TIM_ConfigClockSource  stm32h7xx_hal_tim.o
    0x080064ae   0x080064ae   0x00000002   PAD
    0x080064b0   0x080064b0   0x00000156   Code   RO         1232    .text.HAL_TIM_IC_ConfigChannel  stm32h7xx_hal_tim.o
    0x08006606   0x08006606   0x00000002   PAD
    0x08006608   0x08006608   0x00000060   Code   RO         1154    .text.HAL_TIM_IC_Init  stm32h7xx_hal_tim.o
    0x08006668   0x08006668   0x00000002   Code   RO         1156    .text.HAL_TIM_IC_MspInit  stm32h7xx_hal_tim.o
    0x0800666a   0x0800666a   0x00000006   PAD
    0x08006670   0x08006670   0x0000004a   Code   RO         1266    .text.HAL_TIM_SlaveConfigSynchro  stm32h7xx_hal_tim.o
    0x080066ba   0x080066ba   0x00000006   PAD
    0x080066c0   0x080066c0   0x00000036   Code   RO         1570    .text.HAL_UARTEx_DisableFifoMode  stm32h7xx_hal_uart_ex.o
    0x080066f6   0x080066f6   0x00000002   PAD
    0x080066f8   0x080066f8   0x000000a4   Code   RO         1578    .text.HAL_UARTEx_ReceiveToIdle_IT  stm32h7xx_hal_uart_ex.o
    0x0800679c   0x0800679c   0x00000004   PAD
    0x080067a0   0x080067a0   0x00000002   Code   RO         1499    .text.HAL_UARTEx_RxEventCallback  stm32h7xx_hal_uart.o
    0x080067a2   0x080067a2   0x00000006   PAD
    0x080067a8   0x080067a8   0x00000002   Code   RO         1556    .text.HAL_UARTEx_RxFifoFullCallback  stm32h7xx_hal_uart_ex.o
    0x080067aa   0x080067aa   0x00000006   PAD
    0x080067b0   0x080067b0   0x0000008c   Code   RO         1574    .text.HAL_UARTEx_SetRxFifoThreshold  stm32h7xx_hal_uart_ex.o
    0x0800683c   0x0800683c   0x00000004   PAD
    0x08006840   0x08006840   0x0000008c   Code   RO         1572    .text.HAL_UARTEx_SetTxFifoThreshold  stm32h7xx_hal_uart_ex.o
    0x080068cc   0x080068cc   0x00000004   PAD
    0x080068d0   0x080068d0   0x00000002   Code   RO         1558    .text.HAL_UARTEx_TxFifoEmptyCallback  stm32h7xx_hal_uart_ex.o
    0x080068d2   0x080068d2   0x00000006   PAD
    0x080068d8   0x080068d8   0x00000002   Code   RO         1554    .text.HAL_UARTEx_WakeupCallback  stm32h7xx_hal_uart_ex.o
    0x080068da   0x080068da   0x00000006   PAD
    0x080068e0   0x080068e0   0x00000002   Code   RO         1497    .text.HAL_UART_ErrorCallback  stm32h7xx_hal_uart.o
    0x080068e2   0x080068e2   0x00000006   PAD
    0x080068e8   0x080068e8   0x00000682   Code   RO         1493    .text.HAL_UART_IRQHandler  stm32h7xx_hal_uart.o
    0x08006f6a   0x08006f6a   0x00000006   PAD
    0x08006f70   0x08006f70   0x00000066   Code   RO         1409    .text.HAL_UART_Init  stm32h7xx_hal_uart.o
    0x08006fd6   0x08006fd6   0x00000002   PAD
    0x08006fd8   0x08006fd8   0x0000010e   Code   RO           89    .text.HAL_UART_MspInit  usart.o
    0x080070e6   0x080070e6   0x00000002   PAD
    0x080070e8   0x080070e8   0x00000002   Code   RO         1505    .text.HAL_UART_RxCpltCallback  stm32h7xx_hal_uart.o
    0x080070ea   0x080070ea   0x00000006   PAD
    0x080070f0   0x080070f0   0x00000106   Code   RO         1429    .text.HAL_UART_Transmit  stm32h7xx_hal_uart.o
    0x080071f6   0x080071f6   0x00000002   PAD
    0x080071f8   0x080071f8   0x00000002   Code   RO         1501    .text.HAL_UART_TxCpltCallback  stm32h7xx_hal_uart.o
    0x080071fa   0x080071fa   0x00000006   PAD
    0x08007200   0x08007200   0x00000004   Code   RO         1829    .text.HMI_Init      serial.o
    0x08007204   0x08007204   0x00000004   PAD
    0x08007208   0x08007208   0x0000005c   Code   RO         1833    .text.HMI_Printf    serial.o
    0x08007264   0x08007264   0x00000004   PAD
    0x08007268   0x08007268   0x000001b0   Code   RO         1845    .text.HMI_ReportWave  serial.o
    0x08007418   0x08007418   0x00000074   Code   RO         1843    .text.HMI_SendInitScreen  serial.o
    0x0800748c   0x0800748c   0x00000004   PAD
    0x08007490   0x08007490   0x00000002   Code   RO          105    .text.HardFault_Handler  stm32h7xx_it.o
    0x08007492   0x08007492   0x00000006   PAD
    0x08007498   0x08007498   0x00000f08   Code   RO         1742    .text.Init_AD9910   ad9910.o
    0x080083a0   0x080083a0   0x000000b2   Code   RO           39    .text.MX_ADC1_Init  adc.o
    0x08008452   0x08008452   0x00000006   PAD
    0x08008458   0x08008458   0x00000034   Code   RO           55    .text.MX_DMA_Init   dma.o
    0x0800848c   0x0800848c   0x00000004   PAD
    0x08008490   0x08008490   0x00000152   Code   RO           30    .text.MX_GPIO_Init  gpio.o
    0x080085e2   0x080085e2   0x00000006   PAD
    0x080085e8   0x080085e8   0x00000078   Code   RO           64    .text.MX_TIM1_Init  tim.o
    0x08008660   0x08008660   0x000000b0   Code   RO           66    .text.MX_TIM2_Init  tim.o
    0x08008710   0x08008710   0x00000078   Code   RO           68    .text.MX_TIM3_Init  tim.o
    0x08008788   0x08008788   0x0000007c   Code   RO           85    .text.MX_USART1_UART_Init  usart.o
    0x08008804   0x08008804   0x00000004   PAD
    0x08008808   0x08008808   0x0000007c   Code   RO           87    .text.MX_USART3_UART_Init  usart.o
    0x08008884   0x08008884   0x00000004   PAD
    0x08008888   0x08008888   0x00000002   Code   RO          107    .text.MemManage_Handler  stm32h7xx_it.o
    0x0800888a   0x0800888a   0x00000006   PAD
    0x08008890   0x08008890   0x00000002   Code   RO          103    .text.NMI_Handler   stm32h7xx_it.o
    0x08008892   0x08008892   0x00000006   PAD
    0x08008898   0x08008898   0x00000002   Code   RO          117    .text.PendSV_Handler  stm32h7xx_it.o
    0x0800889a   0x0800889a   0x00000006   PAD
    0x080088a0   0x080088a0   0x0000011e   Code   RO          312    .text.RCCEx_PLL2_Config  stm32h7xx_hal_rcc_ex.o
    0x080089be   0x080089be   0x00000002   PAD
    0x080089c0   0x080089c0   0x0000011e   Code   RO          314    .text.RCCEx_PLL3_Config  stm32h7xx_hal_rcc_ex.o
    0x08008ade   0x08008ade   0x00000002   PAD
    0x08008ae0   0x08008ae0   0x00000002   Code   RO          113    .text.SVC_Handler   stm32h7xx_it.o
    0x08008ae2   0x08008ae2   0x00000006   PAD
    0x08008ae8   0x08008ae8   0x00000022   Code   RO         1896    .text.Scheduler_Init  scheduler.o
    0x08008b0a   0x08008b0a   0x00000006   PAD
    0x08008b10   0x08008b10   0x000000da   Code   RO         1898    .text.Scheduler_Run  scheduler.o
    0x08008bea   0x08008bea   0x00000006   PAD
    0x08008bf0   0x08008bf0   0x00000010   Code   RO         1825    .text.Serial_RxInit  serial.o
    0x08008c00   0x08008c00   0x000000e0   Code   RO         1821    .text.Serial_Send   serial.o
    0x08008ce0   0x08008ce0   0x00000004   Code   RO          119    .text.SysTick_Handler  stm32h7xx_it.o
    0x08008ce4   0x08008ce4   0x00000004   PAD
    0x08008ce8   0x08008ce8   0x000000d2   Code   RO           13    .text.SystemClock_Config  main.o
    0x08008dba   0x08008dba   0x00000006   PAD
    0x08008dc0   0x08008dc0   0x000000ee   Code   RO         1593    .text.SystemInit    system_stm32h7xx.o
    0x08008eae   0x08008eae   0x00000002   PAD
    0x08008eb0   0x08008eb0   0x00000140   Code   RO         1084    .text.TIM_Base_SetConfig  stm32h7xx_hal_tim.o
    0x08008ff0   0x08008ff0   0x000001f4   Code   RO         1268    .text.TIM_SlaveTimer_SetConfig  stm32h7xx_hal_tim.o
    0x080091e4   0x080091e4   0x00000004   PAD
    0x080091e8   0x080091e8   0x000000f6   Code   RO         1234    .text.TIM_TI1_SetConfig  stm32h7xx_hal_tim.o
    0x080092de   0x080092de   0x00000002   PAD
    0x080092e0   0x080092e0   0x00000002   Code   RO         1926    .text.Task_100ms    tasks.o
    0x080092e2   0x080092e2   0x00000006   PAD
    0x080092e8   0x080092e8   0x00000002   Code   RO         1924    .text.Task_10ms     tasks.o
    0x080092ea   0x080092ea   0x00000006   PAD
    0x080092f0   0x080092f0   0x00000002   Code   RO         1930    .text.Task_1min     tasks.o
    0x080092f2   0x080092f2   0x00000006   PAD
    0x080092f8   0x080092f8   0x00000002   Code   RO         1900    .text.Task_1ms      scheduler.o
    0x080092fa   0x080092fa   0x00000006   PAD
    0x08009300   0x08009300   0x00000014   Code   RO         1928    .text.Task_1sec     tasks.o
    0x08009314   0x08009314   0x00000004   PAD
    0x08009318   0x08009318   0x00000246   Code   RO         1744    .text.Txfrc         ad9910.o
    0x0800955e   0x0800955e   0x00000002   PAD
    0x08009560   0x08009560   0x000000e0   Code   RO         1413    .text.UART_AdvFeatureConfig  stm32h7xx_hal_uart.o
    0x08009640   0x08009640   0x00000172   Code   RO         1417    .text.UART_CheckIdleState  stm32h7xx_hal_uart.o
    0x080097b2   0x080097b2   0x00000006   PAD
    0x080097b8   0x080097b8   0x00000006   Code   RO         1495    .text.UART_DMAAbortOnError  stm32h7xx_hal_uart.o
    0x080097be   0x080097be   0x00000002   PAD
    0x080097c0   0x080097c0   0x000001c2   Code   RO         1535    .text.UART_RxISR_16BIT  stm32h7xx_hal_uart.o
    0x08009982   0x08009982   0x00000006   PAD
    0x08009988   0x08009988   0x00000320   Code   RO         1531    .text.UART_RxISR_16BIT_FIFOEN  stm32h7xx_hal_uart.o
    0x08009ca8   0x08009ca8   0x000001c6   Code   RO         1537    .text.UART_RxISR_8BIT  stm32h7xx_hal_uart.o
    0x08009e6e   0x08009e6e   0x00000002   PAD
    0x08009e70   0x08009e70   0x00000324   Code   RO         1533    .text.UART_RxISR_8BIT_FIFOEN  stm32h7xx_hal_uart.o
    0x0800a194   0x0800a194   0x00000004   PAD
    0x0800a198   0x0800a198   0x0000054a   Code   RO         1415    .text.UART_SetConfig  stm32h7xx_hal_uart.o
    0x0800a6e2   0x0800a6e2   0x00000006   PAD
    0x0800a6e8   0x0800a6e8   0x0000026c   Code   RO         1447    .text.UART_Start_Receive_IT  stm32h7xx_hal_uart.o
    0x0800a954   0x0800a954   0x00000004   PAD
    0x0800a958   0x0800a958   0x0000032c   Code   RO         1431    .text.UART_WaitOnFlagUntilTimeout  stm32h7xx_hal_uart.o
    0x0800ac84   0x0800ac84   0x00000004   PAD
    0x0800ac88   0x0800ac88   0x0000000c   Code   RO          123    .text.USART3_IRQHandler  stm32h7xx_it.o
    0x0800ac94   0x0800ac94   0x00000004   PAD
    0x0800ac98   0x0800ac98   0x00000002   Code   RO          111    .text.UsageFault_Handler  stm32h7xx_it.o
    0x0800ac9a   0x0800ac9a   0x00000006   PAD
    0x0800aca0   0x0800aca0   0x00000170   Code   RO         1610    .text.arm_bitreversal_32_extra  arm_bitreversal2_extra.o
    0x0800ae10   0x0800ae10   0x00000214   Code   RO         1623    .text.arm_cfft_f32_extra  arm_cfft_f32_extra.o
    0x0800b024   0x0800b024   0x00000004   PAD
    0x0800b028   0x0800b028   0x00000190   Code   RO         1619    .text.arm_cfft_radix8by2_f32_extra  arm_cfft_f32_extra.o
    0x0800b1b8   0x0800b1b8   0x000004be   Code   RO         1621    .text.arm_cfft_radix8by4_f32_extra  arm_cfft_f32_extra.o
    0x0800b676   0x0800b676   0x00000002   PAD
    0x0800b678   0x0800b678   0x00000718   Code   RO         1953    .text.fft_find_peaks  fft_analyzer.o
    0x0800bd90   0x0800bd90   0x000001cc   Code   RO         1951    .text.fft_normalize  fft_analyzer.o
    0x0800bf5c   0x0800bf5c   0x00000004   PAD
    0x0800bf60   0x0800bf60   0x000002f8   Code   RO         1943    .text.fft_prepare   fft_analyzer.o
    0x0800c258   0x0800c258   0x00000378   Code   RO         1947    .text.fft_process   fft_analyzer.o
    0x0800c5d0   0x0800c5d0   0x000001c0   Code   RO           11    .text.main          main.o
    0x0800c790   0x0800c790   0x00000034   Code   RO         2871    i.__0snprintf       mc_w.l(printfa.o)
    0x0800c7c4   0x0800c7c4   0x00000034   Code   RO         2875    i.__0vsnprintf      mc_w.l(printfa.o)
    0x0800c7f8   0x0800c7f8   0x00000026   Code   RO         2910    i.__ARM_fpclassifyf  m_wv.l(fpclassifyf.o)
    0x0800c81e   0x0800c81e   0x00000002   PAD
    0x0800c820   0x0800c820   0x000002ac   Code   RO         2611    i.__hardfp_atan2f   m_wv.l(atan2f.o)
    0x0800cacc   0x0800cacc   0x0000003a   Code   RO         2624    i.__hardfp_sqrtf    m_wv.l(sqrtf.o)
    0x0800cb06   0x0800cb06   0x00000006   Code   RO         2914    i.__mathlib_flt_infnan2  m_wv.l(funder.o)
    0x0800cb0c   0x0800cb0c   0x00000010   Code   RO         2918    i.__mathlib_flt_underflow  m_wv.l(funder.o)
    0x0800cb1c   0x0800cb1c   0x0000000e   Code   RO         2990    i.__scatterload_copy  mc_w.l(handlers.o)
    0x0800cb2a   0x0800cb2a   0x00000002   Code   RO         2991    i.__scatterload_null  mc_w.l(handlers.o)
    0x0800cb2c   0x0800cb2c   0x0000000e   Code   RO         2992    i.__scatterload_zeroinit  mc_w.l(handlers.o)
    0x0800cb3a   0x0800cb3a   0x00000002   PAD
    0x0800cb3c   0x0800cb3c   0x0000000c   Code   RO         2962    i.__set_errno       mc_w.l(errno.o)
    0x0800cb48   0x0800cb48   0x00000184   Code   RO         2877    i._fp_digits        mc_w.l(printfa.o)
    0x0800cccc   0x0800cccc   0x000006dc   Code   RO         2878    i._printf_core      mc_w.l(printfa.o)
    0x0800d3a8   0x0800d3a8   0x00000024   Code   RO         2879    i._printf_post_padding  mc_w.l(printfa.o)
    0x0800d3cc   0x0800d3cc   0x0000002e   Code   RO         2880    i._printf_pre_padding  mc_w.l(printfa.o)
    0x0800d3fa   0x0800d3fa   0x00000016   Code   RO         2881    i._snputc           mc_w.l(printfa.o)
    0x0800d410   0x0800d410   0x00000010   Data   RO         1601    .rodata.D1CorePrescTable  system_stm32h7xx.o
    0x0800d420   0x0800d420   0x00000018   Data   RO         1543    .rodata.UARTPrescTable  stm32h7xx_hal_uart.o
    0x0800d438   0x0800d438   0x00003f00   Data   RO         1651    .rodata.armBitRevIndexTableExtra4096  arm_common_tables_extra.o
    0x08011338   0x08011338   0x00000010   Data   RO         1688    .rodata.arm_cfft_sR_f32_len4096_extra  arm_const_structs_extra.o
    0x08011348   0x08011348   0x00000010   Data   RO         1584    .rodata.cst8        stm32h7xx_hal_uart_ex.o
    0x08011358   0x08011358   0x0000004f   Data   RO         1848    .rodata.str1.1      serial.o
    0x080113a7   0x080113a7   0x00000001   PAD
    0x080113a8   0x080113a8   0x00008000   Data   RO         1662    .rodata.twiddleCoefExtra_4096  arm_common_tables_extra.o
    0x080193a8   0x080193a8   0x00000030   Data   RO         2989    Region$$Table       anon$$obj.o


    Execution Region RW_IRAM1 (Exec base: 0x20000000, Load base: 0x080193d8, Size: 0x00000000, Max: 0x00020000, ABSOLUTE)

    **** No section assigned to this execution region ****


    Execution Region RW_IRAM2 (Exec base: 0x24000000, Load base: 0x080193d8, Size: 0x00014940, Max: 0x00080000, ABSOLUTE, COMPRESSED[0x00000058])

    Exec Addr    Load Addr    Size         Type   Attr      Idx    E Section Name        Object

    0x24000000   COMPRESSED   0x00002000   Data   RW         1884    .AXI_SRAM           adc_task.o
    0x24002000   COMPRESSED   0x00000004   Data   RW         2963    .data               mc_w.l(errno.o)
    0x24002004   COMPRESSED   0x00000004   Data   RW         1599    .data.SystemCoreClock  system_stm32h7xx.o
    0x24002008   COMPRESSED   0x00000004   Data   RW         1600    .data.SystemD2Clock  system_stm32h7xx.o
    0x2400200c   COMPRESSED   0x00000004   Data   RW         1933    .data.g_sweep_freq_hz  tasks.o
    0x24002010   COMPRESSED   0x00000008   Data   RW         1761    .data.profile11     ad9910.o
    0x24002018   COMPRESSED   0x00000001   Data   RW          880    .data.uwTickFreq    stm32h7xx_hal.o
    0x24002019   COMPRESSED   0x00000003   PAD
    0x2400201c   COMPRESSED   0x00000004   Data   RW          879    .data.uwTickPrio    stm32h7xx_hal.o
    0x24002020        -       0x00000001   Zero   RW         1966    .bss.fft_get_axis.inited  fft_analyzer.o
    0x24002021        -       0x00000001   Zero   RW         1883    .bss.g_adc_dma_done  adc_task.o
    0x24002022   COMPRESSED   0x00000002   PAD
    0x24002024        -       0x00008000   Zero   RW         1885    .bss.g_fft_in       adc_task.o
    0x2400a024        -       0x0000a000   Zero   RW         1886    .bss.g_fft_out      adc_task.o
    0x24014024        -       0x00000004   Zero   RW         1882    .bss.g_hadc         adc_task.o
    0x24014028        -       0x00000004   Zero   RW         1934    .bss.g_hmi          tasks.o
    0x2401402c        -       0x00000004   Zero   RW         1881    .bss.g_htim         adc_task.o
    0x24014030        -       0x00000006   Zero   RW         1887    .bss.g_peaks        adc_task.o
    0x24014036   COMPRESSED   0x00000002   PAD
    0x24014038        -       0x0000000a   Zero   RW         1910    .bss.g_sched        scheduler.o
    0x24014042   COMPRESSED   0x00000002   PAD
    0x24014044        -       0x00000018   Zero   RW         1932    .bss.g_wave_info    tasks.o
    0x2401405c        -       0x00000064   Zero   RW           45    .bss.hadc1          adc.o
    0x240140c0        -       0x00000078   Zero   RW           46    .bss.hdma_adc1      adc.o
    0x24014138        -       0x0000004c   Zero   RW           74    .bss.htim1          tim.o
    0x24014184        -       0x0000004c   Zero   RW           75    .bss.htim2          tim.o
    0x240141d0        -       0x0000004c   Zero   RW           76    .bss.htim3          tim.o
    0x2401421c        -       0x00000094   Zero   RW           93    .bss.huart1         usart.o
    0x240142b0        -       0x00000094   Zero   RW           94    .bss.huart3         usart.o
    0x24014344        -       0x000001f4   Zero   RW         1847    .bss.rx_buf         serial.o
    0x24014538        -       0x00000002   Zero   RW         1911    .bss.s_last_tick    scheduler.o
    0x2401453a   COMPRESSED   0x00000002   PAD
    0x2401453c        -       0x00000004   Zero   RW          881    .bss.uwTick         stm32h7xx_hal.o
    0x24014540        -       0x00000400   Zero   RW            1    STACK               startup_stm32h743xx.o


    Execution Region RW_IRAM3 (Exec base: 0x30000000, Load base: 0x08019430, Size: 0x00002000, Max: 0x00004000, ABSOLUTE, COMPRESSED[0x00000044])

    Exec Addr    Load Addr    Size         Type   Attr      Idx    E Section Name        Object

    0x30000000   COMPRESSED   0x00002000   Data   RW         1965    .SRAM1              fft_analyzer.o


    Execution Region RW_IRAM4 (Exec base: 0x30004000, Load base: 0x08019474, Size: 0x00000000, Max: 0x00004000, ABSOLUTE)

    **** No section assigned to this execution region ****


    Execution Region RW_IRAM5 (Exec base: 0x38000000, Load base: 0x08019474, Size: 0x00000000, Max: 0x00004000, ABSOLUTE)

    **** No section assigned to this execution region ****


==============================================================================

Image component sizes


      Code (inc. data)   RO Data    RW Data    ZI Data      Debug   Object Name

      4470          8          0          8          0      20900   ad9910.o
       406          0          0          0        220       8991   adc.o
       192          0          0       8192      73743       7892   adc_task.o
       368          0          0          0          0       1475   arm_bitreversal2_extra.o
      2146          0          0          0          0       8807   arm_cfft_f32_extra.o
         0          0      48896          0          0       2326   arm_common_tables_extra.o
         0          0         16          0          0       1234   arm_const_structs_extra.o
        52          0          0          0          0       5413   dma.o
      3924         48          0       8192          1      13828   fft_analyzer.o
       338          0          0          0          0       3069   gpio.o
       694          8          0          0          0      11340   main.o
       254          0          0          0         12       1908   scheduler.o
       884         64         79          0        500      10250   serial.o
        44         12        664          0       1024        808   startup_stm32h743xx.o
       276          0          0          5          4      14976   stm32h7xx_hal.o
      3150         12          0          0          0      25048   stm32h7xx_hal_adc.o
       170          0          0          0          0      27350   stm32h7xx_hal_adc_ex.o
       354          0          0          0          0      12626   stm32h7xx_hal_cortex.o
      7486         54          0          0          0      17547   stm32h7xx_hal_dma.o
       516          0          0          0          0       7077   stm32h7xx_hal_gpio.o
        32          0          0          0          0       2187   stm32h7xx_hal_msp.o
        72          0          0          0          0      10614   stm32h7xx_hal_pwr_ex.o
      2486         16          0          0          0      11718   stm32h7xx_hal_rcc.o
      4886        194          0          0          0      18631   stm32h7xx_hal_rcc_ex.o
      2570          4          0          0          0      62781   stm32h7xx_hal_tim.o
       198          0          0          0          0      25239   stm32h7xx_hal_tim_ex.o
      7932        382         24          0          0      43870   stm32h7xx_hal_uart.o
       504          0         16          0          0      11398   stm32h7xx_hal_uart_ex.o
        44          0          0          0          0       4720   stm32h7xx_it.o
       282          0         16          8          0       6265   system_stm32h7xx.o
       126          8          0          4         28       7129   tasks.o
       594          0          0          0        228       8019   tim.o
       518          0          0          0        296      11685   usart.o

    ----------------------------------------------------------------------
     46444        830      49760      16412      76064     427121   Object Totals
         0          0         48          0          0          0   (incl. Generated)
       476         20          1          3          8          0   (incl. Padding)

    ----------------------------------------------------------------------

      Code (inc. data)   RO Data    RW Data    ZI Data      Debug   Library Member Name

      2132          6          0          0          0       2615   arm_cfft_radix8_f32.o
         0          0          0          0          0      17868   arm_dot_prod_f32.o
       684         90          0          0          0        208   atan2f.o
        38          0          0          0          0        116   fpclassifyf.o
        22          6          0          0          0        232   funder.o
        58          0          0          0          0        136   sqrtf.o
        58          0          0          0          0          0   __dczerorl.o
         0          0          0          0          0          0   entry.o
         0          0          0          0          0          0   entry10a.o
         0          0          0          0          0          0   entry11a.o
         8          4          0          0          0          0   entry2.o
         4          0          0          0          0          0   entry5.o
         0          0          0          0          0          0   entry7b.o
         0          0          0          0          0          0   entry8b.o
         8          4          0          0          0          0   entry9a.o
        12          6          0          4          0         68   errno.o
        30          0          0          0          0          0   handlers.o
        36          8          0          0          0         68   init.o
         0          0          0          0          0          0   iusefp.o
        30          0          0          0          0         68   llshl.o
        36          0          0          0          0         68   llsshr.o
        32          0          0          0          0         68   llushr.o
        36          0          0          0          0        108   memseta.o
      2352         90          0          0          0        604   printfa.o
        44          0          0          0          0         80   uidiv.o
        98          0          0          0          0         92   uldiv.o
        48          0          0          0          0         68   cdrcmple.o
       334          0          0          0          0        148   dadd.o
       222          0          0          0          0        100   ddiv.o
       186          0          0          0          0        176   depilogue.o
        48          0          0          0          0         68   dfixul.o
       228          0          0          0          0         96   dmul.o
       176          0          0          0          0        140   fadd.o
       110          0          0          0          0        168   fepilogue.o
       100          0          0          0          0         76   fmul.o

    ----------------------------------------------------------------------
      7180        214          0          4          0      23439   Library Totals
        10          0          0          0          0          0   (incl. Padding)

    ----------------------------------------------------------------------

      Code (inc. data)   RO Data    RW Data    ZI Data      Debug   Library Name

      2132          6          0          0          0      20483   arm_cortexM7l_math.lib
       802         96          0          0          0        692   m_wv.l
      2784        112          0          4          0       1224   mc_w.l
      1452          0          0          0          0       1040   mf_w.l

    ----------------------------------------------------------------------
      7180        214          0          4          0      23439   Library Totals

    ----------------------------------------------------------------------

==============================================================================


      Code (inc. data)   RO Data    RW Data    ZI Data      Debug   

     53624       1044      49760      16416      76064     448668   Grand Totals
     53624       1044      49760        156      76064     448668   ELF Image Totals (compressed)
     53624       1044      49760        156          0          0   ROM Totals

==============================================================================

    Total RO  Size (Code + RO Data)               103384 ( 100.96kB)
    Total RW  Size (RW Data + ZI Data)             92480 (  90.31kB)
    Total ROM Size (Code + RO Data + RW Data)     103540 ( 101.11kB)

==============================================================================

