Component: ARM Compiler 6.16 Tool: armlink [5dfeaa00]

==============================================================================

Section Cross References

    startup_stm32h743xx.o(RESET) refers to startup_stm32h743xx.o(STACK) for __initial_sp
    startup_stm32h743xx.o(RESET) refers to startup_stm32h743xx.o(.text) for Reset_Handler
    startup_stm32h743xx.o(RESET) refers to stm32h7xx_it.o(.text.NMI_Handler) for NMI_Handler
    startup_stm32h743xx.o(RESET) refers to stm32h7xx_it.o(.text.HardFault_Handler) for HardFault_Handler
    startup_stm32h743xx.o(RESET) refers to stm32h7xx_it.o(.text.MemManage_Handler) for MemManage_Handler
    startup_stm32h743xx.o(RESET) refers to stm32h7xx_it.o(.text.BusFault_Handler) for BusFault_Handler
    startup_stm32h743xx.o(RESET) refers to stm32h7xx_it.o(.text.UsageFault_Handler) for UsageFault_Handler
    startup_stm32h743xx.o(RESET) refers to stm32h7xx_it.o(.text.SVC_Handler) for SVC_Handler
    startup_stm32h743xx.o(RESET) refers to stm32h7xx_it.o(.text.DebugMon_Handler) for DebugMon_Handler
    startup_stm32h743xx.o(RESET) refers to stm32h7xx_it.o(.text.PendSV_Handler) for PendSV_Handler
    startup_stm32h743xx.o(RESET) refers to stm32h7xx_it.o(.text.SysTick_Handler) for SysTick_Handler
    startup_stm32h743xx.o(RESET) refers to stm32h7xx_it.o(.text.DMA1_Stream0_IRQHandler) for DMA1_Stream0_IRQHandler
    startup_stm32h743xx.o(RESET) refers to stm32h7xx_it.o(.text.USART3_IRQHandler) for USART3_IRQHandler
    startup_stm32h743xx.o(.text) refers to system_stm32h7xx.o(.text.ExitRun0Mode) for ExitRun0Mode
    startup_stm32h743xx.o(.text) refers to system_stm32h7xx.o(.text.SystemInit) for SystemInit
    startup_stm32h743xx.o(.text) refers to entry.o(.ARM.Collect$$$$00000000) for __main
    main.o(.text.main) refers to main.o(.text.MPU_Config) for MPU_Config
    main.o(.text.main) refers to stm32h7xx_hal.o(.text.HAL_Init) for HAL_Init
    main.o(.text.main) refers to main.o(.text.SystemClock_Config) for SystemClock_Config
    main.o(.text.main) refers to gpio.o(.text.MX_GPIO_Init) for MX_GPIO_Init
    main.o(.text.main) refers to dma.o(.text.MX_DMA_Init) for MX_DMA_Init
    main.o(.text.main) refers to adc.o(.text.MX_ADC1_Init) for MX_ADC1_Init
    main.o(.text.main) refers to tim.o(.text.MX_TIM3_Init) for MX_TIM3_Init
    main.o(.text.main) refers to tim.o(.text.MX_TIM2_Init) for MX_TIM2_Init
    main.o(.text.main) refers to usart.o(.text.MX_USART3_UART_Init) for MX_USART3_UART_Init
    main.o(.text.main) refers to usart.o(.text.MX_USART1_UART_Init) for MX_USART1_UART_Init
    main.o(.text.main) refers to tim.o(.text.MX_TIM1_Init) for MX_TIM1_Init
    main.o(.text.main) refers to usart.o(.bss.huart3) for huart3
    main.o(.text.main) refers to serial.o(.text.Serial_RxInit) for Serial_RxInit
    main.o(.text.main) refers to tim.o(.bss.htim3) for htim3
    main.o(.text.main) refers to adc.o(.bss.hadc1) for hadc1
    main.o(.text.main) refers to adc_task.o(.text.ADC_Task_Init) for ADC_Task_Init
    main.o(.text.main) refers to adc_task.o(.text.ADC_Task_Start) for ADC_Task_Start
    main.o(.text.main) refers to tasks.o(.text.Tasks_Init) for Tasks_Init
    main.o(.text.main) refers to scheduler.o(.text.Scheduler_Init) for Scheduler_Init
    main.o(.text.main) refers to scheduler.o(.text.Scheduler_Run) for Scheduler_Run
    main.o(.ARM.exidx.text.main) refers to main.o(.text.main) for [Anonymous Symbol]
    main.o(.text.MPU_Config) refers to stm32h7xx_hal_cortex.o(.text.HAL_MPU_Disable) for HAL_MPU_Disable
    main.o(.text.MPU_Config) refers to stm32h7xx_hal_cortex.o(.text.HAL_MPU_ConfigRegion) for HAL_MPU_ConfigRegion
    main.o(.text.MPU_Config) refers to stm32h7xx_hal_cortex.o(.text.HAL_MPU_Enable) for HAL_MPU_Enable
    main.o(.ARM.exidx.text.MPU_Config) refers to main.o(.text.MPU_Config) for [Anonymous Symbol]
    main.o(.text.SystemClock_Config) refers to memseta.o(.text) for __aeabi_memclr4
    main.o(.text.SystemClock_Config) refers to stm32h7xx_hal_pwr_ex.o(.text.HAL_PWREx_ConfigSupply) for HAL_PWREx_ConfigSupply
    main.o(.text.SystemClock_Config) refers to stm32h7xx_hal_rcc.o(.text.HAL_RCC_OscConfig) for HAL_RCC_OscConfig
    main.o(.text.SystemClock_Config) refers to stm32h7xx_hal_rcc.o(.text.HAL_RCC_ClockConfig) for HAL_RCC_ClockConfig
    main.o(.text.SystemClock_Config) refers to main.o(.text.Error_Handler) for Error_Handler
    main.o(.ARM.exidx.text.SystemClock_Config) refers to main.o(.text.SystemClock_Config) for [Anonymous Symbol]
    main.o(.ARM.exidx.text.Error_Handler) refers to main.o(.text.Error_Handler) for [Anonymous Symbol]
    main.o(.text.HAL_ADC_ConvCpltCallback) refers to adc_task.o(.bss.g_adc_dma_done) for g_adc_dma_done
    main.o(.ARM.exidx.text.HAL_ADC_ConvCpltCallback) refers to main.o(.text.HAL_ADC_ConvCpltCallback) for [Anonymous Symbol]
    main.o(.text.UsartReceive_IDLE) refers to serial.o(.text.Serial_RxOnIdle) for Serial_RxOnIdle
[...]
    [Anonymous Symbol]                       0x08009468   Section        0  arm_cfft_f32_extra.o(.text.arm_cfft_f32_extra)
    [Anonymous Symbol]                       0x08009570   Section        0  arm_cfft_f32_extra.o(.text.arm_cfft_radix8by2_f32_extra)
    [Anonymous Symbol]                       0x08009700   Section        0  arm_cfft_f32_extra.o(.text.arm_cfft_radix8by4_f32_extra)
    [Anonymous Symbol]                       0x08009bc0   Section        0  fft_analyzer.o(.text.fft_find_peaks)
    [Anonymous Symbol]                       0x08009cc8   Section        0  fft_analyzer.o(.text.fft_get_axis)
    [Anonymous Symbol]                       0x08009d20   Section        0  fft_analyzer.o(.text.fft_normalize)
    [Anonymous Symbol]                       0x08009d80   Section        0  fft_analyzer.o(.text.fft_prepare)
    [Anonymous Symbol]                       0x08009df0   Section        0  fft_analyzer.o(.text.fft_process)
    [Anonymous Symbol]                       0x08009eb0   Section        0  fft_analyzer.o(.text.find_vpp)
    freq_hw_switch                           0x08009f39   Thumb Code   196  freq_measure.o(.text.freq_hw_switch)
    [Anonymous Symbol]                       0x08009f38   Section        0  freq_measure.o(.text.freq_hw_switch)
    freq_read_period                         0x0800a001   Thumb Code   104  freq_measure.o(.text.freq_read_period)
    [Anonymous Symbol]                       0x0800a000   Section        0  freq_measure.o(.text.freq_read_period)
    [Anonymous Symbol]                       0x0800a068   Section        0  main.o(.text.main)
    parabolic_interpolate                    0x0800a159   Thumb Code    68  fft_analyzer.o(.text.parabolic_interpolate)
    [Anonymous Symbol]                       0x0800a158   Section        0  fft_analyzer.o(.text.parabolic_interpolate)
    i.__ARM_fpclassifyf                      0x0800a19c   Section        0  fpclassifyf.o(i.__ARM_fpclassifyf)
    i.__hardfp_atan2f                        0x0800a1c4   Section        0  atan2f.o(i.__hardfp_atan2f)
    i.__hardfp_sqrtf                         0x0800a470   Section        0  sqrtf.o(i.__hardfp_sqrtf)
    i.__mathlib_flt_infnan2                  0x0800a4aa   Section        0  funder.o(i.__mathlib_flt_infnan2)
    i.__mathlib_flt_underflow                0x0800a4b0   Section        0  funder.o(i.__mathlib_flt_underflow)
    i.__scatterload_copy                     0x0800a4c0   Section       14  handlers.o(i.__scatterload_copy)
    i.__scatterload_null                     0x0800a4ce   Section        2  handlers.o(i.__scatterload_null)
    i.__scatterload_zeroinit                 0x0800a4d0   Section       14  handlers.o(i.__scatterload_zeroinit)
    i.__set_errno                            0x0800a4e0   Section        0  errno.o(i.__set_errno)
    UARTEx_SetNbDataToProcess.numerator      0x0800e0a4   Data           8  stm32h7xx_hal_uart_ex.o(.rodata.cst8)
    [Anonymous Symbol]                       0x0800e0a4   Section        0  stm32h7xx_hal_uart_ex.o(.rodata.cst8)
    UARTEx_SetNbDataToProcess.denominator    0x0800e0ac   Data           8  stm32h7xx_hal_uart_ex.o(.rodata.cst8)
    _errno                                   0x24001000   Data           4  errno.o(.data)
    .data                                    0x24001000   Section        4  errno.o(.data)
    fft_get_axis.inited                      0x24001018   Data           1  fft_analyzer.o(.bss.fft_get_axis.inited)
    [Anonymous Symbol]                       0x24001018   Section        0  fft_analyzer.o(.bss.fft_get_axis.inited)
    g_fft_in                                 0x2400101c   Data       16384  adc_task.o(.bss.g_fft_in)
    [Anonymous Symbol]                       0x2400101c   Section        0  adc_task.o(.bss.g_fft_in)
    g_fft_out                                0x2400501c   Data       20480  adc_task.o(.bss.g_fft_out)
    [Anonymous Symbol]                       0x2400501c   Section        0  adc_task.o(.bss.g_fft_out)
    g_hadc                                   0x2400a03c   Data           4  adc_task.o(.bss.g_hadc)
    [Anonymous Symbol]                       0x2400a03c   Section        0  adc_task.o(.bss.g_hadc)
    g_htim                                   0x2400a044   Data           4  adc_task.o(.bss.g_htim)
    [Anonymous Symbol]                       0x2400a044   Section        0  adc_task.o(.bss.g_htim)
    g_peaks                                  0x2400a048   Data           6  adc_task.o(.bss.g_peaks)
    [Anonymous Symbol]                       0x2400a048   Section        0  adc_task.o(.bss.g_peaks)
    rx_buf                                   0x2400a350   Data         500  serial.o(.bss.rx_buf)
    [Anonymous Symbol]                       0x2400a350   Section        0  serial.o(.bss.rx_buf)
    s_last_tick                              0x2400a544   Data           2  scheduler.o(.bss.s_last_tick)
    [Anonymous Symbol]                       0x2400a544   Section        0  scheduler.o(.bss.s_last_tick)
    STACK                                    0x2400a550   Section     1024  startup_stm32h743xx.o(STACK)
    fft_get_axis.axis                        0x30000000   Data        4096  fft_analyzer.o(.SRAM1)
    [Anonymous Symbol]                       0x30000000   Section        0  fft_analyzer.o(.SRAM1)

    Global Symbols

    Symbol Name                              Value     Ov Type        Size  Object(Section)

    BuildAttributes$$THM_ISAv4$E$P$D$K$B$S$7EM$VFPv5_D16$PE$PLD8$A:L22UL41UL21$X:L11$S22US41US21$IEEE1$IW$~IW$USESV6$~STKCKD$USESV7$~SHL$OTIME$ROPI$IEEEX$EBA8$MICROLIB$REQ8$PRES8$EABIv2 0x00000000   Number         0  anon$$obj.o ABSOLUTE
    _printf_a                                0x00000000   Number         0  printfstubs.o ABSOLUTE
    _printf_c                                0x00000000   Number         0  printfstubs.o ABSOLUTE
    _printf_charcount                        0x00000000   Number         0  printfstubs.o ABSOLUTE
    _printf_d                                0x00000000   Number         0  printfstubs.o ABSOLUTE
    _printf_e                                0x00000000   Number         0  printfstubs.o ABSOLUTE
    _printf_f                                0x00000000   Number         0  printfstubs.o ABSOLUTE
    _printf_flags                            0x00000000   Number         0  printfstubs.o ABSOLUTE
    _printf_fp_dec                           0x00000000   Number         0  printfstubs.o ABSOLUTE
    _printf_fp_hex                           0x00000000   Number         0  printfstubs.o ABSOLUTE
    _printf_g                                0x00000000   Number         0  printfstubs.o ABSOLUTE
    _printf_i                                0x00000000   Number         0  printfstubs.o ABSOLUTE
    _printf_int_dec                          0x00000000   Number         0  printfstubs.o ABSOLUTE
    _printf_l                                0x00000000   Number         0  printfstubs.o ABSOLUTE
    _printf_lc                               0x00000000   Number         0  printfstubs.o ABSOLUTE
    _printf_ll                               0x00000000   Number         0  printfstubs.o ABSOLUTE
    _printf_lld                              0x00000000   Number         0  printfstubs.o ABSOLUTE
    _printf_lli                              0x00000000   Number         0  printfstubs.o ABSOLUTE
    _printf_llo                              0x00000000   Number         0  printfstubs.o ABSOLUTE
    _printf_llu                              0x00000000   Number         0  printfstubs.o ABSOLUTE
    _printf_llx                              0x00000000   Number         0  printfstubs.o ABSOLUTE
    _printf_longlong_dec                     0x00000000   Number         0  printfstubs.o ABSOLUTE
    _printf_longlong_hex                     0x00000000   Number         0  printfstubs.o ABSOLUTE
    _printf_longlong_oct                     0x00000000   Number         0  printfstubs.o ABSOLUTE
    _printf_ls                               0x00000000   Number         0  printfstubs.o ABSOLUTE
    _printf_mbtowc                           0x00000000   Number         0  printfstubs.o ABSOLUTE
    _printf_n                                0x00000000   Number         0  printfstubs.o ABSOLUTE
    _printf_o                                0x00000000   Number         0  printfstubs.o ABSOLUTE
    _printf_p                                0x00000000   Number         0  printfstubs.o ABSOLUTE
    _printf_percent                          0x00000000   Number         0  printfstubs.o ABSOLUTE
    _printf_pre_padding                      0x00000000   Number         0  printfstubs.o ABSOLUTE
    _printf_return_value                     0x00000000   Number         0  printfstubs.o ABSOLUTE
    _printf_s                                0x00000000   Number         0  printfstubs.o ABSOLUTE
    _printf_sizespec                         0x00000000   Number         0  printfstubs.o ABSOLUTE
    _printf_str                              0x00000000   Number         0  printfstubs.o ABSOLUTE
    _printf_truncate_signed                  0x00000000   Number         0  printfstubs.o ABSOLUTE
    _printf_truncate_unsigned                0x00000000   Number         0  printfstubs.o ABSOLUTE
    _printf_u                                0x00000000   Number         0  printfstubs.o ABSOLUTE
    _printf_wc                               0x00000000   Number         0  printfstubs.o ABSOLUTE
    _printf_wctomb                           0x00000000   Number         0  printfstubs.o ABSOLUTE
    _printf_widthprec                        0x00000000   Number         0  printfstubs.o ABSOLUTE
    _printf_x                                0x00000000   Number         0  printfstubs.o ABSOLUTE
    __cpp_initialize__aeabi_                  - Undefined Weak Reference
    __cxa_finalize                            - Undefined Weak Reference
    _clock_init                               - Undefined Weak Reference
    _microlib_exit                            - Undefined Weak Reference
    __Vectors_Size                           0x00000298   Number         0  startup_stm32h743xx.o ABSOLUTE
    __Vectors                                0x08000000   Data           4  startup_stm32h743xx.o(RESET)
    __Vectors_End                            0x08000298   Data           0  startup_stm32h743xx.o(RESET)
    __main                                   0x08000299   Thumb Code     0  entry.o(.ARM.Collect$$$$00000000)
    _main_stk                                0x08000299   Thumb Code     0  entry2.o(.ARM.Collect$$$$00000001)
    _main_scatterload                        0x0800029d   Thumb Code     0  entry5.o(.ARM.Collect$$$$00000004)
    __main_after_scatterload                 0x080002a1   Thumb Code     0  entry5.o(.ARM.Collect$$$$00000004)
    _main_clock                              0x080002a1   Thumb Code     0  entry7b.o(.ARM.Collect$$$$00000008)
    _main_cpp_init                           0x080002a1   Thumb Code     0  entry8b.o(.ARM.Collect$$$$0000000A)
    _main_init                               0x080002a1   Thumb Code     0  entry9a.o(.ARM.Collect$$$$0000000B)
    __rt_final_cpp                           0x080002a9   Thumb Code     0  entry10a.o(.ARM.Collect$$$$0000000D)
    __rt_final_exit                          0x080002a9   Thumb Code     0  entry11a.o(.ARM.Collect$$$$0000000F)
    Reset_Handler                            0x080002ad   Thumb Code    12  startup_stm32h743xx.o(.text)
    ADC3_IRQHandler                          0x080002cb   Thumb Code     0  startup_stm32h743xx.o(.text)
    ADC_IRQHandler                           0x080002cb   Thumb Code     0  startup_stm32h743xx.o(.text)
    BDMA_Channel0_IRQHandler                 0x080002cb   Thumb Code     0  startup_stm32h743xx.o(.text)
    BDMA_Channel1_IRQHandler                 0x080002cb   Thumb Code     0  startup_stm32h743xx.o(.text)
    BDMA_Channel2_IRQHandler                 0x080002cb   Thumb Code     0  startup_stm32h743xx.o(.text)
    BDMA_Channel3_IRQHandler                 0x080002cb   Thumb Code     0  startup_stm32h743xx.o(.text)
    BDMA_Channel4_IRQHandler                 0x080002cb   Thumb Code     0  startup_stm32h743xx.o(.text)
    BDMA_Channel5_IRQHandler                 0x080002cb   Thumb Code     0  startup_stm32h743xx.o(.text)
    BDMA_Channel6_IRQHandler                 0x080002cb   Thumb Code     0  startup_stm32h743xx.o(.text)
    BDMA_Channel7_IRQHandler                 0x080002cb   Thumb Code     0  startup_stm32h743xx.o(.text)
    CEC_IRQHandler                           0x080002cb   Thumb Code     0  startup_stm32h743xx.o(.text)
    COMP1_IRQHandler                         0x080002cb   Thumb Code     0  startup_stm32h743xx.o(.text)
    CRS_IRQHandler                           0x080002cb   Thumb Code     0  startup_stm32h743xx.o(.text)
    DCMI_IRQHandler                          0x080002cb   Thumb Code     0  startup_stm32h743xx.o(.text)
    DFSDM1_FLT0_IRQHandler                   0x080002cb   Thumb Code     0  startup_stm32h743xx.o(.text)
    DFSDM1_FLT1_IRQHandler                   0x080002cb   Thumb Code     0  startup_stm32h743xx.o(.text)
    DFSDM1_FLT2_IRQHandler                   0x080002cb   Thumb Code     0  startup_stm32h743xx.o(.text)
    DFSDM1_FLT3_IRQHandler                   0x080002cb   Thumb Code     0  startup_stm32h743xx.o(.text)
    DMA1_Stream1_IRQHandler                  0x080002cb   Thumb Code     0  startup_stm32h743xx.o(.text)
    DMA1_Stream2_IRQHandler                  0x080002cb   Thumb Code     0  startup_stm32h743xx.o(.text)
    DMA1_Stream3_IRQHandler                  0x080002cb   Thumb Code     0  startup_stm32h743xx.o(.text)
    DMA1_Stream4_IRQHandler                  0x080002cb   Thumb Code     0  startup_stm32h743xx.o(.text)
    DMA1_Stream5_IRQHandler                  0x080002cb   Thumb Code     0  startup_stm32h743xx.o(.text)
    DMA1_Stream6_IRQHandler                  0x080002cb   Thumb Code     0  startup_stm32h743xx.o(.text)
    DMA1_Stream7_IRQHandler                  0x080002cb   Thumb Code     0  startup_stm32h743xx.o(.text)
    DMA2D_IRQHandler                         0x080002cb   Thumb Code     0  startup_stm32h743xx.o(.text)
    DMA2_Stream0_IRQHandler                  0x080002cb   Thumb Code     0  startup_stm32h743xx.o(.text)
    DMA2_Stream1_IRQHandler                  0x080002cb   Thumb Code     0  startup_stm32h743xx.o(.text)
    DMA2_Stream2_IRQHandler                  0x080002cb   Thumb Code     0  startup_stm32h743xx.o(.text)
    DMA2_Stream3_IRQHandler                  0x080002cb   Thumb Code     0  startup_stm32h743xx.o(.text)
    DMA2_Stream4_IRQHandler                  0x080002cb   Thumb Code     0  startup_stm32h743xx.o(.text)
    DMA2_Stream5_IRQHandler                  0x080002cb   Thumb Code     0  startup_stm32h743xx.o(.text)
    DMA2_Stream6_IRQHandler                  0x080002cb   Thumb Code     0  startup_stm32h743xx.o(.text)
    DMA2_Stream7_IRQHandler                  0x080002cb   Thumb Code     0  startup_stm32h743xx.o(.text)
    DMAMUX1_OVR_IRQHandler                   0x080002cb   Thumb Code     0  startup_stm32h743xx.o(.text)
    DMAMUX2_OVR_IRQHandler                   0x080002cb   Thumb Code     0  startup_stm32h743xx.o(.text)
    ECC_IRQHandler                           0x080002cb   Thumb Code     0  startup_stm32h743xx.o(.text)
    ETH_IRQHandler                           0x080002cb   Thumb Code     0  startup_stm32h743xx.o(.text)
    ETH_WKUP_IRQHandler                      0x080002cb   Thumb Code     0  startup_stm32h743xx.o(.text)
    EXTI0_IRQHandler                         0x080002cb   Thumb Code     0  startup_stm32h743xx.o(.text)
    EXTI15_10_IRQHandler                     0x080002cb   Thumb Code     0  startup_stm32h743xx.o(.text)
    EXTI1_IRQHandler                         0x080002cb   Thumb Code     0  startup_stm32h743xx.o(.text)
    EXTI2_IRQHandler                         0x080002cb   Thumb Code     0  startup_stm32h743xx.o(.text)
    EXTI3_IRQHandler                         0x080002cb   Thumb Code     0  startup_stm32h743xx.o(.text)
    EXTI4_IRQHandler                         0x080002cb   Thumb Code     0  startup_stm32h743xx.o(.text)
    EXTI9_5_IRQHandler                       0x080002cb   Thumb Code     0  startup_stm32h743xx.o(.text)
    FDCAN1_IT0_IRQHandler                    0x080002cb   Thumb Code     0  startup_stm32h743xx.o(.text)
    FDCAN1_IT1_IRQHandler                    0x080002cb   Thumb Code     0  startup_stm32h743xx.o(.text)
    FDCAN2_IT0_IRQHandler                    0x080002cb   Thumb Code     0  startup_stm32h743xx.o(.text)
    FDCAN2_IT1_IRQHandler                    0x080002cb   Thumb Code     0  startup_stm32h743xx.o(.text)
    FDCAN_CAL_IRQHandler                     0x080002cb   Thumb Code     0  startup_stm32h743xx.o(.text)
    FLASH_IRQHandler                         0x080002cb   Thumb Code     0  startup_stm32h743xx.o(.text)
    FMC_IRQHandler                           0x080002cb   Thumb Code     0  startup_stm32h743xx.o(.text)
    FPU_IRQHandler                           0x080002cb   Thumb Code     0  startup_stm32h743xx.o(.text)
    HRTIM1_FLT_IRQHandler                    0x080002cb   Thumb Code     0  startup_stm32h743xx.o(.text)
    HRTIM1_Master_IRQHandler                 0x080002cb   Thumb Code     0  startup_stm32h743xx.o(.text)
    HRTIM1_TIMA_IRQHandler                   0x080002cb   Thumb Code     0  startup_stm32h743xx.o(.text)
    HRTIM1_TIMB_IRQHandler                   0x080002cb   Thumb Code     0  startup_stm32h743xx.o(.text)
    HRTIM1_TIMC_IRQHandler                   0x080002cb   Thumb Code     0  startup_stm32h743xx.o(.text)
    HRTIM1_TIMD_IRQHandler                   0x080002cb   Thumb Code     0  startup_stm32h743xx.o(.text)
    HRTIM1_TIME_IRQHandler                   0x080002cb   Thumb Code     0  startup_stm32h743xx.o(.text)
    HSEM1_IRQHandler                         0x080002cb   Thumb Code     0  startup_stm32h743xx.o(.text)
    I2C1_ER_IRQHandler                       0x080002cb   Thumb Code     0  startup_stm32h743xx.o(.text)
    I2C1_EV_IRQHandler                       0x080002cb   Thumb Code     0  startup_stm32h743xx.o(.text)
    I2C2_ER_IRQHandler                       0x080002cb   Thumb Code     0  startup_stm32h743xx.o(.text)
    I2C2_EV_IRQHandler                       0x080002cb   Thumb Code     0  startup_stm32h743xx.o(.text)
    I2C3_ER_IRQHandler                       0x080002cb   Thumb Code     0  startup_stm32h743xx.o(.text)
    I2C3_EV_IRQHandler                       0x080002cb   Thumb Code     0  startup_stm32h743xx.o(.text)
    I2C4_ER_IRQHandler                       0x080002cb   Thumb Code     0  startup_stm32h743xx.o(.text)
    I2C4_EV_IRQHandler                       0x080002cb   Thumb Code     0  startup_stm32h743xx.o(.text)
    JPEG_IRQHandler                          0x080002cb   Thumb Code     0  startup_stm32h743xx.o(.text)
    LPTIM1_IRQHandler                        0x080002cb   Thumb Code     0  startup_stm32h743xx.o(.text)
    LPTIM2_IRQHandler                        0x080002cb   Thumb Code     0  startup_stm32h743xx.o(.text)
    LPTIM3_IRQHandler                        0x080002cb   Thumb Code     0  startup_stm32h743xx.o(.text)
    LPTIM4_IRQHandler                        0x080002cb   Thumb Code     0  startup_stm32h743xx.o(.text)
    LPTIM5_IRQHandler                        0x080002cb   Thumb Code     0  startup_stm32h743xx.o(.text)
    LPUART1_IRQHandler                       0x080002cb   Thumb Code     0  startup_stm32h743xx.o(.text)
    LTDC_ER_IRQHandler                       0x080002cb   Thumb Code     0  startup_stm32h743xx.o(.text)
    LTDC_IRQHandler                          0x080002cb   Thumb Code     0  startup_stm32h743xx.o(.text)
    MDIOS_IRQHandler                         0x080002cb   Thumb Code     0  startup_stm32h743xx.o(.text)
    MDIOS_WKUP_IRQHandler                    0x080002cb   Thumb Code     0  startup_stm32h743xx.o(.text)
    MDMA_IRQHandler                          0x080002cb   Thumb Code     0  startup_stm32h743xx.o(.text)
    OTG_FS_EP1_IN_IRQHandler                 0x080002cb   Thumb Code     0  startup_stm32h743xx.o(.text)
    OTG_FS_EP1_OUT_IRQHandler                0x080002cb   Thumb Code     0  startup_stm32h743xx.o(.text)
    OTG_FS_IRQHandler                        0x080002cb   Thumb Code     0  startup_stm32h743xx.o(.text)
    OTG_FS_WKUP_IRQHandler                   0x080002cb   Thumb Code     0  startup_stm32h743xx.o(.text)
    OTG_HS_EP1_IN_IRQHandler                 0x080002cb   Thumb Code     0  startup_stm32h743xx.o(.text)
    OTG_HS_EP1_OUT_IRQHandler                0x080002cb   Thumb Code     0  startup_stm32h743xx.o(.text)
    OTG_HS_IRQHandler                        0x080002cb   Thumb Code     0  startup_stm32h743xx.o(.text)
    OTG_HS_WKUP_IRQHandler                   0x080002cb   Thumb Code     0  startup_stm32h743xx.o(.text)
    PVD_AVD_IRQHandler                       0x080002cb   Thumb Code     0  startup_stm32h743xx.o(.text)
    QUADSPI_IRQHandler                       0x080002cb   Thumb Code     0  startup_stm32h743xx.o(.text)
    RCC_IRQHandler                           0x080002cb   Thumb Code     0  startup_stm32h743xx.o(.text)
    RNG_IRQHandler                           0x080002cb   Thumb Code     0  startup_stm32h743xx.o(.text)
    RTC_Alarm_IRQHandler                     0x080002cb   Thumb Code     0  startup_stm32h743xx.o(.text)
    RTC_WKUP_IRQHandler                      0x080002cb   Thumb Code     0  startup_stm32h743xx.o(.text)
    SAI1_IRQHandler                          0x080002cb   Thumb Code     0  startup_stm32h743xx.o(.text)
    SAI2_IRQHandler                          0x080002cb   Thumb Code     0  startup_stm32h743xx.o(.text)
    SAI3_IRQHandler                          0x080002cb   Thumb Code     0  startup_stm32h743xx.o(.text)
    SAI4_IRQHandler                          0x080002cb   Thumb Code     0  startup_stm32h743xx.o(.text)
    SDMMC1_IRQHandler                        0x080002cb   Thumb Code     0  startup_stm32h743xx.o(.text)
    SDMMC2_IRQHandler                        0x080002cb   Thumb Code     0  startup_stm32h743xx.o(.text)
    SPDIF_RX_IRQHandler                      0x080002cb   Thumb Code     0  startup_stm32h743xx.o(.text)
    SPI1_IRQHandler                          0x080002cb   Thumb Code     0  startup_stm32h743xx.o(.text)
    SPI2_IRQHandler                          0x080002cb   Thumb Code     0  startup_stm32h743xx.o(.text)
    SPI3_IRQHandler                          0x080002cb   Thumb Code     0  startup_stm32h743xx.o(.text)
    SPI4_IRQHandler                          0x080002cb   Thumb Code     0  startup_stm32h743xx.o(.text)
    SPI5_IRQHandler                          0x080002cb   Thumb Code     0  startup_stm32h743xx.o(.text)
    SPI6_IRQHandler                          0x080002cb   Thumb Code     0  startup_stm32h743xx.o(.text)
    SWPMI1_IRQHandler                        0x080002cb   Thumb Code     0  startup_stm32h743xx.o(.text)
    TAMP_STAMP_IRQHandler                    0x080002cb   Thumb Code     0  startup_stm32h743xx.o(.text)
    TIM15_IRQHandler                         0x080002cb   Thumb Code     0  startup_stm32h743xx.o(.text)
    TIM16_IRQHandler                         0x080002cb   Thumb Code     0  startup_stm32h743xx.o(.text)
    TIM17_IRQHandler                         0x080002cb   Thumb Code     0  startup_stm32h743xx.o(.text)
    TIM1_BRK_IRQHandler                      0x080002cb   Thumb Code     0  startup_stm32h743xx.o(.text)
    TIM1_CC_IRQHandler                       0x080002cb   Thumb Code     0  startup_stm32h743xx.o(.text)
    TIM1_TRG_COM_IRQHandler                  0x080002cb   Thumb Code     0  startup_stm32h743xx.o(.text)
    TIM1_UP_IRQHandler                       0x080002cb   Thumb Code     0  startup_stm32h743xx.o(.text)
    TIM2_IRQHandler                          0x080002cb   Thumb Code     0  startup_stm32h743xx.o(.text)
    TIM3_IRQHandler                          0x080002cb   Thumb Code     0  startup_stm32h743xx.o(.text)
    TIM4_IRQHandler                          0x080002cb   Thumb Code     0  startup_stm32h743xx.o(.text)
    TIM5_IRQHandler                          0x080002cb   Thumb Code     0  startup_stm32h743xx.o(.text)
    TIM6_DAC_IRQHandler                      0x080002cb   Thumb Code     0  startup_stm32h743xx.o(.text)
    TIM7_IRQHandler                          0x080002cb   Thumb Code     0  startup_stm32h743xx.o(.text)
    TIM8_BRK_TIM12_IRQHandler                0x080002cb   Thumb Code     0  startup_stm32h743xx.o(.text)
    TIM8_CC_IRQHandler                       0x080002cb   Thumb Code     0  startup_stm32h743xx.o(.text)
    TIM8_TRG_COM_TIM14_IRQHandler            0x080002cb   Thumb Code     0  startup_stm32h743xx.o(.text)
    TIM8_UP_TIM13_IRQHandler                 0x080002cb   Thumb Code     0  startup_stm32h743xx.o(.text)
    UART4_IRQHandler                         0x080002cb   Thumb Code     0  startup_stm32h743xx.o(.text)
    UART5_IRQHandler                         0x080002cb   Thumb Code     0  startup_stm32h743xx.o(.text)
    UART7_IRQHandler                         0x080002cb   Thumb Code     0  startup_stm32h743xx.o(.text)
    UART8_IRQHandler                         0x080002cb   Thumb Code     0  startup_stm32h743xx.o(.text)
    USART1_IRQHandler                        0x080002cb   Thumb Code     0  startup_stm32h743xx.o(.text)
    USART2_IRQHandler                        0x080002cb   Thumb Code     0  startup_stm32h743xx.o(.text)
    USART6_IRQHandler                        0x080002cb   Thumb Code     0  startup_stm32h743xx.o(.text)
    WAKEUP_PIN_IRQHandler                    0x080002cb   Thumb Code     0  startup_stm32h743xx.o(.text)
    WWDG_IRQHandler                          0x080002cb   Thumb Code     0  startup_stm32h743xx.o(.text)
    arm_radix8_butterfly_f32                 0x080002d9   Thumb Code  2126  arm_cfft_radix8_f32.o(.text)
    __aeabi_uldivmod                         0x08000b2d   Thumb Code    98  uldiv.o(.text)
    __aeabi_memset                           0x08000b8f   Thumb Code    14  memseta.o(.text)
    __aeabi_memset4                          0x08000b8f   Thumb Code     0  memseta.o(.text)
    __aeabi_memset8                          0x08000b8f   Thumb Code     0  memseta.o(.text)
    __aeabi_memclr                           0x08000b9d   Thumb Code     4  memseta.o(.text)
    __aeabi_memclr4                          0x08000b9d   Thumb Code     0  memseta.o(.text)
    __aeabi_memclr8                          0x08000b9d   Thumb Code     0  memseta.o(.text)
    _memset$wrapper                          0x08000ba1   Thumb Code    18  memseta.o(.text)
    __aeabi_fadd                             0x08000bb3   Thumb Code   164  fadd.o(.text)
    __aeabi_fsub                             0x08000c57   Thumb Code     6  fadd.o(.text)
    __aeabi_frsub                            0x08000c5d   Thumb Code     6  fadd.o(.text)
    __aeabi_fmul                             0x08000c63   Thumb Code   100  fmul.o(.text)
    __aeabi_llsl                             0x08000cc7   Thumb Code    30  llshl.o(.text)
    _ll_shift_l                              0x08000cc7   Thumb Code     0  llshl.o(.text)
    __aeabi_llsr                             0x08000ce5   Thumb Code    32  llushr.o(.text)
    _ll_ushift_r                             0x08000ce5   Thumb Code     0  llushr.o(.text)
    __I$use$fp                               0x08000d05   Thumb Code     0  iusefp.o(.text)
    _float_round                             0x08000d05   Thumb Code    18  fepilogue.o(.text)
    _float_epilogue                          0x08000d17   Thumb Code    92  fepilogue.o(.text)
    __scatterload                            0x08000d75   Thumb Code    28  init.o(.text)
    __scatterload_rt2                        0x08000d75   Thumb Code     0  init.o(.text)
    __decompress                             0x08000d99   Thumb Code     0  __dczerorl.o(.text)
    __decompress0                            0x08000d99   Thumb Code    58  __dczerorl.o(.text)
    ADC_ConfigureBoostMode                   0x08000dd9   Thumb Code   278  stm32h7xx_hal_adc.o(.text.ADC_ConfigureBoostMode)
    ADC_ConversionStop                       0x08000ef1   Thumb Code   214  stm32h7xx_hal_adc.o(.text.ADC_ConversionStop)
    ADC_DMAConvCplt                          0x08000fc9   Thumb Code   100  stm32h7xx_hal_adc.o(.text.ADC_DMAConvCplt)
    ADC_DMAError                             0x08001031   Thumb Code    26  stm32h7xx_hal_adc.o(.text.ADC_DMAError)
    ADC_DMAHalfConvCplt                      0x08001051   Thumb Code    10  stm32h7xx_hal_adc.o(.text.ADC_DMAHalfConvCplt)
    ADC_Disable                              0x08001061   Thumb Code   126  stm32h7xx_hal_adc.o(.text.ADC_Disable)
    ADC_Enable                               0x080010e1   Thumb Code   192  stm32h7xx_hal_adc.o(.text.ADC_Enable)
    ADC_Task_FFT                             0x080011a1   Thumb Code    90  adc_task.o(.text.ADC_Task_FFT)
    ADC_Task_Init                            0x08001201   Thumb Code    34  adc_task.o(.text.ADC_Task_Init)
    ADC_Task_Start                           0x08001229   Thumb Code    44  adc_task.o(.text.ADC_Task_Start)
    ADC_Task_Stop                            0x08001259   Thumb Code    32  adc_task.o(.text.ADC_Task_Stop)
    App_process                              0x08001279   Thumb Code    44  tasks.o(.text.App_process)
    BusFault_Handler                         0x080012a9   Thumb Code     2  stm32h7xx_it.o(.text.BusFault_Handler)
    DMA1_Stream0_IRQHandler                  0x080012b1   Thumb Code    16  stm32h7xx_it.o(.text.DMA1_Stream0_IRQHandler)
    DebugMon_Handler                         0x080018c1   Thumb Code     2  stm32h7xx_it.o(.text.DebugMon_Handler)
    Error_Handler                            0x080018c9   Thumb Code     6  main.o(.text.Error_Handler)
    ExitRun0Mode                             0x080018d1   Thumb Code    26  system_stm32h7xx.o(.text.ExitRun0Mode)
    FreqMeasure_Init                         0x080018f1   Thumb Code    52  freq_measure.o(.text.FreqMeasure_Init)
    FreqMeasure_Process                      0x08001929   Thumb Code   192  freq_measure.o(.text.FreqMeasure_Process)
    HAL_ADCEx_MultiModeConfigChannel         0x080019e9   Thumb Code   272  stm32h7xx_hal_adc_ex.o(.text.HAL_ADCEx_MultiModeConfigChannel)
    HAL_ADC_ConfigChannel                    0x08001af9   Thumb Code   980  stm32h7xx_hal_adc.o(.text.HAL_ADC_ConfigChannel)
    HAL_ADC_ConvCpltCallback                 0x08001ed1   Thumb Code    30  main.o(.text.HAL_ADC_ConvCpltCallback)
    HAL_ADC_ConvHalfCpltCallback             0x08001ef1   Thumb Code     2  stm32h7xx_hal_adc.o(.text.HAL_ADC_ConvHalfCpltCallback)
    HAL_ADC_ErrorCallback                    0x08001ef9   Thumb Code     2  stm32h7xx_hal_adc.o(.text.HAL_ADC_ErrorCallback)
    HAL_ADC_Init                             0x08001f01   Thumb Code   554  stm32h7xx_hal_adc.o(.text.HAL_ADC_Init)
    HAL_ADC_MspInit                          0x08002131   Thumb Code   226  adc.o(.text.HAL_ADC_MspInit)
    HAL_ADC_Start_DMA                        0x08002219   Thumb Code   280  stm32h7xx_hal_adc.o(.text.HAL_ADC_Start_DMA)
    HAL_ADC_Stop_DMA                         0x08002331   Thumb Code   116  stm32h7xx_hal_adc.o(.text.HAL_ADC_Stop_DMA)
    HAL_DMA_Abort                            0x080023a9   Thumb Code  1474  stm32h7xx_hal_dma.o(.text.HAL_DMA_Abort)
    HAL_DMA_Abort_IT                         0x08002971   Thumb Code   686  stm32h7xx_hal_dma.o(.text.HAL_DMA_Abort_IT)
    HAL_DMA_IRQHandler                       0x08002c21   Thumb Code  2980  stm32h7xx_hal_dma.o(.text.HAL_DMA_IRQHandler)
    HAL_DMA_Init                             0x080037c9   Thumb Code  1372  stm32h7xx_hal_dma.o(.text.HAL_DMA_Init)
    HAL_DMA_Start_IT                         0x08003d29   Thumb Code  1120  stm32h7xx_hal_dma.o(.text.HAL_DMA_Start_IT)
    HAL_GPIO_DeInit                          0x08004189   Thumb Code   276  stm32h7xx_hal_gpio.o(.text.HAL_GPIO_DeInit)
    HAL_GPIO_Init                            0x080042a1   Thumb Code   418  stm32h7xx_hal_gpio.o(.text.HAL_GPIO_Init)
    HAL_GPIO_WritePin                        0x08004449   Thumb Code    10  stm32h7xx_hal_gpio.o(.text.HAL_GPIO_WritePin)
    HAL_GetREVID                             0x08004459   Thumb Code    14  stm32h7xx_hal.o(.text.HAL_GetREVID)
    HAL_GetTick                              0x08004469   Thumb Code    12  stm32h7xx_hal.o(.text.HAL_GetTick)
    HAL_IncTick                              0x08004479   Thumb Code    26  stm32h7xx_hal.o(.text.HAL_IncTick)
    HAL_Init                                 0x08004499   Thumb Code   100  stm32h7xx_hal.o(.text.HAL_Init)
    HAL_InitTick                             0x08004501   Thumb Code    84  stm32h7xx_hal.o(.text.HAL_InitTick)
    HAL_MPU_ConfigRegion                     0x08004559   Thumb Code    94  stm32h7xx_hal_cortex.o(.text.HAL_MPU_ConfigRegion)
    HAL_MPU_Disable                          0x080045b9   Thumb Code    26  stm32h7xx_hal_cortex.o(.text.HAL_MPU_Disable)
    HAL_MPU_Enable                           0x080045d9   Thumb Code    32  stm32h7xx_hal_cortex.o(.text.HAL_MPU_Enable)
    HAL_MspInit                              0x080045f9   Thumb Code    32  stm32h7xx_hal_msp.o(.text.HAL_MspInit)
    HAL_NVIC_DisableIRQ                      0x08004619   Thumb Code     8  stm32h7xx_hal_cortex.o(.text.HAL_NVIC_DisableIRQ)
    HAL_NVIC_EnableIRQ                       0x08004621   Thumb Code     8  stm32h7xx_hal_cortex.o(.text.HAL_NVIC_EnableIRQ)
    HAL_NVIC_SetPriority                     0x08004629   Thumb Code    30  stm32h7xx_hal_cortex.o(.text.HAL_NVIC_SetPriority)
    HAL_NVIC_SetPriorityGrouping             0x08004649   Thumb Code     8  stm32h7xx_hal_cortex.o(.text.HAL_NVIC_SetPriorityGrouping)
    HAL_PWREx_ConfigSupply                   0x08004651   Thumb Code    72  stm32h7xx_hal_pwr_ex.o(.text.HAL_PWREx_ConfigSupply)
    HAL_RCCEx_GetD3PCLK1Freq                 0x08004699   Thumb Code    38  stm32h7xx_hal_rcc_ex.o(.text.HAL_RCCEx_GetD3PCLK1Freq)
    HAL_RCCEx_GetPLL1ClockFreq               0x080046c1   Thumb Code   296  stm32h7xx_hal_rcc_ex.o(.text.HAL_RCCEx_GetPLL1ClockFreq)
    HAL_RCCEx_GetPLL2ClockFreq               0x080047e9   Thumb Code   292  stm32h7xx_hal_rcc_ex.o(.text.HAL_RCCEx_GetPLL2ClockFreq)
    HAL_RCCEx_GetPLL3ClockFreq               0x08004911   Thumb Code   292  stm32h7xx_hal_rcc_ex.o(.text.HAL_RCCEx_GetPLL3ClockFreq)
    HAL_RCCEx_GetPeriphCLKFreq               0x08004a39   Thumb Code   850  stm32h7xx_hal_rcc_ex.o(.text.HAL_RCCEx_GetPeriphCLKFreq)
    HAL_RCCEx_PeriphCLKConfig                0x08004d91   Thumb Code  2576  stm32h7xx_hal_rcc_ex.o(.text.HAL_RCCEx_PeriphCLKConfig)
    HAL_RCC_ClockConfig                      0x080057a1   Thumb Code   596  stm32h7xx_hal_rcc.o(.text.HAL_RCC_ClockConfig)
    HAL_RCC_GetHCLKFreq                      0x080059f9   Thumb Code    76  stm32h7xx_hal_rcc.o(.text.HAL_RCC_GetHCLKFreq)
    HAL_RCC_GetPCLK1Freq                     0x08005a49   Thumb Code    38  stm32h7xx_hal_rcc.o(.text.HAL_RCC_GetPCLK1Freq)
    HAL_RCC_GetPCLK2Freq                     0x08005a71   Thumb Code    38  stm32h7xx_hal_rcc.o(.text.HAL_RCC_GetPCLK2Freq)
    HAL_RCC_GetSysClockFreq                  0x08005a99   Thumb Code   264  stm32h7xx_hal_rcc.o(.text.HAL_RCC_GetSysClockFreq)
    HAL_RCC_OscConfig                        0x08005ba1   Thumb Code  1670  stm32h7xx_hal_rcc.o(.text.HAL_RCC_OscConfig)
    HAL_SYSTICK_Config                       0x08006229   Thumb Code     8  stm32h7xx_hal_cortex.o(.text.HAL_SYSTICK_Config)
    HAL_TIMEx_MasterConfigSynchronization    0x08006231   Thumb Code   204  stm32h7xx_hal_tim_ex.o(.text.HAL_TIMEx_MasterConfigSynchronization)
    HAL_TIM_Base_DeInit                      0x08006301   Thumb Code   108  stm32h7xx_hal_tim.o(.text.HAL_TIM_Base_DeInit)
    HAL_TIM_Base_Init                        0x08006371   Thumb Code    96  stm32h7xx_hal_tim.o(.text.HAL_TIM_Base_Init)
    HAL_TIM_Base_MspDeInit                   0x080063d1   Thumb Code   100  tim.o(.text.HAL_TIM_Base_MspDeInit)
    HAL_TIM_Base_MspInit                     0x08006439   Thumb Code   188  tim.o(.text.HAL_TIM_Base_MspInit)
    HAL_TIM_Base_Start                       0x080064f9   Thumb Code   170  stm32h7xx_hal_tim.o(.text.HAL_TIM_Base_Start)
    HAL_TIM_Base_Stop                        0x080065a9   Thumb Code    46  stm32h7xx_hal_tim.o(.text.HAL_TIM_Base_Stop)
    HAL_TIM_ConfigClockSource                0x080065d9   Thumb Code   270  stm32h7xx_hal_tim.o(.text.HAL_TIM_ConfigClockSource)
    HAL_TIM_IC_ConfigChannel                 0x080066e9   Thumb Code   154  stm32h7xx_hal_tim.o(.text.HAL_TIM_IC_ConfigChannel)
    HAL_TIM_IC_Init                          0x08006789   Thumb Code    96  stm32h7xx_hal_tim.o(.text.HAL_TIM_IC_Init)
    HAL_TIM_IC_MspInit                       0x080067e9   Thumb Code     2  stm32h7xx_hal_tim.o(.text.HAL_TIM_IC_MspInit)
    HAL_TIM_IC_Start                         0x080067f1   Thumb Code   368  stm32h7xx_hal_tim.o(.text.HAL_TIM_IC_Start)
    HAL_TIM_IC_Stop                          0x08006961   Thumb Code   162  stm32h7xx_hal_tim.o(.text.HAL_TIM_IC_Stop)
    HAL_TIM_ReadCapturedValue                0x08006a09   Thumb Code    52  stm32h7xx_hal_tim.o(.text.HAL_TIM_ReadCapturedValue)
    HAL_TIM_SlaveConfigSynchro               0x08006a41   Thumb Code    74  stm32h7xx_hal_tim.o(.text.HAL_TIM_SlaveConfigSynchro)
    HAL_UARTEx_DisableFifoMode               0x08006a91   Thumb Code    54  stm32h7xx_hal_uart_ex.o(.text.HAL_UARTEx_DisableFifoMode)
    HAL_UARTEx_ReceiveToIdle_IT              0x08006ac9   Thumb Code    82  stm32h7xx_hal_uart_ex.o(.text.HAL_UARTEx_ReceiveToIdle_IT)
    HAL_UARTEx_RxEventCallback               0x08006b21   Thumb Code     2  stm32h7xx_hal_uart.o(.text.HAL_UARTEx_RxEventCallback)
    HAL_UARTEx_RxFifoFullCallback            0x08006b29   Thumb Code     2  stm32h7xx_hal_uart_ex.o(.text.HAL_UARTEx_RxFifoFullCallback)
    HAL_UARTEx_SetRxFifoThreshold            0x08006b31   Thumb Code    74  stm32h7xx_hal_uart_ex.o(.text.HAL_UARTEx_SetRxFifoThreshold)
    HAL_UARTEx_SetTxFifoThreshold            0x08006b81   Thumb Code    74  stm32h7xx_hal_uart_ex.o(.text.HAL_UARTEx_SetTxFifoThreshold)
    HAL_UARTEx_TxFifoEmptyCallback           0x08006bd1   Thumb Code     2  stm32h7xx_hal_uart_ex.o(.text.HAL_UARTEx_TxFifoEmptyCallback)
    HAL_UARTEx_WakeupCallback                0x08006bd9   Thumb Code     2  stm32h7xx_hal_uart_ex.o(.text.HAL_UARTEx_WakeupCallback)
    HAL_UART_ErrorCallback                   0x08006be1   Thumb Code     2  stm32h7xx_hal_uart.o(.text.HAL_UART_ErrorCallback)
    HAL_UART_IRQHandler                      0x08006be9   Thumb Code  1022  stm32h7xx_hal_uart.o(.text.HAL_UART_IRQHandler)
    HAL_UART_Init                            0x08006fe9   Thumb Code   100  stm32h7xx_hal_uart.o(.text.HAL_UART_Init)
    HAL_UART_MspInit                         0x08007051   Thumb Code   270  usart.o(.text.HAL_UART_MspInit)
    HAL_UART_RxCpltCallback                  0x08007161   Thumb Code     2  stm32h7xx_hal_uart.o(.text.HAL_UART_RxCpltCallback)
    HAL_UART_TxCpltCallback                  0x08007169   Thumb Code     2  stm32h7xx_hal_uart.o(.text.HAL_UART_TxCpltCallback)
    HMI_Init                                 0x08007171   Thumb Code     4  serial.o(.text.HMI_Init)
    HardFault_Handler                        0x08007179   Thumb Code     2  stm32h7xx_it.o(.text.HardFault_Handler)
    MX_ADC1_Init                             0x080073d1   Thumb Code   178  adc.o(.text.MX_ADC1_Init)
    MX_DMA_Init                              0x08007489   Thumb Code    50  dma.o(.text.MX_DMA_Init)
    MX_GPIO_Init                             0x080074c1   Thumb Code   346  gpio.o(.text.MX_GPIO_Init)
    MX_TIM1_Init                             0x08007621   Thumb Code   122  tim.o(.text.MX_TIM1_Init)
    MX_TIM2_Init                             0x080076a1   Thumb Code   184  tim.o(.text.MX_TIM2_Init)
    MX_TIM3_Init                             0x08007759   Thumb Code   122  tim.o(.text.MX_TIM3_Init)
    MX_USART1_UART_Init                      0x080077d9   Thumb Code   122  usart.o(.text.MX_USART1_UART_Init)
    MX_USART3_UART_Init                      0x08007859   Thumb Code   122  usart.o(.text.MX_USART3_UART_Init)
    MemManage_Handler                        0x080078d9   Thumb Code     2  stm32h7xx_it.o(.text.MemManage_Handler)
    NMI_Handler                              0x080078e1   Thumb Code     2  stm32h7xx_it.o(.text.NMI_Handler)
    PendSV_Handler                           0x08007919   Thumb Code     2  stm32h7xx_it.o(.text.PendSV_Handler)
    SVC_Handler                              0x08007b61   Thumb Code     2  stm32h7xx_it.o(.text.SVC_Handler)
    Scheduler_Init                           0x08007b69   Thumb Code    34  scheduler.o(.text.Scheduler_Init)
    Scheduler_Run                            0x08007b91   Thumb Code   210  scheduler.o(.text.Scheduler_Run)
    Serial_RxInit                            0x08007c69   Thumb Code    20  serial.o(.text.Serial_RxInit)
    SysTick_Handler                          0x08007cb1   Thumb Code     8  stm32h7xx_it.o(.text.SysTick_Handler)
    SystemClock_Config                       0x08007cb9   Thumb Code   188  main.o(.text.SystemClock_Config)
    SystemInit                               0x08007d79   Thumb Code   238  system_stm32h7xx.o(.text.SystemInit)
    TIM_Base_SetConfig                       0x08007e69   Thumb Code   320  stm32h7xx_hal_tim.o(.text.TIM_Base_SetConfig)
    TIM_CCxChannelCmd                        0x08007fa9   Thumb Code    30  stm32h7xx_hal_tim.o(.text.TIM_CCxChannelCmd)
    TIM_ETR_SetConfig                        0x08007fc9   Thumb Code    20  stm32h7xx_hal_tim.o(.text.TIM_ETR_SetConfig)
    TIM_TI1_SetConfig                        0x080081a9   Thumb Code   246  stm32h7xx_hal_tim.o(.text.TIM_TI1_SetConfig)
    Task_100ms                               0x080083b9   Thumb Code    24  tasks.o(.text.Task_100ms)
    Task_10ms                                0x080083d1   Thumb Code     8  tasks.o(.text.Task_10ms)
    Task_1min                                0x080083d9   Thumb Code     2  tasks.o(.text.Task_1min)
    Task_1ms                                 0x080083e1   Thumb Code     2  scheduler.o(.text.Task_1ms)
    Task_1sec                                0x080083e9   Thumb Code     2  tasks.o(.text.Task_1sec)
    Tasks_Init                               0x080083f1   Thumb Code    38  tasks.o(.text.Tasks_Init)
    UART_AdvFeatureConfig                    0x08008491   Thumb Code   224  stm32h7xx_hal_uart.o(.text.UART_AdvFeatureConfig)
    UART_CheckIdleState                      0x08008571   Thumb Code   184  stm32h7xx_hal_uart.o(.text.UART_CheckIdleState)
    UART_SetConfig                           0x08008bf9   Thumb Code  1410  stm32h7xx_hal_uart.o(.text.UART_SetConfig)
    UART_Start_Receive_IT                    0x08009181   Thumb Code   284  stm32h7xx_hal_uart.o(.text.UART_Start_Receive_IT)
    UART_WaitOnFlagUntilTimeout              0x080092a1   Thumb Code   194  stm32h7xx_hal_uart.o(.text.UART_WaitOnFlagUntilTimeout)
    USART3_IRQHandler                        0x08009369   Thumb Code    16  stm32h7xx_it.o(.text.USART3_IRQHandler)
    UsageFault_Handler                       0x08009379   Thumb Code     2  stm32h7xx_it.o(.text.UsageFault_Handler)
    arm_bitreversal_32_extra                 0x08009421   Thumb Code    70  arm_bitreversal2_extra.o(.text.arm_bitreversal_32_extra)
    arm_cfft_f32_extra                       0x08009469   Thumb Code   262  arm_cfft_f32_extra.o(.text.arm_cfft_f32_extra)
    arm_cfft_radix8by2_f32_extra             0x08009571   Thumb Code   400  arm_cfft_f32_extra.o(.text.arm_cfft_radix8by2_f32_extra)
    arm_cfft_radix8by4_f32_extra             0x08009701   Thumb Code  1214  arm_cfft_f32_extra.o(.text.arm_cfft_radix8by4_f32_extra)
    fft_find_peaks                           0x08009bc1   Thumb Code   264  fft_analyzer.o(.text.fft_find_peaks)
    fft_get_axis                             0x08009cc9   Thumb Code    88  fft_analyzer.o(.text.fft_get_axis)
    fft_normalize                            0x08009d21   Thumb Code    92  fft_analyzer.o(.text.fft_normalize)
    fft_prepare                              0x08009d81   Thumb Code   112  fft_analyzer.o(.text.fft_prepare)
    fft_process                              0x08009df1   Thumb Code   192  fft_analyzer.o(.text.fft_process)
    find_vpp                                 0x08009eb1   Thumb Code   130  fft_analyzer.o(.text.find_vpp)
    main                                     0x0800a069   Thumb Code   238  main.o(.text.main)
    __ARM_fpclassifyf                        0x0800a19d   Thumb Code    38  fpclassifyf.o(i.__ARM_fpclassifyf)
    __hardfp_atan2f                          0x0800a1c5   Thumb Code   594  atan2f.o(i.__hardfp_atan2f)
    __hardfp_sqrtf                           0x0800a471   Thumb Code    58  sqrtf.o(i.__hardfp_sqrtf)
    __mathlib_flt_infnan2                    0x0800a4ab   Thumb Code     6  funder.o(i.__mathlib_flt_infnan2)
    __mathlib_flt_underflow                  0x0800a4b1   Thumb Code    10  funder.o(i.__mathlib_flt_underflow)
    __scatterload_copy                       0x0800a4c1   Thumb Code    14  handlers.o(i.__scatterload_copy)
    __scatterload_null                       0x0800a4cf   Thumb Code     2  handlers.o(i.__scatterload_null)
    __scatterload_zeroinit                   0x0800a4d1   Thumb Code    14  handlers.o(i.__scatterload_zeroinit)
    __set_errno                              0x0800a4e1   Thumb Code     6  errno.o(i.__set_errno)
    D1CorePrescTable                         0x0800a4ec   Data          16  system_stm32h7xx.o(.rodata.D1CorePrescTable)
    UARTPrescTable                           0x0800a4fc   Data          24  stm32h7xx_hal_uart.o(.rodata.UARTPrescTable)
    armBitRevIndexTableExtra2048             0x0800a514   Data       15232  arm_common_tables_extra.o(.rodata.armBitRevIndexTableExtra2048)
    arm_cfft_sR_f32_len2048_extra            0x0800e094   Data          16  arm_const_structs_extra.o(.rodata.arm_cfft_sR_f32_len2048_extra)
    twiddleCoefExtra_2048                    0x0800e0b4   Data       16384  arm_common_tables_extra.o(.rodata.twiddleCoefExtra_2048)
    Region$$Table$$Base                      0x080120b4   Number         0  anon$$obj.o(Region$$Table)
    Region$$Table$$Limit                     0x080120e4   Number         0  anon$$obj.o(Region$$Table)
    g_adc_buffer                             0x24000000   Data        4096  adc_task.o(.AXI_SRAM)
    SystemCoreClock                          0x24001004   Data           4  system_stm32h7xx.o(.data.SystemCoreClock)
    SystemD2Clock                            0x24001008   Data           4  system_stm32h7xx.o(.data.SystemD2Clock)
    uwTickFreq                               0x2400100c   Data           1  stm32h7xx_hal.o(.data.uwTickFreq)
    uwTickPrio                               0x24001010   Data           4  stm32h7xx_hal.o(.data.uwTickPrio)
    g_adc_dma_done                           0x24001019   Data           1  adc_task.o(.bss.g_adc_dma_done)
    g_freq_measure                           0x2400a01c   Data          32  tasks.o(.bss.g_freq_measure)
    g_hmi                                    0x2400a040   Data           4  tasks.o(.bss.g_hmi)
    g_sched                                  0x2400a050   Data          10  scheduler.o(.bss.g_sched)
    g_wave_info                              0x2400a05c   Data          12  tasks.o(.bss.g_wave_info)
    hadc1                                    0x2400a068   Data         100  adc.o(.bss.hadc1)
    hdma_adc1                                0x2400a0cc   Data         120  adc.o(.bss.hdma_adc1)
    htim1                                    0x2400a144   Data          76  tim.o(.bss.htim1)
    htim2                                    0x2400a190   Data          76  tim.o(.bss.htim2)
    htim3                                    0x2400a1dc   Data          76  tim.o(.bss.htim3)
    huart1                                   0x2400a228   Data         148  usart.o(.bss.huart1)
    huart3                                   0x2400a2bc   Data         148  usart.o(.bss.huart3)
    uwTick                                   0x2400a548   Data           4  stm32h7xx_hal.o(.bss.uwTick)
    __initial_sp                             0x2400a950   Data           0  startup_stm32h743xx.o(STACK)



==============================================================================

Memory Map of the image

  Image Entry point : 0x08000299

  Load Region LR_IROM1 (Base: 0x08000000, Size: 0x00014100, Max: 0x00100000, ABSOLUTE, COMPRESSED[0x0001213c])

    Execution Region ER_IROM1 (Exec base: 0x08000000, Load base: 0x08000000, Size: 0x000120e4, Max: 0x00100000, ABSOLUTE)

    Exec Addr    Load Addr    Size         Type   Attr      Idx    E Section Name        Object

    0x08000000   0x08000000   0x00000298   Data   RO            3    RESET               startup_stm32h743xx.o
    0x08000298   0x08000298   0x00000000   Code   RO         2914  * .ARM.Collect$$$$00000000  mc_w.l(entry.o)
    0x08000298   0x08000298   0x00000004   Code   RO         3210    .ARM.Collect$$$$00000001  mc_w.l(entry2.o)
    0x0800029c   0x0800029c   0x00000004   Code   RO         3213    .ARM.Collect$$$$00000004  mc_w.l(entry5.o)
    0x080002a0   0x080002a0   0x00000000   Code   RO         3215    .ARM.Collect$$$$00000008  mc_w.l(entry7b.o)
    0x080002a0   0x080002a0   0x00000000   Code   RO         3217    .ARM.Collect$$$$0000000A  mc_w.l(entry8b.o)
    0x080002a0   0x080002a0   0x00000008   Code   RO         3218    .ARM.Collect$$$$0000000B  mc_w.l(entry9a.o)
    0x080002a8   0x080002a8   0x00000000   Code   RO         3220    .ARM.Collect$$$$0000000D  mc_w.l(entry10a.o)
    0x080002a8   0x080002a8   0x00000000   Code   RO         3222    .ARM.Collect$$$$0000000F  mc_w.l(entry11a.o)
    0x080002a8   0x080002a8   0x00000004   Code   RO         3211    .ARM.Collect$$$$00002712  mc_w.l(entry2.o)
    0x080002ac   0x080002ac   0x0000002c   Code   RO            4    .text               startup_stm32h743xx.o
    0x080002d8   0x080002d8   0x00000854   Code   RO         2663    .text               arm_cortexM7l_math.lib(arm_cfft_radix8_f32.o)
    0x08000b2c   0x08000b2c   0x00000062   Code   RO         2917    .text               mc_w.l(uldiv.o)
    0x08000b8e   0x08000b8e   0x00000024   Code   RO         2919    .text               mc_w.l(memseta.o)
    0x08000bb2   0x08000bb2   0x000000b0   Code   RO         3182    .text               mf_w.l(fadd.o)
    0x08000c62   0x08000c62   0x00000064   Code   RO         3184    .text               mf_w.l(fmul.o)
    0x08000cc6   0x08000cc6   0x0000001e   Code   RO         3240    .text               mc_w.l(llshl.o)
    0x08000ce4   0x08000ce4   0x00000020   Code   RO         3242    .text               mc_w.l(llushr.o)
    0x08000d04   0x08000d04   0x00000000   Code   RO         3251    .text               mc_w.l(iusefp.o)
    0x08000d04   0x08000d04   0x0000006e   Code   RO         3252    .text               mf_w.l(fepilogue.o)
    0x08000d72   0x08000d72   0x00000002   PAD
    0x08000d74   0x08000d74   0x00000024   Code   RO         3264    .text               mc_w.l(init.o)
    0x08000d98   0x08000d98   0x0000003a   Code   RO         3280    .text               mc_w.l(__dczerorl.o)
    0x08000dd2   0x08000dd2   0x00000006   PAD
    0x08000dd8   0x08000dd8   0x00000116   Code   RO          162    .text.ADC_ConfigureBoostMode  stm32h7xx_hal_adc.o
    0x08000eee   0x08000eee   0x00000002   PAD
    0x08000ef0   0x08000ef0   0x000000d6   Code   RO          166    .text.ADC_ConversionStop  stm32h7xx_hal_adc.o
    0x08000fc6   0x08000fc6   0x00000002   PAD
    0x08000fc8   0x08000fc8   0x00000064   Code   RO          196    .text.ADC_DMAConvCplt  stm32h7xx_hal_adc.o
    0x0800102c   0x0800102c   0x00000004   PAD
    0x08001030   0x08001030   0x0000001a   Code   RO          200    .text.ADC_DMAError  stm32h7xx_hal_adc.o
    0x0800104a   0x0800104a   0x00000006   PAD
    0x08001050   0x08001050   0x0000000a   Code   RO          198    .text.ADC_DMAHalfConvCplt  stm32h7xx_hal_adc.o
    0x0800105a   0x0800105a   0x00000006   PAD
    0x08001060   0x08001060   0x0000007e   Code   RO          168    .text.ADC_Disable   stm32h7xx_hal_adc.o
    0x080010de   0x080010de   0x00000002   PAD
    0x080010e0   0x080010e0   0x000000c0   Code   RO          176    .text.ADC_Enable    stm32h7xx_hal_adc.o
    0x080011a0   0x080011a0   0x0000005a   Code   RO         2157    .text.ADC_Task_FFT  adc_task.o
    0x080011fa   0x080011fa   0x00000006   PAD
    0x08001200   0x08001200   0x00000022   Code   RO         2149    .text.ADC_Task_Init  adc_task.o
    0x08001222   0x08001222   0x00000006   PAD
    0x08001228   0x08001228   0x0000002c   Code   RO         2151    .text.ADC_Task_Start  adc_task.o
    0x08001254   0x08001254   0x00000004   PAD
    0x08001258   0x08001258   0x00000020   Code   RO         2153    .text.ADC_Task_Stop  adc_task.o
    0x08001278   0x08001278   0x0000002c   Code   RO         2204    .text.App_process   tasks.o
    0x080012a4   0x080012a4   0x00000004   PAD
    0x080012a8   0x080012a8   0x00000002   Code   RO          111    .text.BusFault_Handler  stm32h7xx_it.o
    0x080012aa   0x080012aa   0x00000006   PAD
    0x080012b0   0x080012b0   0x00000010   Code   RO          123    .text.DMA1_Stream0_IRQHandler  stm32h7xx_it.o
    0x080012c0   0x080012c0   0x0000011c   Code   RO          665    .text.DMA_CalcBaseAndBitshift  stm32h7xx_hal_dma.o
    0x080013dc   0x080013dc   0x00000004   PAD
    0x080013e0   0x080013e0   0x000000ec   Code   RO          667    .text.DMA_CalcDMAMUXChannelBaseAndMask  stm32h7xx_hal_dma.o
    0x080014cc   0x080014cc   0x00000004   PAD
    0x080014d0   0x080014d0   0x000000ae   Code   RO          669    .text.DMA_CalcDMAMUXRequestGenBaseAndMask  stm32h7xx_hal_dma.o
    0x0800157e   0x0800157e   0x00000002   PAD
    0x08001580   0x08001580   0x00000050   Code   RO          663    .text.DMA_CheckFifoParam  stm32h7xx_hal_dma.o
    0x080015d0   0x080015d0   0x000002ee   Code   RO          675    .text.DMA_SetConfig  stm32h7xx_hal_dma.o
    0x080018be   0x080018be   0x00000002   PAD
    0x080018c0   0x080018c0   0x00000002   Code   RO          117    .text.DebugMon_Handler  stm32h7xx_it.o
    0x080018c2   0x080018c2   0x00000006   PAD
    0x080018c8   0x080018c8   0x00000006   Code   RO           17    .text.Error_Handler  main.o
    0x080018ce   0x080018ce   0x00000002   PAD
    0x080018d0   0x080018d0   0x0000001a   Code   RO         1858    .text.ExitRun0Mode  system_stm32h7xx.o
    0x080018ea   0x080018ea   0x00000006   PAD
    0x080018f0   0x080018f0   0x00000034   Code   RO         2133    .text.FreqMeasure_Init  freq_measure.o
    0x08001924   0x08001924   0x00000004   PAD
    0x08001928   0x08001928   0x000000c0   Code   RO         2137    .text.FreqMeasure_Process  freq_measure.o
    0x080019e8   0x080019e8   0x00000110   Code   RO          382    .text.HAL_ADCEx_MultiModeConfigChannel  stm32h7xx_hal_adc_ex.o
    0x08001af8   0x08001af8   0x000003d4   Code   RO          220    .text.HAL_ADC_ConfigChannel  stm32h7xx_hal_adc.o
    0x08001ecc   0x08001ecc   0x00000004   PAD
    0x08001ed0   0x08001ed0   0x0000001e   Code   RO           19    .text.HAL_ADC_ConvCpltCallback  main.o
    0x08001eee   0x08001eee   0x00000002   PAD
    0x08001ef0   0x08001ef0   0x00000002   Code   RO          218    .text.HAL_ADC_ConvHalfCpltCallback  stm32h7xx_hal_adc.o
    0x08001ef2   0x08001ef2   0x00000006   PAD
    0x08001ef8   0x08001ef8   0x00000002   Code   RO          216    .text.HAL_ADC_ErrorCallback  stm32h7xx_hal_adc.o
    0x08001efa   0x08001efa   0x00000006   PAD
    0x08001f00   0x08001f00   0x0000022a   Code   RO          142    .text.HAL_ADC_Init  stm32h7xx_hal_adc.o
    0x0800212a   0x0800212a   0x00000006   PAD
    0x08002130   0x08002130   0x000000e2   Code   RO           43    .text.HAL_ADC_MspInit  adc.o
    0x08002212   0x08002212   0x00000006   PAD
    0x08002218   0x08002218   0x00000118   Code   RO          194    .text.HAL_ADC_Start_DMA  stm32h7xx_hal_adc.o
    0x08002330   0x08002330   0x00000074   Code   RO          204    .text.HAL_ADC_Stop_DMA  stm32h7xx_hal_adc.o
    0x080023a4   0x080023a4   0x00000004   PAD
    0x080023a8   0x080023a8   0x000005c2   Code   RO          679    .text.HAL_DMA_Abort  stm32h7xx_hal_dma.o
    0x0800296a   0x0800296a   0x00000006   PAD
    0x08002970   0x08002970   0x000002ae   Code   RO          681    .text.HAL_DMA_Abort_IT  stm32h7xx_hal_dma.o
    0x08002c1e   0x08002c1e   0x00000002   PAD
    0x08002c20   0x08002c20   0x00000ba4   Code   RO          685    .text.HAL_DMA_IRQHandler  stm32h7xx_hal_dma.o
    0x080037c4   0x080037c4   0x00000004   PAD
    0x080037c8   0x080037c8   0x0000055c   Code   RO          661    .text.HAL_DMA_Init  stm32h7xx_hal_dma.o
    0x08003d24   0x08003d24   0x00000004   PAD
    0x08003d28   0x08003d28   0x00000460   Code   RO          677    .text.HAL_DMA_Start_IT  stm32h7xx_hal_dma.o
    0x08004188   0x08004188   0x00000114   Code   RO          609    .text.HAL_GPIO_DeInit  stm32h7xx_hal_gpio.o
    0x0800429c   0x0800429c   0x00000004   PAD
    0x080042a0   0x080042a0   0x000001a2   Code   RO          607    .text.HAL_GPIO_Init  stm32h7xx_hal_gpio.o
    0x08004442   0x08004442   0x00000006   PAD
    0x08004448   0x08004448   0x0000000a   Code   RO          613    .text.HAL_GPIO_WritePin  stm32h7xx_hal_gpio.o
    0x08004452   0x08004452   0x00000006   PAD
    0x08004458   0x08004458   0x0000000e   Code   RO         1015    .text.HAL_GetREVID  stm32h7xx_hal.o
    0x08004466   0x08004466   0x00000002   PAD
    0x08004468   0x08004468   0x0000000c   Code   RO          999    .text.HAL_GetTick   stm32h7xx_hal.o
    0x08004474   0x08004474   0x00000004   PAD
    0x08004478   0x08004478   0x0000001a   Code   RO          997    .text.HAL_IncTick   stm32h7xx_hal.o
    0x08004492   0x08004492   0x00000006   PAD
    0x08004498   0x08004498   0x00000064   Code   RO          987    .text.HAL_Init      stm32h7xx_hal.o
    0x080044fc   0x080044fc   0x00000004   PAD
    0x08004500   0x08004500   0x00000054   Code   RO          989    .text.HAL_InitTick  stm32h7xx_hal.o
    0x08004554   0x08004554   0x00000004   PAD
    0x08004558   0x08004558   0x0000005e   Code   RO          945    .text.HAL_MPU_ConfigRegion  stm32h7xx_hal_cortex.o
    0x080045b6   0x080045b6   0x00000002   PAD
    0x080045b8   0x080045b8   0x0000001a   Code   RO          937    .text.HAL_MPU_Disable  stm32h7xx_hal_cortex.o
    0x080045d2   0x080045d2   0x00000006   PAD
    0x080045d8   0x080045d8   0x00000020   Code   RO          939    .text.HAL_MPU_Enable  stm32h7xx_hal_cortex.o
    0x080045f8   0x080045f8   0x00000020   Code   RO          134    .text.HAL_MspInit   stm32h7xx_hal_msp.o
    0x08004618   0x08004618   0x00000008   Code   RO          925    .text.HAL_NVIC_DisableIRQ  stm32h7xx_hal_cortex.o
    0x08004620   0x08004620   0x00000008   Code   RO          921    .text.HAL_NVIC_EnableIRQ  stm32h7xx_hal_cortex.o
    0x08004628   0x08004628   0x0000001e   Code   RO          913    .text.HAL_NVIC_SetPriority  stm32h7xx_hal_cortex.o
    0x08004646   0x08004646   0x00000002   PAD
    0x08004648   0x08004648   0x00000008   Code   RO          909    .text.HAL_NVIC_SetPriorityGrouping  stm32h7xx_hal_cortex.o
    0x08004650   0x08004650   0x00000048   Code   RO          821    .text.HAL_PWREx_ConfigSupply  stm32h7xx_hal_pwr_ex.o
    0x08004698   0x08004698   0x00000026   Code   RO          458    .text.HAL_RCCEx_GetD3PCLK1Freq  stm32h7xx_hal_rcc_ex.o
    0x080046be   0x080046be   0x00000002   PAD
    0x080046c0   0x080046c0   0x00000128   Code   RO          452    .text.HAL_RCCEx_GetPLL1ClockFreq  stm32h7xx_hal_rcc_ex.o
    0x080047e8   0x080047e8   0x00000124   Code   RO          454    .text.HAL_RCCEx_GetPLL2ClockFreq  stm32h7xx_hal_rcc_ex.o
    0x0800490c   0x0800490c   0x00000004   PAD
    0x08004910   0x08004910   0x00000124   Code   RO          456    .text.HAL_RCCEx_GetPLL3ClockFreq  stm32h7xx_hal_rcc_ex.o
    0x08004a34   0x08004a34   0x00000004   PAD
    0x08004a38   0x08004a38   0x00000352   Code   RO          450    .text.HAL_RCCEx_GetPeriphCLKFreq  stm32h7xx_hal_rcc_ex.o
    0x08004d8a   0x08004d8a   0x00000006   PAD
    0x08004d90   0x08004d90   0x00000a10   Code   RO          442    .text.HAL_RCCEx_PeriphCLKConfig  stm32h7xx_hal_rcc_ex.o
    0x080057a0   0x080057a0   0x00000254   Code   RO          410    .text.HAL_RCC_ClockConfig  stm32h7xx_hal_rcc.o
    0x080059f4   0x080059f4   0x00000004   PAD
    0x080059f8   0x080059f8   0x0000004c   Code   RO          420    .text.HAL_RCC_GetHCLKFreq  stm32h7xx_hal_rcc.o
    0x08005a44   0x08005a44   0x00000004   PAD
    0x08005a48   0x08005a48   0x00000026   Code   RO          422    .text.HAL_RCC_GetPCLK1Freq  stm32h7xx_hal_rcc.o
    0x08005a6e   0x08005a6e   0x00000002   PAD
    0x08005a70   0x08005a70   0x00000026   Code   RO          424    .text.HAL_RCC_GetPCLK2Freq  stm32h7xx_hal_rcc.o
    0x08005a96   0x08005a96   0x00000002   PAD
    0x08005a98   0x08005a98   0x00000108   Code   RO          412    .text.HAL_RCC_GetSysClockFreq  stm32h7xx_hal_rcc.o
    0x08005ba0   0x08005ba0   0x00000686   Code   RO          408    .text.HAL_RCC_OscConfig  stm32h7xx_hal_rcc.o
    0x08006226   0x08006226   0x00000002   PAD
    0x08006228   0x08006228   0x00000008   Code   RO          933    .text.HAL_SYSTICK_Config  stm32h7xx_hal_cortex.o
    0x08006230   0x08006230   0x000000cc   Code   RO         1628    .text.HAL_TIMEx_MasterConfigSynchronization  stm32h7xx_hal_tim_ex.o
    0x080062fc   0x080062fc   0x00000004   PAD
    0x08006300   0x08006300   0x0000006c   Code   RO         1316    .text.HAL_TIM_Base_DeInit  stm32h7xx_hal_tim.o
    0x0800636c   0x0800636c   0x00000004   PAD
    0x08006370   0x08006370   0x00000060   Code   RO         1310    .text.HAL_TIM_Base_Init  stm32h7xx_hal_tim.o
    0x080063d0   0x080063d0   0x00000064   Code   RO           74    .text.HAL_TIM_Base_MspDeInit  tim.o
    0x08006434   0x08006434   0x00000004   PAD
    0x08006438   0x08006438   0x000000bc   Code   RO           72    .text.HAL_TIM_Base_MspInit  tim.o
    0x080064f4   0x080064f4   0x00000004   PAD
    0x080064f8   0x080064f8   0x000000aa   Code   RO         1320    .text.HAL_TIM_Base_Start  stm32h7xx_hal_tim.o
    0x080065a2   0x080065a2   0x00000006   PAD
    0x080065a8   0x080065a8   0x0000002e   Code   RO         1322    .text.HAL_TIM_Base_Stop  stm32h7xx_hal_tim.o
    0x080065d6   0x080065d6   0x00000002   PAD
    0x080065d8   0x080065d8   0x0000010e   Code   RO         1506    .text.HAL_TIM_ConfigClockSource  stm32h7xx_hal_tim.o
    0x080066e6   0x080066e6   0x00000002   PAD
    0x080066e8   0x080066e8   0x0000009a   Code   RO         1470    .text.HAL_TIM_IC_ConfigChannel  stm32h7xx_hal_tim.o
    0x08006782   0x08006782   0x00000006   PAD
    0x08006788   0x08006788   0x00000060   Code   RO         1384    .text.HAL_TIM_IC_Init  stm32h7xx_hal_tim.o
    0x080067e8   0x080067e8   0x00000002   Code   RO         1386    .text.HAL_TIM_IC_MspInit  stm32h7xx_hal_tim.o
    0x080067ea   0x080067ea   0x00000006   PAD
    0x080067f0   0x080067f0   0x00000170   Code   RO         1392    .text.HAL_TIM_IC_Start  stm32h7xx_hal_tim.o
    0x08006960   0x08006960   0x000000a2   Code   RO         1394    .text.HAL_TIM_IC_Stop  stm32h7xx_hal_tim.o
    0x08006a02   0x08006a02   0x00000006   PAD
    0x08006a08   0x08006a08   0x00000034   Code   RO         1522    .text.HAL_TIM_ReadCapturedValue  stm32h7xx_hal_tim.o
    0x08006a3c   0x08006a3c   0x00000004   PAD
    0x08006a40   0x08006a40   0x0000004a   Code   RO         1516    .text.HAL_TIM_SlaveConfigSynchro  stm32h7xx_hal_tim.o
    0x08006a8a   0x08006a8a   0x00000006   PAD
    0x08006a90   0x08006a90   0x00000036   Code   RO         1831    .text.HAL_UARTEx_DisableFifoMode  stm32h7xx_hal_uart_ex.o
    0x08006ac6   0x08006ac6   0x00000002   PAD
    0x08006ac8   0x08006ac8   0x00000052   Code   RO         1839    .text.HAL_UARTEx_ReceiveToIdle_IT  stm32h7xx_hal_uart_ex.o
    0x08006b1a   0x08006b1a   0x00000006   PAD
    0x08006b20   0x08006b20   0x00000002   Code   RO         1754    .text.HAL_UARTEx_RxEventCallback  stm32h7xx_hal_uart.o
    0x08006b22   0x08006b22   0x00000006   PAD
    0x08006b28   0x08006b28   0x00000002   Code   RO         1813    .text.HAL_UARTEx_RxFifoFullCallback  stm32h7xx_hal_uart_ex.o
    0x08006b2a   0x08006b2a   0x00000006   PAD
    0x08006b30   0x08006b30   0x0000004a   Code   RO         1835    .text.HAL_UARTEx_SetRxFifoThreshold  stm32h7xx_hal_uart_ex.o
    0x08006b7a   0x08006b7a   0x00000006   PAD
    0x08006b80   0x08006b80   0x0000004a   Code   RO         1833    .text.HAL_UARTEx_SetTxFifoThreshold  stm32h7xx_hal_uart_ex.o
    0x08006bca   0x08006bca   0x00000006   PAD
    0x08006bd0   0x08006bd0   0x00000002   Code   RO         1815    .text.HAL_UARTEx_TxFifoEmptyCallback  stm32h7xx_hal_uart_ex.o
    0x08006bd2   0x08006bd2   0x00000006   PAD
    0x08006bd8   0x08006bd8   0x00000002   Code   RO         1811    .text.HAL_UARTEx_WakeupCallback  stm32h7xx_hal_uart_ex.o
    0x08006bda   0x08006bda   0x00000006   PAD
    0x08006be0   0x08006be0   0x00000002   Code   RO         1752    .text.HAL_UART_ErrorCallback  stm32h7xx_hal_uart.o
    0x08006be2   0x08006be2   0x00000006   PAD
    0x08006be8   0x08006be8   0x000003fe   Code   RO         1748    .text.HAL_UART_IRQHandler  stm32h7xx_hal_uart.o
    0x08006fe6   0x08006fe6   0x00000002   PAD
    0x08006fe8   0x08006fe8   0x00000064   Code   RO         1660    .text.HAL_UART_Init  stm32h7xx_hal_uart.o
    0x0800704c   0x0800704c   0x00000004   PAD
    0x08007050   0x08007050   0x0000010e   Code   RO           91    .text.HAL_UART_MspInit  usart.o
    0x0800715e   0x0800715e   0x00000002   PAD
    0x08007160   0x08007160   0x00000002   Code   RO         1762    .text.HAL_UART_RxCpltCallback  stm32h7xx_hal_uart.o
    0x08007162   0x08007162   0x00000006   PAD
    0x08007168   0x08007168   0x00000002   Code   RO         1758    .text.HAL_UART_TxCpltCallback  stm32h7xx_hal_uart.o
    0x0800716a   0x0800716a   0x00000006   PAD
    0x08007170   0x08007170   0x00000004   Code   RO         2103    .text.HMI_Init      serial.o
    0x08007174   0x08007174   0x00000004   PAD
    0x08007178   0x08007178   0x00000002   Code   RO          107    .text.HardFault_Handler  stm32h7xx_it.o
    0x0800717a   0x0800717a   0x00000006   PAD
    0x08007180   0x08007180   0x00000012   Code   RO          274    .text.LL_ADC_Disable  stm32h7xx_hal_adc.o
    0x08007192   0x08007192   0x00000006   PAD
    0x08007198   0x08007198   0x00000010   Code   RO          148    .text.LL_ADC_DisableDeepPowerDown  stm32h7xx_hal_adc.o
    0x080071a8   0x080071a8   0x00000012   Code   RO          272    .text.LL_ADC_Enable  stm32h7xx_hal_adc.o
    0x080071ba   0x080071ba   0x00000006   PAD
    0x080071c0   0x080071c0   0x00000014   Code   RO          152    .text.LL_ADC_EnableInternalRegulator  stm32h7xx_hal_adc.o
    0x080071d4   0x080071d4   0x00000004   PAD
    0x080071d8   0x080071d8   0x00000008   Code   RO          236    .text.LL_ADC_GetCommonPathInternalCh  stm32h7xx_hal_adc.o
    0x080071e0   0x080071e0   0x00000008   Code   RO          174    .text.LL_ADC_GetMultimode  stm32h7xx_hal_adc.o
    0x080071e8   0x080071e8   0x00000008   Code   RO          160    .text.LL_ADC_INJ_IsConversionOngoing  stm32h7xx_hal_adc.o
    0x080071f0   0x080071f0   0x00000012   Code   RO          270    .text.LL_ADC_INJ_StopConversion  stm32h7xx_hal_adc.o
    0x08007202   0x08007202   0x00000006   PAD
    0x08007208   0x08007208   0x00000008   Code   RO          146    .text.LL_ADC_IsDeepPowerDownEnabled  stm32h7xx_hal_adc.o
    0x08007210   0x08007210   0x00000008   Code   RO          266    .text.LL_ADC_IsDisableOngoing  stm32h7xx_hal_adc.o
    0x08007218   0x08007218   0x00000008   Code   RO          156    .text.LL_ADC_IsEnabled  stm32h7xx_hal_adc.o
    0x08007220   0x08007220   0x00000008   Code   RO          296    .text.LL_ADC_IsEnabled  stm32h7xx_hal_adc_ex.o
    0x08007228   0x08007228   0x00000008   Code   RO          150    .text.LL_ADC_IsInternalRegulatorEnabled  stm32h7xx_hal_adc.o
    0x08007230   0x08007230   0x00000008   Code   RO          154    .text.LL_ADC_REG_IsConversionOngoing  stm32h7xx_hal_adc.o
    0x08007238   0x08007238   0x00000008   Code   RO          298    .text.LL_ADC_REG_IsConversionOngoing  stm32h7xx_hal_adc_ex.o
    0x08007240   0x08007240   0x0000000e   Code   RO          186    .text.LL_ADC_REG_IsTriggerSourceSWStart  stm32h7xx_hal_adc.o
    0x0800724e   0x0800724e   0x00000002   PAD
    0x08007250   0x08007250   0x0000000c   Code   RO          202    .text.LL_ADC_REG_SetDataTransferMode  stm32h7xx_hal_adc.o
    0x0800725c   0x0800725c   0x00000004   PAD
    0x08007260   0x08007260   0x0000002c   Code   RO          222    .text.LL_ADC_REG_SetSequencerRanks  stm32h7xx_hal_adc.o
    0x0800728c   0x0800728c   0x00000004   PAD
    0x08007290   0x08007290   0x00000012   Code   RO          178    .text.LL_ADC_REG_StartConversion  stm32h7xx_hal_adc.o
    0x080072a2   0x080072a2   0x00000006   PAD
    0x080072a8   0x080072a8   0x00000012   Code   RO          268    .text.LL_ADC_REG_StopConversion  stm32h7xx_hal_adc.o
    0x080072ba   0x080072ba   0x00000006   PAD
    0x080072c0   0x080072c0   0x00000020   Code   RO          234    .text.LL_ADC_SetChannelPreselection  stm32h7xx_hal_adc.o
    0x080072e0   0x080072e0   0x00000028   Code   RO          224    .text.LL_ADC_SetChannelSamplingTime  stm32h7xx_hal_adc.o
    0x08007308   0x08007308   0x0000002a   Code   RO          232    .text.LL_ADC_SetChannelSingleDiff  stm32h7xx_hal_adc.o
    0x08007332   0x08007332   0x00000006   PAD
    0x08007338   0x08007338   0x0000000c   Code   RO          158    .text.LL_ADC_SetCommonClock  stm32h7xx_hal_adc.o
    0x08007344   0x08007344   0x00000004   PAD
    0x08007348   0x08007348   0x0000000c   Code   RO          238    .text.LL_ADC_SetCommonPathInternalCh  stm32h7xx_hal_adc.o
    0x08007354   0x08007354   0x00000004   PAD
    0x08007358   0x08007358   0x00000014   Code   RO          230    .text.LL_ADC_SetDataRightShift  stm32h7xx_hal_adc.o
    0x0800736c   0x0800736c   0x00000004   PAD
    0x08007370   0x08007370   0x00000016   Code   RO          226    .text.LL_ADC_SetOffset  stm32h7xx_hal_adc.o
    0x08007386   0x08007386   0x00000002   PAD
    0x08007388   0x08007388   0x00000010   Code   RO          228    .text.LL_ADC_SetOffsetSignedSaturation  stm32h7xx_hal_adc.o
    0x08007398   0x08007398   0x00000038   Code   RO           13    .text.MPU_Config    main.o
    0x080073d0   0x080073d0   0x000000b2   Code   RO           41    .text.MX_ADC1_Init  adc.o
    0x08007482   0x08007482   0x00000006   PAD
    0x08007488   0x08007488   0x00000032   Code   RO           57    .text.MX_DMA_Init   dma.o
    0x080074ba   0x080074ba   0x00000006   PAD
    0x080074c0   0x080074c0   0x0000015a   Code   RO           32    .text.MX_GPIO_Init  gpio.o
    0x0800761a   0x0800761a   0x00000006   PAD
    0x08007620   0x08007620   0x0000007a   Code   RO           66    .text.MX_TIM1_Init  tim.o
    0x0800769a   0x0800769a   0x00000006   PAD
    0x080076a0   0x080076a0   0x000000b8   Code   RO           68    .text.MX_TIM2_Init  tim.o
    0x08007758   0x08007758   0x0000007a   Code   RO           70    .text.MX_TIM3_Init  tim.o
    0x080077d2   0x080077d2   0x00000006   PAD
    0x080077d8   0x080077d8   0x0000007a   Code   RO           87    .text.MX_USART1_UART_Init  usart.o
    0x08007852   0x08007852   0x00000006   PAD
    0x08007858   0x08007858   0x0000007a   Code   RO           89    .text.MX_USART3_UART_Init  usart.o
    0x080078d2   0x080078d2   0x00000006   PAD
    0x080078d8   0x080078d8   0x00000002   Code   RO          109    .text.MemManage_Handler  stm32h7xx_it.o
    0x080078da   0x080078da   0x00000006   PAD
    0x080078e0   0x080078e0   0x00000002   Code   RO          105    .text.NMI_Handler   stm32h7xx_it.o
    0x080078e2   0x080078e2   0x00000006   PAD
    0x080078e8   0x080078e8   0x0000002e   Code   RO          919    .text.NVIC_EncodePriority  stm32h7xx_hal_cortex.o
    0x08007916   0x08007916   0x00000002   PAD
    0x08007918   0x08007918   0x00000002   Code   RO          119    .text.PendSV_Handler  stm32h7xx_it.o
    0x0800791a   0x0800791a   0x00000006   PAD
    0x08007920   0x08007920   0x0000011e   Code   RO          444    .text.RCCEx_PLL2_Config  stm32h7xx_hal_rcc_ex.o
    0x08007a3e   0x08007a3e   0x00000002   PAD
    0x08007a40   0x08007a40   0x0000011e   Code   RO          446    .text.RCCEx_PLL3_Config  stm32h7xx_hal_rcc_ex.o
    0x08007b5e   0x08007b5e   0x00000002   PAD
    0x08007b60   0x08007b60   0x00000002   Code   RO          115    .text.SVC_Handler   stm32h7xx_it.o
    0x08007b62   0x08007b62   0x00000006   PAD
    0x08007b68   0x08007b68   0x00000022   Code   RO         2174    .text.Scheduler_Init  scheduler.o
    0x08007b8a   0x08007b8a   0x00000006   PAD
    0x08007b90   0x08007b90   0x000000d2   Code   RO         2178    .text.Scheduler_Run  scheduler.o
    0x08007c62   0x08007c62   0x00000006   PAD
    0x08007c68   0x08007c68   0x00000014   Code   RO         2099    .text.Serial_RxInit  serial.o
    0x08007c7c   0x08007c7c   0x00000004   PAD
    0x08007c80   0x08007c80   0x0000002e   Code   RO          935    .text.SysTick_Config  stm32h7xx_hal_cortex.o
    0x08007cae   0x08007cae   0x00000002   PAD
    0x08007cb0   0x08007cb0   0x00000008   Code   RO          121    .text.SysTick_Handler  stm32h7xx_it.o
    0x08007cb8   0x08007cb8   0x000000bc   Code   RO           15    .text.SystemClock_Config  main.o
    0x08007d74   0x08007d74   0x00000004   PAD
    0x08007d78   0x08007d78   0x000000ee   Code   RO         1854    .text.SystemInit    system_stm32h7xx.o
    0x08007e66   0x08007e66   0x00000002   PAD
    0x08007e68   0x08007e68   0x00000140   Code   RO         1314    .text.TIM_Base_SetConfig  stm32h7xx_hal_tim.o
    0x08007fa8   0x08007fa8   0x0000001e   Code   RO         1348    .text.TIM_CCxChannelCmd  stm32h7xx_hal_tim.o
    0x08007fc6   0x08007fc6   0x00000002   PAD
    0x08007fc8   0x08007fc8   0x00000014   Code   RO         1504    .text.TIM_ETR_SetConfig  stm32h7xx_hal_tim.o
    0x08007fdc   0x08007fdc   0x00000004   PAD
    0x08007fe0   0x08007fe0   0x00000016   Code   RO         1510    .text.TIM_ITRx_SetConfig  stm32h7xx_hal_tim.o
    0x08007ff6   0x08007ff6   0x00000002   PAD
    0x08007ff8   0x08007ff8   0x00000140   Code   RO         1518    .text.TIM_SlaveTimer_SetConfig  stm32h7xx_hal_tim.o
    0x08008138   0x08008138   0x0000006a   Code   RO         1508    .text.TIM_TI1_ConfigInputStage  stm32h7xx_hal_tim.o
    0x080081a2   0x080081a2   0x00000006   PAD
    0x080081a8   0x080081a8   0x000000f6   Code   RO         1472    .text.TIM_TI1_SetConfig  stm32h7xx_hal_tim.o
    0x0800829e   0x0800829e   0x00000002   PAD
    0x080082a0   0x080082a0   0x0000003e   Code   RO         1512    .text.TIM_TI2_ConfigInputStage  stm32h7xx_hal_tim.o
    0x080082de   0x080082de   0x00000002   PAD
    0x080082e0   0x080082e0   0x0000004e   Code   RO         1474    .text.TIM_TI2_SetConfig  stm32h7xx_hal_tim.o
    0x0800832e   0x0800832e   0x00000002   PAD
    0x08008330   0x08008330   0x00000044   Code   RO         1476    .text.TIM_TI3_SetConfig  stm32h7xx_hal_tim.o
    0x08008374   0x08008374   0x00000004   PAD
    0x08008378   0x08008378   0x0000003a   Code   RO         1478    .text.TIM_TI4_SetConfig  stm32h7xx_hal_tim.o
    0x080083b2   0x080083b2   0x00000006   PAD
    0x080083b8   0x080083b8   0x00000018   Code   RO         2208    .text.Task_100ms    tasks.o
    0x080083d0   0x080083d0   0x00000008   Code   RO         2206    .text.Task_10ms     tasks.o
    0x080083d8   0x080083d8   0x00000002   Code   RO         2212    .text.Task_1min     tasks.o
    0x080083da   0x080083da   0x00000006   PAD
    0x080083e0   0x080083e0   0x00000002   Code   RO         2182    .text.Task_1ms      scheduler.o
    0x080083e2   0x080083e2   0x00000006   PAD
    0x080083e8   0x080083e8   0x00000002   Code   RO         2210    .text.Task_1sec     tasks.o
    0x080083ea   0x080083ea   0x00000006   PAD
    0x080083f0   0x080083f0   0x00000026   Code   RO         2202    .text.Tasks_Init    tasks.o
    0x08008416   0x08008416   0x00000002   PAD
    0x08008418   0x08008418   0x0000000e   Code   RO         2180    .text.Tick_Elapsed  scheduler.o
    0x08008426   0x08008426   0x00000002   PAD
    0x08008428   0x08008428   0x0000000a   Code   RO         2176    .text.Tick_Get      scheduler.o
    0x08008432   0x08008432   0x00000006   PAD
    0x08008438   0x08008438   0x00000054   Code   RO         1829    .text.UARTEx_SetNbDataToProcess  stm32h7xx_hal_uart_ex.o
    0x0800848c   0x0800848c   0x00000004   PAD
    0x08008490   0x08008490   0x000000e0   Code   RO         1664    .text.UART_AdvFeatureConfig  stm32h7xx_hal_uart.o
    0x08008570   0x08008570   0x000000b8   Code   RO         1668    .text.UART_CheckIdleState  stm32h7xx_hal_uart.o
    0x08008628   0x08008628   0x0000000a   Code   RO         1750    .text.UART_DMAAbortOnError  stm32h7xx_hal_uart.o
    0x08008632   0x08008632   0x00000006   PAD
    0x08008638   0x08008638   0x0000005a   Code   RO         1720    .text.UART_EndRxTransfer  stm32h7xx_hal_uart.o
    0x08008692   0x08008692   0x00000006   PAD
    0x08008698   0x08008698   0x00000028   Code   RO         1756    .text.UART_EndTransmit_IT  stm32h7xx_hal_uart.o
    0x080086c0   0x080086c0   0x000000d2   Code   RO         1792    .text.UART_RxISR_16BIT  stm32h7xx_hal_uart.o
    0x08008792   0x08008792   0x00000006   PAD
    0x08008798   0x08008798   0x000001be   Code   RO         1788    .text.UART_RxISR_16BIT_FIFOEN  stm32h7xx_hal_uart.o
    0x08008956   0x08008956   0x00000002   PAD
    0x08008958   0x08008958   0x000000d6   Code   RO         1794    .text.UART_RxISR_8BIT  stm32h7xx_hal_uart.o
    0x08008a2e   0x08008a2e   0x00000002   PAD
    0x08008a30   0x08008a30   0x000001c2   Code   RO         1790    .text.UART_RxISR_8BIT_FIFOEN  stm32h7xx_hal_uart.o
    0x08008bf2   0x08008bf2   0x00000006   PAD
    0x08008bf8   0x08008bf8   0x00000582   Code   RO         1666    .text.UART_SetConfig  stm32h7xx_hal_uart.o
    0x0800917a   0x0800917a   0x00000006   PAD
    0x08009180   0x08009180   0x0000011c   Code   RO         1698    .text.UART_Start_Receive_IT  stm32h7xx_hal_uart.o
    0x0800929c   0x0800929c   0x00000004   PAD
    0x080092a0   0x080092a0   0x000000c2   Code   RO         1682    .text.UART_WaitOnFlagUntilTimeout  stm32h7xx_hal_uart.o
    0x08009362   0x08009362   0x00000006   PAD
    0x08009368   0x08009368   0x00000010   Code   RO          125    .text.USART3_IRQHandler  stm32h7xx_it.o
    0x08009378   0x08009378   0x00000002   Code   RO          113    .text.UsageFault_Handler  stm32h7xx_it.o
    0x0800937a   0x0800937a   0x00000006   PAD
    0x08009380   0x08009380   0x00000028   Code   RO          927    .text.__NVIC_DisableIRQ  stm32h7xx_hal_cortex.o
    0x080093a8   0x080093a8   0x00000020   Code   RO          923    .text.__NVIC_EnableIRQ  stm32h7xx_hal_cortex.o
    0x080093c8   0x080093c8   0x00000010   Code   RO          915    .text.__NVIC_GetPriorityGrouping  stm32h7xx_hal_cortex.o
    0x080093d8   0x080093d8   0x00000022   Code   RO          917    .text.__NVIC_SetPriority  stm32h7xx_hal_cortex.o
    0x080093fa   0x080093fa   0x00000006   PAD
    0x08009400   0x08009400   0x00000020   Code   RO          911    .text.__NVIC_SetPriorityGrouping  stm32h7xx_hal_cortex.o
    0x08009420   0x08009420   0x00000046   Code   RO         1871    .text.arm_bitreversal_32_extra  arm_bitreversal2_extra.o
    0x08009466   0x08009466   0x00000002   PAD
    0x08009468   0x08009468   0x00000106   Code   RO         1884    .text.arm_cfft_f32_extra  arm_cfft_f32_extra.o
    0x0800956e   0x0800956e   0x00000002   PAD
    0x08009570   0x08009570   0x00000190   Code   RO         1880    .text.arm_cfft_radix8by2_f32_extra  arm_cfft_f32_extra.o
    0x08009700   0x08009700   0x000004be   Code   RO         1882    .text.arm_cfft_radix8by4_f32_extra  arm_cfft_f32_extra.o
    0x08009bbe   0x08009bbe   0x00000002   PAD
    0x08009bc0   0x08009bc0   0x00000108   Code   RO         2235    .text.fft_find_peaks  fft_analyzer.o
    0x08009cc8   0x08009cc8   0x00000058   Code   RO         2231    .text.fft_get_axis  fft_analyzer.o
    0x08009d20   0x08009d20   0x0000005c   Code   RO         2233    .text.fft_normalize  fft_analyzer.o
    0x08009d7c   0x08009d7c   0x00000004   PAD
    0x08009d80   0x08009d80   0x00000070   Code   RO         2225    .text.fft_prepare   fft_analyzer.o
    0x08009df0   0x08009df0   0x000000c0   Code   RO         2229    .text.fft_process   fft_analyzer.o
    0x08009eb0   0x08009eb0   0x00000082   Code   RO         2239    .text.find_vpp      fft_analyzer.o
    0x08009f32   0x08009f32   0x00000006   PAD
    0x08009f38   0x08009f38   0x000000c4   Code   RO         2135    .text.freq_hw_switch  freq_measure.o
    0x08009ffc   0x08009ffc   0x00000004   PAD
    0x0800a000   0x0800a000   0x00000068   Code   RO         2139    .text.freq_read_period  freq_measure.o
    0x0800a068   0x0800a068   0x000000ee   Code   RO           11    .text.main          main.o
    0x0800a156   0x0800a156   0x00000002   PAD
    0x0800a158   0x0800a158   0x00000044   Code   RO         2241    .text.parabolic_interpolate  fft_analyzer.o
    0x0800a19c   0x0800a19c   0x00000026   Code   RO         3194    i.__ARM_fpclassifyf  m_wv.l(fpclassifyf.o)
    0x0800a1c2   0x0800a1c2   0x00000002   PAD
    0x0800a1c4   0x0800a1c4   0x000002ac   Code   RO         2895    i.__hardfp_atan2f   m_wv.l(atan2f.o)
    0x0800a470   0x0800a470   0x0000003a   Code   RO         2908    i.__hardfp_sqrtf    m_wv.l(sqrtf.o)
    0x0800a4aa   0x0800a4aa   0x00000006   Code   RO         3198    i.__mathlib_flt_infnan2  m_wv.l(funder.o)
    0x0800a4b0   0x0800a4b0   0x00000010   Code   RO         3202    i.__mathlib_flt_underflow  m_wv.l(funder.o)
    0x0800a4c0   0x0800a4c0   0x0000000e   Code   RO         3274    i.__scatterload_copy  mc_w.l(handlers.o)
    0x0800a4ce   0x0800a4ce   0x00000002   Code   RO         3275    i.__scatterload_null  mc_w.l(handlers.o)
    0x0800a4d0   0x0800a4d0   0x0000000e   Code   RO         3276    i.__scatterload_zeroinit  mc_w.l(handlers.o)
    0x0800a4de   0x0800a4de   0x00000002   PAD
    0x0800a4e0   0x0800a4e0   0x0000000c   Code   RO         3246    i.__set_errno       mc_w.l(errno.o)
    0x0800a4ec   0x0800a4ec   0x00000010   Data   RO         1862    .rodata.D1CorePrescTable  system_stm32h7xx.o
    0x0800a4fc   0x0800a4fc   0x00000018   Data   RO         1800    .rodata.UARTPrescTable  stm32h7xx_hal_uart.o
    0x0800a514   0x0800a514   0x00003b80   Data   RO         1911    .rodata.armBitRevIndexTableExtra2048  arm_common_tables_extra.o
    0x0800e094   0x0800e094   0x00000010   Data   RO         1948    .rodata.arm_cfft_sR_f32_len2048_extra  arm_const_structs_extra.o
    0x0800e0a4   0x0800e0a4   0x00000010   Data   RO         1845    .rodata.cst8        stm32h7xx_hal_uart_ex.o
    0x0800e0b4   0x0800e0b4   0x00004000   Data   RO         1922    .rodata.twiddleCoefExtra_2048  arm_common_tables_extra.o
    0x080120b4   0x080120b4   0x00000030   Data   RO         3273    Region$$Table       anon$$obj.o


    Execution Region RW_IRAM1 (Exec base: 0x20000000, Load base: 0x080120e4, Size: 0x00000000, Max: 0x00020000, ABSOLUTE)

    **** No section assigned to this execution region ****


    Execution Region RW_IRAM2 (Exec base: 0x24000000, Load base: 0x080120e8, Size: 0x0000a950, Max: 0x00080000, ABSOLUTE, COMPRESSED[0x00000030])

    Exec Addr    Load Addr    Size         Type   Attr      Idx    E Section Name        Object

    0x24000000   COMPRESSED   0x00001000   Data   RW         2162    .AXI_SRAM           adc_task.o
    0x24001000   COMPRESSED   0x00000004   Data   RW         3247    .data               mc_w.l(errno.o)
    0x24001004   COMPRESSED   0x00000004   Data   RW         1860    .data.SystemCoreClock  system_stm32h7xx.o
    0x24001008   COMPRESSED   0x00000004   Data   RW         1861    .data.SystemD2Clock  system_stm32h7xx.o
    0x2400100c   COMPRESSED   0x00000001   Data   RW         1084    .data.uwTickFreq    stm32h7xx_hal.o
    0x2400100d   COMPRESSED   0x00000003   PAD
    0x24001010   COMPRESSED   0x00000004   Data   RW         1083    .data.uwTickPrio    stm32h7xx_hal.o
    0x24001014   COMPRESSED   0x00000004   PAD
    0x24001018        -       0x00000001   Zero   RW         2250    .bss.fft_get_axis.inited  fft_analyzer.o
    0x24001019        -       0x00000001   Zero   RW         2161    .bss.g_adc_dma_done  adc_task.o
    0x2400101a   COMPRESSED   0x00000002   PAD
    0x2400101c        -       0x00004000   Zero   RW         2163    .bss.g_fft_in       adc_task.o
    0x2400501c        -       0x00005000   Zero   RW         2164    .bss.g_fft_out      adc_task.o
    0x2400a01c        -       0x00000020   Zero   RW         2215    .bss.g_freq_measure  tasks.o
    0x2400a03c        -       0x00000004   Zero   RW         2160    .bss.g_hadc         adc_task.o
    0x2400a040        -       0x00000004   Zero   RW         2214    .bss.g_hmi          tasks.o
    0x2400a044        -       0x00000004   Zero   RW         2159    .bss.g_htim         adc_task.o
    0x2400a048        -       0x00000006   Zero   RW         2165    .bss.g_peaks        adc_task.o
    0x2400a04e   COMPRESSED   0x00000002   PAD
    0x2400a050        -       0x0000000a   Zero   RW         2192    .bss.g_sched        scheduler.o
    0x2400a05a   COMPRESSED   0x00000002   PAD
    0x2400a05c        -       0x0000000c   Zero   RW         2216    .bss.g_wave_info    tasks.o
    0x2400a068        -       0x00000064   Zero   RW           47    .bss.hadc1          adc.o
    0x2400a0cc        -       0x00000078   Zero   RW           48    .bss.hdma_adc1      adc.o
    0x2400a144        -       0x0000004c   Zero   RW           76    .bss.htim1          tim.o
    0x2400a190        -       0x0000004c   Zero   RW           77    .bss.htim2          tim.o
    0x2400a1dc        -       0x0000004c   Zero   RW           78    .bss.htim3          tim.o
    0x2400a228        -       0x00000094   Zero   RW           95    .bss.huart1         usart.o
    0x2400a2bc        -       0x00000094   Zero   RW           96    .bss.huart3         usart.o
    0x2400a350        -       0x000001f4   Zero   RW         2123    .bss.rx_buf         serial.o
    0x2400a544        -       0x00000002   Zero   RW         2193    .bss.s_last_tick    scheduler.o
    0x2400a546   COMPRESSED   0x00000002   PAD
    0x2400a548        -       0x00000004   Zero   RW         1085    .bss.uwTick         stm32h7xx_hal.o
    0x2400a54c   COMPRESSED   0x00000004   PAD
    0x2400a550        -       0x00000400   Zero   RW            1    STACK               startup_stm32h743xx.o


    Execution Region RW_IRAM3 (Exec base: 0x30000000, Load base: 0x08012118, Size: 0x00001000, Max: 0x00004000, ABSOLUTE, COMPRESSED[0x00000024])

    Exec Addr    Load Addr    Size         Type   Attr      Idx    E Section Name        Object

    0x30000000   COMPRESSED   0x00001000   Data   RW         2249    .SRAM1              fft_analyzer.o


    Execution Region RW_IRAM4 (Exec base: 0x30004000, Load base: 0x0801213c, Size: 0x00000000, Max: 0x00004000, ABSOLUTE)

    **** No section assigned to this execution region ****


    Execution Region RW_IRAM5 (Exec base: 0x38000000, Load base: 0x0801213c, Size: 0x00000000, Max: 0x00004000, ABSOLUTE)

    **** No section assigned to this execution region ****


==============================================================================

Image component sizes


      Code (inc. data)   RO Data    RW Data    ZI Data      Debug   Object Name

       404          0          0          0        220       8931   adc.o
       200          0          0       4096      36879       7600   adc_task.o
        70          0          0          0          0        902   arm_bitreversal2_extra.o
      1876          0          0          0          0       8302   arm_cfft_f32_extra.o
         0          0      31616          0          0       2337   arm_common_tables_extra.o
         0          0         16          0          0       1245   arm_const_structs_extra.o
        50          0          0          0          0       5285   dma.o
       946         40          0       4096          1       7993   fft_analyzer.o
       544         12          0          0          0      11438   freq_measure.o
       346          0          0          0          0       3098   gpio.o
       518          0          0          0          0      11012   main.o
       270          0          0          0         12       1952   scheduler.o
        24          0          0          0        500       9083   serial.o
        44         12        664          0       1024        820   startup_stm32h743xx.o
       236          0          0          5          4      14958   stm32h7xx_hal.o
      3336         12          0          0          0      24196   stm32h7xx_hal_adc.o
       288          0          0          0          0      23716   stm32h7xx_hal_adc_ex.o
       460          0          0          0          0      12976   stm32h7xx_hal_cortex.o
      9156         12          0          0          0      17940   stm32h7xx_hal_dma.o
       704          0          0          0          0       6987   stm32h7xx_hal_gpio.o
        32          0          0          0          0       2198   stm32h7xx_hal_msp.o
        72          0          0          0          0      10610   stm32h7xx_hal_pwr_ex.o
      2682         16          0          0          0      11473   stm32h7xx_hal_rcc.o
      4916        192          0          0          0      17664   stm32h7xx_hal_rcc_ex.o
      2928         20          0          0          0      51761   stm32h7xx_hal_tim.o
       204          0          0          0          0      22362   stm32h7xx_hal_tim_ex.o
      4886        382         24          0          0      36589   stm32h7xx_hal_uart.o
       374          0         16          0          0      10451   stm32h7xx_hal_uart_ex.o
        56          0          0          0          0       1528   stm32h7xx_it.o
       264          0         16          8          0       6258   system_stm32h7xx.o
       118          0          0          0         48       6897   tasks.o
       716          0          0          0        228       8056   tim.o
       514          0          0          0        296      11504   usart.o

    ----------------------------------------------------------------------
     37872        714      32400       8208      39228     378122   Object Totals
         0          0         48          0          0          0   (incl. Generated)
       638         16          0          3         16          0   (incl. Padding)

    ----------------------------------------------------------------------

      Code (inc. data)   RO Data    RW Data    ZI Data      Debug   Library Member Name

      2132          6          0          0          0       2615   arm_cfft_radix8_f32.o
         0          0          0          0          0      17868   arm_dot_prod_f32.o
       684         90          0          0          0        208   atan2f.o
        38          0          0          0          0        116   fpclassifyf.o
        22          6          0          0          0        232   funder.o
        58          0          0          0          0        136   sqrtf.o
        58          0          0          0          0          0   __dczerorl.o
         0          0          0          0          0          0   entry.o
         0          0          0          0          0          0   entry10a.o
         0          0          0          0          0          0   entry11a.o
         8          4          0          0          0          0   entry2.o
         4          0          0          0          0          0   entry5.o
         0          0          0          0          0          0   entry7b.o
         0          0          0          0          0          0   entry8b.o
         8          4          0          0          0          0   entry9a.o
        12          6          0          4          0         68   errno.o
        30          0          0          0          0          0   handlers.o
        36          8          0          0          0         68   init.o
         0          0          0          0          0          0   iusefp.o
        30          0          0          0          0         68   llshl.o
        32          0          0          0          0         68   llushr.o
        36          0          0          0          0        108   memseta.o
        98          0          0          0          0         92   uldiv.o
       176          0          0          0          0        140   fadd.o
       110          0          0          0          0        168   fepilogue.o
       100          0          0          0          0         76   fmul.o

    ----------------------------------------------------------------------
      3684        124          0          4          0      22031   Library Totals
        12          0          0          0          0          0   (incl. Padding)

    ----------------------------------------------------------------------

      Code (inc. data)   RO Data    RW Data    ZI Data      Debug   Library Name

      2132          6          0          0          0      20483   arm_cortexM7l_math.lib
       802         96          0          0          0        692   m_wv.l
       352         22          0          4          0        472   mc_w.l
       386          0          0          0          0        384   mf_w.l

    ----------------------------------------------------------------------
      3684        124          0          4          0      22031   Library Totals

    ----------------------------------------------------------------------

==============================================================================


      Code (inc. data)   RO Data    RW Data    ZI Data      Debug   

     41556        838      32400       8212      39228     399093   Grand Totals
     41556        838      32400         84      39228     399093   ELF Image Totals (compressed)
     41556        838      32400         84          0          0   ROM Totals

==============================================================================

    Total RO  Size (Code + RO Data)                73956 (  72.22kB)
    Total RW  Size (RW Data + ZI Data)             47440 (  46.33kB)
    Total ROM Size (Code + RO Data + RW Data)      74040 (  72.30kB)

==============================================================================

