Component: Arm Compiler for Embedded 6.24 Tool: armlink [5f371500]

==============================================================================

Section Cross References

    startup_stm32h743xx.o(RESET) refers to startup_stm32h743xx.o(STACK) for __initial_sp
    startup_stm32h743xx.o(RESET) refers to startup_stm32h743xx.o(.text) for Reset_Handler
    startup_stm32h743xx.o(RESET) refers to stm32h7xx_it.o(.text.NMI_Handler) for NMI_Handler
    startup_stm32h743xx.o(RESET) refers to stm32h7xx_it.o(.text.HardFault_Handler) for HardFault_Handler
    startup_stm32h743xx.o(RESET) refers to stm32h7xx_it.o(.text.MemManage_Handler) for MemManage_Handler
    startup_stm32h743xx.o(RESET) refers to stm32h7xx_it.o(.text.BusFault_Handler) for BusFault_Handler
    startup_stm32h743xx.o(RESET) refers to stm32h7xx_it.o(.text.UsageFault_Handler) for UsageFault_Handler
    startup_stm32h743xx.o(RESET) refers to stm32h7xx_it.o(.text.SVC_Handler) for SVC_Handler
    startup_stm32h743xx.o(RESET) refers to stm32h7xx_it.o(.text.DebugMon_Handler) for DebugMon_Handler
    startup_stm32h743xx.o(RESET) refers to stm32h7xx_it.o(.text.PendSV_Handler) for PendSV_Handler
    startup_stm32h743xx.o(RESET) refers to stm32h7xx_it.o(.text.SysTick_Handler) for SysTick_Handler
    startup_stm32h743xx.o(RESET) refers to stm32h7xx_it.o(.text.DMA1_Stream0_IRQHandler) for DMA1_Stream0_IRQHandler
    startup_stm32h743xx.o(RESET) refers to stm32h7xx_it.o(.text.USART3_IRQHandler) for USART3_IRQHandler
    startup_stm32h743xx.o(.text) refers to system_stm32h7xx.o(.text.ExitRun0Mode) for ExitRun0Mode
    startup_stm32h743xx.o(.text) refers to system_stm32h7xx.o(.text.SystemInit) for SystemInit
    startup_stm32h743xx.o(.text) refers to entry.o(.ARM.Collect$$$$00000000) for __main
    main.o(.text.main) refers to stm32h7xx_hal_cortex.o(.text.HAL_MPU_Disable) for HAL_MPU_Disable
    main.o(.text.main) refers to stm32h7xx_hal_cortex.o(.text.HAL_MPU_ConfigRegion) for HAL_MPU_ConfigRegion
    main.o(.text.main) refers to stm32h7xx_hal_cortex.o(.text.HAL_MPU_Enable) for HAL_MPU_Enable
    main.o(.text.main) refers to stm32h7xx_hal.o(.text.HAL_Init) for HAL_Init
    main.o(.text.main) refers to main.o(.text.SystemClock_Config) for SystemClock_Config
    main.o(.text.main) refers to gpio.o(.text.MX_GPIO_Init) for MX_GPIO_Init
    main.o(.text.main) refers to dma.o(.text.MX_DMA_Init) for MX_DMA_Init
    main.o(.text.main) refers to adc.o(.text.MX_ADC1_Init) for MX_ADC1_Init
    main.o(.text.main) refers to tim.o(.text.MX_TIM3_Init) for MX_TIM3_Init
    main.o(.text.main) refers to tim.o(.text.MX_TIM2_Init) for MX_TIM2_Init
    main.o(.text.main) refers to usart.o(.text.MX_USART3_UART_Init) for MX_USART3_UART_Init
    main.o(.text.main) refers to usart.o(.text.MX_USART1_UART_Init) for MX_USART1_UART_Init
    main.o(.text.main) refers to tim.o(.text.MX_TIM1_Init) for MX_TIM1_Init
    main.o(.text.main) refers to usart.o(.bss.huart3) for huart3
    main.o(.text.main) refers to serial.o(.text.Serial_RxInit) for Serial_RxInit
    main.o(.text.main) refers to tim.o(.bss.htim3) for htim3
    main.o(.text.main) refers to adc.o(.bss.hadc1) for hadc1
    main.o(.text.main) refers to adc_task.o(.text.ADC_Task_Init) for ADC_Task_Init
    main.o(.text.main) refers to adc_task.o(.text.ADC_Task_Start) for ADC_Task_Start
    main.o(.text.main) refers to tasks.o(.text.Tasks_Init) for Tasks_Init
    main.o(.text.main) refers to scheduler.o(.text.Scheduler_Init) for Scheduler_Init
    main.o(.text.main) refers to ad9959.o(.text.AD9959_Init) for AD9959_Init
    main.o(.text.main) refers to ad9959.o(.text.AD9959_Set_All) for AD9959_Set_All
    main.o(.text.main) refers to ad9959.o(.text.AD9959_Update) for AD9959_Update
    main.o(.text.main) refers to scheduler.o(.text.Scheduler_Run) for Scheduler_Run
    main.o(.ARM.exidx.text.main) refers to main.o(.text.main) for [Anonymous Symbol]
    main.o(.text.SystemClock_Config) refers to memseta.o(.text) for __aeabi_memclr4
    main.o(.text.SystemClock_Config) refers to stm32h7xx_hal_pwr_ex.o(.text.HAL_PWREx_ConfigSupply) for HAL_PWREx_ConfigSupply
    main.o(.text.SystemClock_Config) refers to stm32h7xx_hal_rcc.o(.text.HAL_RCC_OscConfig) for HAL_RCC_OscConfig
    main.o(.text.SystemClock_Config) refers to stm32h7xx_hal_rcc.o(.text.HAL_RCC_ClockConfig) for HAL_RCC_ClockConfig
    main.o(.ARM.exidx.text.SystemClock_Config) refers to main.o(.text.SystemClock_Config) for [Anonymous Symbol]
    main.o(.ARM.exidx.text.Error_Handler) refers to main.o(.text.Error_Handler) for [Anonymous Symbol]
    main.o(.text.HAL_ADC_ConvCpltCallback) refers to adc_task.o(.bss.g_adc_dma_done) for g_adc_dma_done
    main.o(.ARM.exidx.text.HAL_ADC_ConvCpltCallback) refers to main.o(.text.HAL_ADC_ConvCpltCallback) for [Anonymous Symbol]
    main.o(.text.UsartReceive_IDLE) refers to serial.o(.text.Serial_RxOnIdle) for Serial_RxOnIdle
    main.o(.ARM.exidx.text.UsartReceive_IDLE) refers to main.o(.text.UsartReceive_IDLE) for [Anonymous Symbol]
[...]
    [Anonymous Symbol]                       0x080072f0   Section        0  stm32h7xx_hal_uart.o(.text.HAL_UART_RxCpltCallback)
    [Anonymous Symbol]                       0x080072f8   Section        0  stm32h7xx_hal_uart.o(.text.HAL_UART_TxCpltCallback)
    [Anonymous Symbol]                       0x08007300   Section        0  serial.o(.text.HMI_Init)
    [Anonymous Symbol]                       0x08007308   Section        0  stm32h7xx_it.o(.text.HardFault_Handler)
    [Anonymous Symbol]                       0x08007310   Section        0  adc.o(.text.MX_ADC1_Init)
    [Anonymous Symbol]                       0x080073c8   Section        0  dma.o(.text.MX_DMA_Init)
    [Anonymous Symbol]                       0x08007400   Section        0  gpio.o(.text.MX_GPIO_Init)
    [Anonymous Symbol]                       0x08007560   Section        0  tim.o(.text.MX_TIM1_Init)
    [Anonymous Symbol]                       0x080075e0   Section        0  tim.o(.text.MX_TIM2_Init)
    [Anonymous Symbol]                       0x08007698   Section        0  tim.o(.text.MX_TIM3_Init)
    [Anonymous Symbol]                       0x08007718   Section        0  usart.o(.text.MX_USART1_UART_Init)
    [Anonymous Symbol]                       0x08007798   Section        0  usart.o(.text.MX_USART3_UART_Init)
    [Anonymous Symbol]                       0x08007818   Section        0  stm32h7xx_it.o(.text.MemManage_Handler)
    [Anonymous Symbol]                       0x08007820   Section        0  stm32h7xx_it.o(.text.NMI_Handler)
    [Anonymous Symbol]                       0x08007828   Section        0  stm32h7xx_it.o(.text.PendSV_Handler)
    RCCEx_PLL2_Config                        0x08007831   Thumb Code   286  stm32h7xx_hal_rcc_ex.o(.text.RCCEx_PLL2_Config)
    [Anonymous Symbol]                       0x08007830   Section        0  stm32h7xx_hal_rcc_ex.o(.text.RCCEx_PLL2_Config)
    RCCEx_PLL3_Config                        0x08007951   Thumb Code   286  stm32h7xx_hal_rcc_ex.o(.text.RCCEx_PLL3_Config)
    [Anonymous Symbol]                       0x08007950   Section        0  stm32h7xx_hal_rcc_ex.o(.text.RCCEx_PLL3_Config)
    [Anonymous Symbol]                       0x08007a70   Section        0  stm32h7xx_it.o(.text.SVC_Handler)
    [Anonymous Symbol]                       0x08007a78   Section        0  scheduler.o(.text.Scheduler_Init)
    [Anonymous Symbol]                       0x08007aa0   Section        0  scheduler.o(.text.Scheduler_Run)
    [Anonymous Symbol]                       0x08007b78   Section        0  serial.o(.text.Serial_RxInit)
    [Anonymous Symbol]                       0x08007b88   Section        0  stm32h7xx_it.o(.text.SysTick_Handler)
    [Anonymous Symbol]                       0x08007b90   Section        0  main.o(.text.SystemClock_Config)
    [Anonymous Symbol]                       0x08007c50   Section        0  system_stm32h7xx.o(.text.SystemInit)
    [Anonymous Symbol]                       0x08007d40   Section        0  stm32h7xx_hal_tim.o(.text.TIM_Base_SetConfig)
    TIM_SlaveTimer_SetConfig                 0x08007e81   Thumb Code   480  stm32h7xx_hal_tim.o(.text.TIM_SlaveTimer_SetConfig)
    [Anonymous Symbol]                       0x08007e80   Section        0  stm32h7xx_hal_tim.o(.text.TIM_SlaveTimer_SetConfig)
    [Anonymous Symbol]                       0x08008060   Section        0  stm32h7xx_hal_tim.o(.text.TIM_TI1_SetConfig)
    [Anonymous Symbol]                       0x08008158   Section        0  tasks.o(.text.Task_100ms)
    [Anonymous Symbol]                       0x08008170   Section        0  tasks.o(.text.Task_10ms)
    [Anonymous Symbol]                       0x080081a0   Section        0  tasks.o(.text.Task_1min)
    [Anonymous Symbol]                       0x080081a8   Section        0  scheduler.o(.text.Task_1ms)
    [Anonymous Symbol]                       0x080081b0   Section        0  tasks.o(.text.Task_1sec)
    [Anonymous Symbol]                       0x080081b8   Section        0  tasks.o(.text.Tasks_Init)
    [Anonymous Symbol]                       0x080081e0   Section        0  stm32h7xx_hal_uart.o(.text.UART_AdvFeatureConfig)
    [Anonymous Symbol]                       0x080082c0   Section        0  stm32h7xx_hal_uart.o(.text.UART_CheckIdleState)
    UART_DMAAbortOnError                     0x08008381   Thumb Code     6  stm32h7xx_hal_uart.o(.text.UART_DMAAbortOnError)
    [Anonymous Symbol]                       0x08008380   Section        0  stm32h7xx_hal_uart.o(.text.UART_DMAAbortOnError)
    UART_RxISR_16BIT                         0x08008389   Thumb Code   206  stm32h7xx_hal_uart.o(.text.UART_RxISR_16BIT)
    [Anonymous Symbol]                       0x08008388   Section        0  stm32h7xx_hal_uart.o(.text.UART_RxISR_16BIT)
    UART_RxISR_16BIT_FIFOEN                  0x08008459   Thumb Code   454  stm32h7xx_hal_uart.o(.text.UART_RxISR_16BIT_FIFOEN)
    [Anonymous Symbol]                       0x08008458   Section        0  stm32h7xx_hal_uart.o(.text.UART_RxISR_16BIT_FIFOEN)
    UART_RxISR_8BIT                          0x08008621   Thumb Code   206  stm32h7xx_hal_uart.o(.text.UART_RxISR_8BIT)
    [Anonymous Symbol]                       0x08008620   Section        0  stm32h7xx_hal_uart.o(.text.UART_RxISR_8BIT)
    UART_RxISR_8BIT_FIFOEN                   0x080086f1   Thumb Code   458  stm32h7xx_hal_uart.o(.text.UART_RxISR_8BIT_FIFOEN)
    [Anonymous Symbol]                       0x080086f0   Section        0  stm32h7xx_hal_uart.o(.text.UART_RxISR_8BIT_FIFOEN)
    [Anonymous Symbol]                       0x080088c0   Section        0  stm32h7xx_hal_uart.o(.text.UART_SetConfig)
    [Anonymous Symbol]                       0x08008d08   Section        0  stm32h7xx_hal_uart.o(.text.UART_Start_Receive_IT)
    [Anonymous Symbol]                       0x08008e28   Section        0  stm32h7xx_hal_uart.o(.text.UART_WaitOnFlagUntilTimeout)
    [Anonymous Symbol]                       0x08008f68   Section        0  stm32h7xx_it.o(.text.USART3_IRQHandler)
    [Anonymous Symbol]                       0x08008f78   Section        0  stm32h7xx_it.o(.text.UsageFault_Handler)
    [Anonymous Symbol]                       0x08008f80   Section        0  arm_bitreversal2_extra.o(.text.arm_bitreversal_32_extra)
    [Anonymous Symbol]                       0x08008fd0   Section        0  arm_cfft_f32_extra.o(.text.arm_cfft_f32_extra)
    [Anonymous Symbol]                       0x080090d8   Section        0  arm_cfft_f32_extra.o(.text.arm_cfft_radix8by2_f32_extra)
    [Anonymous Symbol]                       0x08009258   Section        0  arm_cfft_f32_extra.o(.text.arm_cfft_radix8by4_f32_extra)
    [Anonymous Symbol]                       0x080096f8   Section        0  delay.o(.text.delay_us)
    [Anonymous Symbol]                       0x08009720   Section        0  fft_analyzer.o(.text.fft_find_peaks)
    [Anonymous Symbol]                       0x08009870   Section        0  fft_analyzer.o(.text.fft_normalize)
    [Anonymous Symbol]                       0x080098d0   Section        0  fft_analyzer.o(.text.fft_prepare)
    [Anonymous Symbol]                       0x08009940   Section        0  fft_analyzer.o(.text.fft_process)
    [Anonymous Symbol]                       0x08009a50   Section        0  fft_analyzer.o(.text.find_vpp)
    freq_hw_switch                           0x08009b39   Thumb Code   196  freq_measure.o(.text.freq_hw_switch)
    [Anonymous Symbol]                       0x08009b38   Section        0  freq_measure.o(.text.freq_hw_switch)
    [Anonymous Symbol]                       0x08009c00   Section        0  main.o(.text.main)
    spi_write                                0x08009d71   Thumb Code   194  ad9959.o(.text.spi_write)
    [Anonymous Symbol]                       0x08009d70   Section        0  ad9959.o(.text.spi_write)
    i.__ARM_fpclassifyf                      0x08009e32   Section        0  fpclassifyf.o(i.__ARM_fpclassifyf)
    i.__hardfp_atan2f                        0x08009e58   Section        0  atan2f.o(i.__hardfp_atan2f)
    i.__hardfp_sqrtf                         0x0800a104   Section        0  sqrtf.o(i.__hardfp_sqrtf)
    i.__mathlib_flt_infnan2                  0x0800a13e   Section        0  funder.o(i.__mathlib_flt_infnan2)
    i.__mathlib_flt_underflow                0x0800a144   Section        0  funder.o(i.__mathlib_flt_underflow)
    i.__scatterload_copy                     0x0800a154   Section       14  handlers.o(i.__scatterload_copy)
    i.__scatterload_null                     0x0800a162   Section        2  handlers.o(i.__scatterload_null)
    i.__scatterload_zeroinit                 0x0800a164   Section       14  handlers.o(i.__scatterload_zeroinit)
    i.__set_errno                            0x0800a174   Section        0  errno.o(i.__set_errno)
    .Lswitch.table.UART_SetConfig.5          0x0800a180   Data           6  stm32h7xx_hal_uart.o(.rodata..Lswitch.table.UART_SetConfig.5)
    .Lswitch.table.UART_SetConfig.7          0x0800a186   Data           6  stm32h7xx_hal_uart.o(.rodata..Lswitch.table.UART_SetConfig.7)
    FR1_DEF                                  0x0800a19c   Data           3  ad9959.o(.rodata.FR1_DEF)
    [Anonymous Symbol]                       0x0800a19c   Section        0  ad9959.o(.rodata.FR1_DEF)
    FR2_DEF                                  0x0800a19f   Data           2  ad9959.o(.rodata.FR2_DEF)
    [Anonymous Symbol]                       0x0800a19f   Section        0  ad9959.o(.rodata.FR2_DEF)
    UARTEx_SetNbDataToProcess.numerator      0x0800dd4c   Data           8  stm32h7xx_hal_uart_ex.o(.rodata.cst8)
    [Anonymous Symbol]                       0x0800dd4c   Section        0  stm32h7xx_hal_uart_ex.o(.rodata.cst8)
    UARTEx_SetNbDataToProcess.denominator    0x0800dd54   Data           8  stm32h7xx_hal_uart_ex.o(.rodata.cst8)
    _errno                                   0x24001000   Data           4  errno.o(.data)
    .data                                    0x24001000   Section        4  errno.o(.data)
    fft_get_axis.inited                      0x24001018   Data           1  fft_analyzer.o(.bss.fft_get_axis.inited)
    [Anonymous Symbol]                       0x24001018   Section        0  fft_analyzer.o(.bss.fft_get_axis.inited)
    g_fft_in                                 0x2400101c   Data       16384  adc_task.o(.bss.g_fft_in)
    [Anonymous Symbol]                       0x2400101c   Section        0  adc_task.o(.bss.g_fft_in)
    g_fft_out                                0x2400501c   Data       20480  adc_task.o(.bss.g_fft_out)
    [Anonymous Symbol]                       0x2400501c   Section        0  adc_task.o(.bss.g_fft_out)
    g_hadc                                   0x2400a03c   Data           4  adc_task.o(.bss.g_hadc)
    [Anonymous Symbol]                       0x2400a03c   Section        0  adc_task.o(.bss.g_hadc)
    g_htim                                   0x2400a044   Data           4  adc_task.o(.bss.g_htim)
    [Anonymous Symbol]                       0x2400a044   Section        0  adc_task.o(.bss.g_htim)
    g_peaks                                  0x2400a048   Data           6  adc_task.o(.bss.g_peaks)
    [Anonymous Symbol]                       0x2400a048   Section        0  adc_task.o(.bss.g_peaks)
    g_ticks_per_us                           0x2400a05c   Data           4  delay.o(.bss.g_ticks_per_us)
    [Anonymous Symbol]                       0x2400a05c   Section        0  delay.o(.bss.g_ticks_per_us)
    rx_buf                                   0x2400a354   Data         500  serial.o(.bss.rx_buf)
    [Anonymous Symbol]                       0x2400a354   Section        0  serial.o(.bss.rx_buf)
    s_last_tick                              0x2400a548   Data           2  scheduler.o(.bss.s_last_tick)
    [Anonymous Symbol]                       0x2400a548   Section        0  scheduler.o(.bss.s_last_tick)
    STACK                                    0x2400a550   Section     1024  startup_stm32h743xx.o(STACK)
    fft_get_axis.axis                        0x30000000   Data        4096  fft_analyzer.o(.SRAM1)
    [Anonymous Symbol]                       0x30000000   Section        0  fft_analyzer.o(.SRAM1)

    Global Symbols

    Symbol Name                              Value     Ov Type        Size  Object(Section)

    BuildAttributes$$THM_ISAv4$E$P$D$K$B$S$7EM$VFPv5_D16$PE$PLD8$A:L22UL41UL21$X:L11$S22US41US21$IEEE1$IW$~IW$USESV6$~STKCKD$USESV7$~SHL$OTIME$ROPI$IEEEX$EBA8$MICROLIB$REQ8$PRES8$EABIv2 0x00000000   Number         0  anon$$obj.o ABSOLUTE
    _printf_a                                0x00000000   Number         0  printfstubs.o ABSOLUTE
    _printf_c                                0x00000000   Number         0  printfstubs.o ABSOLUTE
    _printf_charcount                        0x00000000   Number         0  printfstubs.o ABSOLUTE
    _printf_d                                0x00000000   Number         0  printfstubs.o ABSOLUTE
    _printf_e                                0x00000000   Number         0  printfstubs.o ABSOLUTE
    _printf_f                                0x00000000   Number         0  printfstubs.o ABSOLUTE
    _printf_flags                            0x00000000   Number         0  printfstubs.o ABSOLUTE
    _printf_fp_dec                           0x00000000   Number         0  printfstubs.o ABSOLUTE
    _printf_fp_hex                           0x00000000   Number         0  printfstubs.o ABSOLUTE
    _printf_g                                0x00000000   Number         0  printfstubs.o ABSOLUTE
    _printf_i                                0x00000000   Number         0  printfstubs.o ABSOLUTE
    _printf_int_dec                          0x00000000   Number         0  printfstubs.o ABSOLUTE
    _printf_l                                0x00000000   Number         0  printfstubs.o ABSOLUTE
    _printf_lc                               0x00000000   Number         0  printfstubs.o ABSOLUTE
    _printf_ll                               0x00000000   Number         0  printfstubs.o ABSOLUTE
    _printf_lld                              0x00000000   Number         0  printfstubs.o ABSOLUTE
    _printf_lli                              0x00000000   Number         0  printfstubs.o ABSOLUTE
    _printf_llo                              0x00000000   Number         0  printfstubs.o ABSOLUTE
    _printf_llu                              0x00000000   Number         0  printfstubs.o ABSOLUTE
    _printf_llx                              0x00000000   Number         0  printfstubs.o ABSOLUTE
    _printf_longlong_dec                     0x00000000   Number         0  printfstubs.o ABSOLUTE
    _printf_longlong_hex                     0x00000000   Number         0  printfstubs.o ABSOLUTE
    _printf_longlong_oct                     0x00000000   Number         0  printfstubs.o ABSOLUTE
    _printf_ls                               0x00000000   Number         0  printfstubs.o ABSOLUTE
    _printf_mbtowc                           0x00000000   Number         0  printfstubs.o ABSOLUTE
    _printf_n                                0x00000000   Number         0  printfstubs.o ABSOLUTE
    _printf_o                                0x00000000   Number         0  printfstubs.o ABSOLUTE
    _printf_p                                0x00000000   Number         0  printfstubs.o ABSOLUTE
    _printf_percent                          0x00000000   Number         0  printfstubs.o ABSOLUTE
    _printf_pre_padding                      0x00000000   Number         0  printfstubs.o ABSOLUTE
    _printf_return_value                     0x00000000   Number         0  printfstubs.o ABSOLUTE
    _printf_s                                0x00000000   Number         0  printfstubs.o ABSOLUTE
    _printf_sizespec                         0x00000000   Number         0  printfstubs.o ABSOLUTE
    _printf_str                              0x00000000   Number         0  printfstubs.o ABSOLUTE
    _printf_truncate_signed                  0x00000000   Number         0  printfstubs.o ABSOLUTE
    _printf_truncate_unsigned                0x00000000   Number         0  printfstubs.o ABSOLUTE
    _printf_u                                0x00000000   Number         0  printfstubs.o ABSOLUTE
    _printf_wc                               0x00000000   Number         0  printfstubs.o ABSOLUTE
    _printf_wctomb                           0x00000000   Number         0  printfstubs.o ABSOLUTE
    _printf_widthprec                        0x00000000   Number         0  printfstubs.o ABSOLUTE
    _printf_x                                0x00000000   Number         0  printfstubs.o ABSOLUTE
    __cpp_initialize__aeabi_                  - Undefined Weak Reference
    __cxa_finalize                            - Undefined Weak Reference
    _clock_init                               - Undefined Weak Reference
    _microlib_exit                            - Undefined Weak Reference
    __Vectors_Size                           0x00000298   Number         0  startup_stm32h743xx.o ABSOLUTE
    __Vectors                                0x08000000   Data           4  startup_stm32h743xx.o(RESET)
    __Vectors_End                            0x08000298   Data           0  startup_stm32h743xx.o(RESET)
    __main                                   0x08000299   Thumb Code     0  entry.o(.ARM.Collect$$$$00000000)
    _main_stk                                0x08000299   Thumb Code     0  entry2.o(.ARM.Collect$$$$00000001)
    _main_scatterload                        0x0800029d   Thumb Code     0  entry5.o(.ARM.Collect$$$$00000004)
    __main_after_scatterload                 0x080002a1   Thumb Code     0  entry5.o(.ARM.Collect$$$$00000004)
    _main_clock                              0x080002a1   Thumb Code     0  entry7b.o(.ARM.Collect$$$$00000008)
    _main_cpp_init                           0x080002a1   Thumb Code     0  entry8b.o(.ARM.Collect$$$$0000000A)
    _main_init                               0x080002a1   Thumb Code     0  entry9a.o(.ARM.Collect$$$$0000000B)
    __rt_final_cpp                           0x080002a9   Thumb Code     0  entry10a.o(.ARM.Collect$$$$0000000D)
    __rt_final_exit                          0x080002a9   Thumb Code     0  entry11a.o(.ARM.Collect$$$$0000000F)
    Reset_Handler                            0x080002ad   Thumb Code    12  startup_stm32h743xx.o(.text)
    ADC3_IRQHandler                          0x080002cb   Thumb Code     0  startup_stm32h743xx.o(.text)
    ADC_IRQHandler                           0x080002cb   Thumb Code     0  startup_stm32h743xx.o(.text)
    BDMA_Channel0_IRQHandler                 0x080002cb   Thumb Code     0  startup_stm32h743xx.o(.text)
    BDMA_Channel1_IRQHandler                 0x080002cb   Thumb Code     0  startup_stm32h743xx.o(.text)
    BDMA_Channel2_IRQHandler                 0x080002cb   Thumb Code     0  startup_stm32h743xx.o(.text)
    BDMA_Channel3_IRQHandler                 0x080002cb   Thumb Code     0  startup_stm32h743xx.o(.text)
    BDMA_Channel4_IRQHandler                 0x080002cb   Thumb Code     0  startup_stm32h743xx.o(.text)
    BDMA_Channel5_IRQHandler                 0x080002cb   Thumb Code     0  startup_stm32h743xx.o(.text)
    BDMA_Channel6_IRQHandler                 0x080002cb   Thumb Code     0  startup_stm32h743xx.o(.text)
    BDMA_Channel7_IRQHandler                 0x080002cb   Thumb Code     0  startup_stm32h743xx.o(.text)
    CEC_IRQHandler                           0x080002cb   Thumb Code     0  startup_stm32h743xx.o(.text)
    COMP1_IRQHandler                         0x080002cb   Thumb Code     0  startup_stm32h743xx.o(.text)
    CRS_IRQHandler                           0x080002cb   Thumb Code     0  startup_stm32h743xx.o(.text)
    DCMI_IRQHandler                          0x080002cb   Thumb Code     0  startup_stm32h743xx.o(.text)
    DFSDM1_FLT0_IRQHandler                   0x080002cb   Thumb Code     0  startup_stm32h743xx.o(.text)
    DFSDM1_FLT1_IRQHandler                   0x080002cb   Thumb Code     0  startup_stm32h743xx.o(.text)
    DFSDM1_FLT2_IRQHandler                   0x080002cb   Thumb Code     0  startup_stm32h743xx.o(.text)
    DFSDM1_FLT3_IRQHandler                   0x080002cb   Thumb Code     0  startup_stm32h743xx.o(.text)
    DMA1_Stream1_IRQHandler                  0x080002cb   Thumb Code     0  startup_stm32h743xx.o(.text)
    DMA1_Stream2_IRQHandler                  0x080002cb   Thumb Code     0  startup_stm32h743xx.o(.text)
    DMA1_Stream3_IRQHandler                  0x080002cb   Thumb Code     0  startup_stm32h743xx.o(.text)
    DMA1_Stream4_IRQHandler                  0x080002cb   Thumb Code     0  startup_stm32h743xx.o(.text)
    DMA1_Stream5_IRQHandler                  0x080002cb   Thumb Code     0  startup_stm32h743xx.o(.text)
    DMA1_Stream6_IRQHandler                  0x080002cb   Thumb Code     0  startup_stm32h743xx.o(.text)
    DMA1_Stream7_IRQHandler                  0x080002cb   Thumb Code     0  startup_stm32h743xx.o(.text)
    DMA2D_IRQHandler                         0x080002cb   Thumb Code     0  startup_stm32h743xx.o(.text)
    DMA2_Stream0_IRQHandler                  0x080002cb   Thumb Code     0  startup_stm32h743xx.o(.text)
    DMA2_Stream1_IRQHandler                  0x080002cb   Thumb Code     0  startup_stm32h743xx.o(.text)
    DMA2_Stream2_IRQHandler                  0x080002cb   Thumb Code     0  startup_stm32h743xx.o(.text)
    DMA2_Stream3_IRQHandler                  0x080002cb   Thumb Code     0  startup_stm32h743xx.o(.text)
    DMA2_Stream4_IRQHandler                  0x080002cb   Thumb Code     0  startup_stm32h743xx.o(.text)
    DMA2_Stream5_IRQHandler                  0x080002cb   Thumb Code     0  startup_stm32h743xx.o(.text)
    DMA2_Stream6_IRQHandler                  0x080002cb   Thumb Code     0  startup_stm32h743xx.o(.text)
    DMA2_Stream7_IRQHandler                  0x080002cb   Thumb Code     0  startup_stm32h743xx.o(.text)
    DMAMUX1_OVR_IRQHandler                   0x080002cb   Thumb Code     0  startup_stm32h743xx.o(.text)
    DMAMUX2_OVR_IRQHandler                   0x080002cb   Thumb Code     0  startup_stm32h743xx.o(.text)
    ECC_IRQHandler                           0x080002cb   Thumb Code     0  startup_stm32h743xx.o(.text)
    ETH_IRQHandler                           0x080002cb   Thumb Code     0  startup_stm32h743xx.o(.text)
    ETH_WKUP_IRQHandler                      0x080002cb   Thumb Code     0  startup_stm32h743xx.o(.text)
    EXTI0_IRQHandler                         0x080002cb   Thumb Code     0  startup_stm32h743xx.o(.text)
    EXTI15_10_IRQHandler                     0x080002cb   Thumb Code     0  startup_stm32h743xx.o(.text)
    EXTI1_IRQHandler                         0x080002cb   Thumb Code     0  startup_stm32h743xx.o(.text)
    EXTI2_IRQHandler                         0x080002cb   Thumb Code     0  startup_stm32h743xx.o(.text)
    EXTI3_IRQHandler                         0x080002cb   Thumb Code     0  startup_stm32h743xx.o(.text)
    EXTI4_IRQHandler                         0x080002cb   Thumb Code     0  startup_stm32h743xx.o(.text)
    EXTI9_5_IRQHandler                       0x080002cb   Thumb Code     0  startup_stm32h743xx.o(.text)
    FDCAN1_IT0_IRQHandler                    0x080002cb   Thumb Code     0  startup_stm32h743xx.o(.text)
    FDCAN1_IT1_IRQHandler                    0x080002cb   Thumb Code     0  startup_stm32h743xx.o(.text)
    FDCAN2_IT0_IRQHandler                    0x080002cb   Thumb Code     0  startup_stm32h743xx.o(.text)
    FDCAN2_IT1_IRQHandler                    0x080002cb   Thumb Code     0  startup_stm32h743xx.o(.text)
    FDCAN_CAL_IRQHandler                     0x080002cb   Thumb Code     0  startup_stm32h743xx.o(.text)
    FLASH_IRQHandler                         0x080002cb   Thumb Code     0  startup_stm32h743xx.o(.text)
    FMC_IRQHandler                           0x080002cb   Thumb Code     0  startup_stm32h743xx.o(.text)
    FPU_IRQHandler                           0x080002cb   Thumb Code     0  startup_stm32h743xx.o(.text)
    HRTIM1_FLT_IRQHandler                    0x080002cb   Thumb Code     0  startup_stm32h743xx.o(.text)
    HRTIM1_Master_IRQHandler                 0x080002cb   Thumb Code     0  startup_stm32h743xx.o(.text)
    HRTIM1_TIMA_IRQHandler                   0x080002cb   Thumb Code     0  startup_stm32h743xx.o(.text)
    HRTIM1_TIMB_IRQHandler                   0x080002cb   Thumb Code     0  startup_stm32h743xx.o(.text)
    HRTIM1_TIMC_IRQHandler                   0x080002cb   Thumb Code     0  startup_stm32h743xx.o(.text)
    HRTIM1_TIMD_IRQHandler                   0x080002cb   Thumb Code     0  startup_stm32h743xx.o(.text)
    HRTIM1_TIME_IRQHandler                   0x080002cb   Thumb Code     0  startup_stm32h743xx.o(.text)
    HSEM1_IRQHandler                         0x080002cb   Thumb Code     0  startup_stm32h743xx.o(.text)
    I2C1_ER_IRQHandler                       0x080002cb   Thumb Code     0  startup_stm32h743xx.o(.text)
    I2C1_EV_IRQHandler                       0x080002cb   Thumb Code     0  startup_stm32h743xx.o(.text)
    I2C2_ER_IRQHandler                       0x080002cb   Thumb Code     0  startup_stm32h743xx.o(.text)
    I2C2_EV_IRQHandler                       0x080002cb   Thumb Code     0  startup_stm32h743xx.o(.text)
    I2C3_ER_IRQHandler                       0x080002cb   Thumb Code     0  startup_stm32h743xx.o(.text)
    I2C3_EV_IRQHandler                       0x080002cb   Thumb Code     0  startup_stm32h743xx.o(.text)
    I2C4_ER_IRQHandler                       0x080002cb   Thumb Code     0  startup_stm32h743xx.o(.text)
    I2C4_EV_IRQHandler                       0x080002cb   Thumb Code     0  startup_stm32h743xx.o(.text)
    JPEG_IRQHandler                          0x080002cb   Thumb Code     0  startup_stm32h743xx.o(.text)
    LPTIM1_IRQHandler                        0x080002cb   Thumb Code     0  startup_stm32h743xx.o(.text)
    LPTIM2_IRQHandler                        0x080002cb   Thumb Code     0  startup_stm32h743xx.o(.text)
    LPTIM3_IRQHandler                        0x080002cb   Thumb Code     0  startup_stm32h743xx.o(.text)
    LPTIM4_IRQHandler                        0x080002cb   Thumb Code     0  startup_stm32h743xx.o(.text)
    LPTIM5_IRQHandler                        0x080002cb   Thumb Code     0  startup_stm32h743xx.o(.text)
    LPUART1_IRQHandler                       0x080002cb   Thumb Code     0  startup_stm32h743xx.o(.text)
    LTDC_ER_IRQHandler                       0x080002cb   Thumb Code     0  startup_stm32h743xx.o(.text)
    LTDC_IRQHandler                          0x080002cb   Thumb Code     0  startup_stm32h743xx.o(.text)
    MDIOS_IRQHandler                         0x080002cb   Thumb Code     0  startup_stm32h743xx.o(.text)
    MDIOS_WKUP_IRQHandler                    0x080002cb   Thumb Code     0  startup_stm32h743xx.o(.text)
    MDMA_IRQHandler                          0x080002cb   Thumb Code     0  startup_stm32h743xx.o(.text)
    OTG_FS_EP1_IN_IRQHandler                 0x080002cb   Thumb Code     0  startup_stm32h743xx.o(.text)
    OTG_FS_EP1_OUT_IRQHandler                0x080002cb   Thumb Code     0  startup_stm32h743xx.o(.text)
    OTG_FS_IRQHandler                        0x080002cb   Thumb Code     0  startup_stm32h743xx.o(.text)
    OTG_FS_WKUP_IRQHandler                   0x080002cb   Thumb Code     0  startup_stm32h743xx.o(.text)
    OTG_HS_EP1_IN_IRQHandler                 0x080002cb   Thumb Code     0  startup_stm32h743xx.o(.text)
    OTG_HS_EP1_OUT_IRQHandler                0x080002cb   Thumb Code     0  startup_stm32h743xx.o(.text)
    OTG_HS_IRQHandler                        0x080002cb   Thumb Code     0  startup_stm32h743xx.o(.text)
    OTG_HS_WKUP_IRQHandler                   0x080002cb   Thumb Code     0  startup_stm32h743xx.o(.text)
    PVD_AVD_IRQHandler                       0x080002cb   Thumb Code     0  startup_stm32h743xx.o(.text)
    QUADSPI_IRQHandler                       0x080002cb   Thumb Code     0  startup_stm32h743xx.o(.text)
    RCC_IRQHandler                           0x080002cb   Thumb Code     0  startup_stm32h743xx.o(.text)
    RNG_IRQHandler                           0x080002cb   Thumb Code     0  startup_stm32h743xx.o(.text)
    RTC_Alarm_IRQHandler                     0x080002cb   Thumb Code     0  startup_stm32h743xx.o(.text)
    RTC_WKUP_IRQHandler                      0x080002cb   Thumb Code     0  startup_stm32h743xx.o(.text)
    SAI1_IRQHandler                          0x080002cb   Thumb Code     0  startup_stm32h743xx.o(.text)
    SAI2_IRQHandler                          0x080002cb   Thumb Code     0  startup_stm32h743xx.o(.text)
    SAI3_IRQHandler                          0x080002cb   Thumb Code     0  startup_stm32h743xx.o(.text)
    SAI4_IRQHandler                          0x080002cb   Thumb Code     0  startup_stm32h743xx.o(.text)
    SDMMC1_IRQHandler                        0x080002cb   Thumb Code     0  startup_stm32h743xx.o(.text)
    SDMMC2_IRQHandler                        0x080002cb   Thumb Code     0  startup_stm32h743xx.o(.text)
    SPDIF_RX_IRQHandler                      0x080002cb   Thumb Code     0  startup_stm32h743xx.o(.text)
    SPI1_IRQHandler                          0x080002cb   Thumb Code     0  startup_stm32h743xx.o(.text)
    SPI2_IRQHandler                          0x080002cb   Thumb Code     0  startup_stm32h743xx.o(.text)
    SPI3_IRQHandler                          0x080002cb   Thumb Code     0  startup_stm32h743xx.o(.text)
    SPI4_IRQHandler                          0x080002cb   Thumb Code     0  startup_stm32h743xx.o(.text)
    SPI5_IRQHandler                          0x080002cb   Thumb Code     0  startup_stm32h743xx.o(.text)
    SPI6_IRQHandler                          0x080002cb   Thumb Code     0  startup_stm32h743xx.o(.text)
    SWPMI1_IRQHandler                        0x080002cb   Thumb Code     0  startup_stm32h743xx.o(.text)
    TAMP_STAMP_IRQHandler                    0x080002cb   Thumb Code     0  startup_stm32h743xx.o(.text)
    TIM15_IRQHandler                         0x080002cb   Thumb Code     0  startup_stm32h743xx.o(.text)
    TIM16_IRQHandler                         0x080002cb   Thumb Code     0  startup_stm32h743xx.o(.text)
    TIM17_IRQHandler                         0x080002cb   Thumb Code     0  startup_stm32h743xx.o(.text)
    TIM1_BRK_IRQHandler                      0x080002cb   Thumb Code     0  startup_stm32h743xx.o(.text)
    TIM1_CC_IRQHandler                       0x080002cb   Thumb Code     0  startup_stm32h743xx.o(.text)
    TIM1_TRG_COM_IRQHandler                  0x080002cb   Thumb Code     0  startup_stm32h743xx.o(.text)
    TIM1_UP_IRQHandler                       0x080002cb   Thumb Code     0  startup_stm32h743xx.o(.text)
    TIM2_IRQHandler                          0x080002cb   Thumb Code     0  startup_stm32h743xx.o(.text)
    TIM3_IRQHandler                          0x080002cb   Thumb Code     0  startup_stm32h743xx.o(.text)
    TIM4_IRQHandler                          0x080002cb   Thumb Code     0  startup_stm32h743xx.o(.text)
    TIM5_IRQHandler                          0x080002cb   Thumb Code     0  startup_stm32h743xx.o(.text)
    TIM6_DAC_IRQHandler                      0x080002cb   Thumb Code     0  startup_stm32h743xx.o(.text)
    TIM7_IRQHandler                          0x080002cb   Thumb Code     0  startup_stm32h743xx.o(.text)
    TIM8_BRK_TIM12_IRQHandler                0x080002cb   Thumb Code     0  startup_stm32h743xx.o(.text)
    TIM8_CC_IRQHandler                       0x080002cb   Thumb Code     0  startup_stm32h743xx.o(.text)
    TIM8_TRG_COM_TIM14_IRQHandler            0x080002cb   Thumb Code     0  startup_stm32h743xx.o(.text)
    TIM8_UP_TIM13_IRQHandler                 0x080002cb   Thumb Code     0  startup_stm32h743xx.o(.text)
    UART4_IRQHandler                         0x080002cb   Thumb Code     0  startup_stm32h743xx.o(.text)
    UART5_IRQHandler                         0x080002cb   Thumb Code     0  startup_stm32h743xx.o(.text)
    UART7_IRQHandler                         0x080002cb   Thumb Code     0  startup_stm32h743xx.o(.text)
    UART8_IRQHandler                         0x080002cb   Thumb Code     0  startup_stm32h743xx.o(.text)
    USART1_IRQHandler                        0x080002cb   Thumb Code     0  startup_stm32h743xx.o(.text)
    USART2_IRQHandler                        0x080002cb   Thumb Code     0  startup_stm32h743xx.o(.text)
    USART6_IRQHandler                        0x080002cb   Thumb Code     0  startup_stm32h743xx.o(.text)
    WAKEUP_PIN_IRQHandler                    0x080002cb   Thumb Code     0  startup_stm32h743xx.o(.text)
    WWDG_IRQHandler                          0x080002cb   Thumb Code     0  startup_stm32h743xx.o(.text)
    arm_radix8_butterfly_f32                 0x080002d9   Thumb Code  2126  arm_cfft_radix8_f32.o(.text)
    __aeabi_uldivmod                         0x08000b2d   Thumb Code    98  uldiv.o(.text)
    __aeabi_memset                           0x08000b8f   Thumb Code    14  memseta.o(.text)
    __aeabi_memset4                          0x08000b8f   Thumb Code     0  memseta.o(.text)
    __aeabi_memset8                          0x08000b8f   Thumb Code     0  memseta.o(.text)
    __aeabi_memclr                           0x08000b9d   Thumb Code     4  memseta.o(.text)
    __aeabi_memclr4                          0x08000b9d   Thumb Code     0  memseta.o(.text)
    __aeabi_memclr8                          0x08000b9d   Thumb Code     0  memseta.o(.text)
    _memset$wrapper                          0x08000ba1   Thumb Code    18  memseta.o(.text)
    __aeabi_fadd                             0x08000bb3   Thumb Code   164  fadd.o(.text)
    __aeabi_fsub                             0x08000c57   Thumb Code     6  fadd.o(.text)
    __aeabi_frsub                            0x08000c5d   Thumb Code     6  fadd.o(.text)
    __aeabi_fmul                             0x08000c63   Thumb Code   100  fmul.o(.text)
    __aeabi_llsl                             0x08000cc7   Thumb Code    30  llshl.o(.text)
    _ll_shift_l                              0x08000cc7   Thumb Code     0  llshl.o(.text)
    __aeabi_llsr                             0x08000ce5   Thumb Code    32  llushr.o(.text)
    _ll_ushift_r                             0x08000ce5   Thumb Code     0  llushr.o(.text)
    __I$use$fp                               0x08000d05   Thumb Code     0  iusefp.o(.text)
    _float_round                             0x08000d05   Thumb Code    18  fepilogue.o(.text)
    _float_epilogue                          0x08000d17   Thumb Code    92  fepilogue.o(.text)
    __scatterload                            0x08000d75   Thumb Code    38  init.o(.text)
    __scatterload_rt2                        0x08000d75   Thumb Code     0  init.o(.text)
    __decompress                             0x08000da5   Thumb Code     0  __dczerorl.o(.text)
    __decompress0                            0x08000da5   Thumb Code    58  __dczerorl.o(.text)
    AD9959_Init                              0x08000de1   Thumb Code   194  ad9959.o(.text.AD9959_Init)
    AD9959_Set_All                           0x08000ea9   Thumb Code   128  ad9959.o(.text.AD9959_Set_All)
    AD9959_Update                            0x08000f31   Thumb Code    56  ad9959.o(.text.AD9959_Update)
    ADC_ConfigureBoostMode                   0x08000f69   Thumb Code   278  stm32h7xx_hal_adc.o(.text.ADC_ConfigureBoostMode)
    ADC_ConversionStop                       0x08001081   Thumb Code   222  stm32h7xx_hal_adc.o(.text.ADC_ConversionStop)
    ADC_DMAConvCplt                          0x08001161   Thumb Code    92  stm32h7xx_hal_adc.o(.text.ADC_DMAConvCplt)
    ADC_DMAError                             0x080011c1   Thumb Code    22  stm32h7xx_hal_adc.o(.text.ADC_DMAError)
    ADC_DMAHalfConvCplt                      0x080011d9   Thumb Code     6  stm32h7xx_hal_adc.o(.text.ADC_DMAHalfConvCplt)
    ADC_Disable                              0x080011e1   Thumb Code   122  stm32h7xx_hal_adc.o(.text.ADC_Disable)
    ADC_Enable                               0x08001261   Thumb Code   172  stm32h7xx_hal_adc.o(.text.ADC_Enable)
    ADC_Task_FFT                             0x08001311   Thumb Code    90  adc_task.o(.text.ADC_Task_FFT)
    ADC_Task_Init                            0x08001371   Thumb Code    34  adc_task.o(.text.ADC_Task_Init)
    ADC_Task_Start                           0x08001399   Thumb Code    46  adc_task.o(.text.ADC_Task_Start)
    ADC_Task_Stop                            0x080013c9   Thumb Code    34  adc_task.o(.text.ADC_Task_Stop)
    BusFault_Handler                         0x080013f1   Thumb Code     2  stm32h7xx_it.o(.text.BusFault_Handler)
    DMA1_Stream0_IRQHandler                  0x080013f9   Thumb Code    12  stm32h7xx_it.o(.text.DMA1_Stream0_IRQHandler)
    DebugMon_Handler                         0x08001819   Thumb Code     2  stm32h7xx_it.o(.text.DebugMon_Handler)
    Error_Handler                            0x08001821   Thumb Code     6  main.o(.text.Error_Handler)
    ExitRun0Mode                             0x08001829   Thumb Code    26  system_stm32h7xx.o(.text.ExitRun0Mode)
    FreqMeasure_Init                         0x08001849   Thumb Code    48  freq_measure.o(.text.FreqMeasure_Init)
    FreqMeasure_Process                      0x08001879   Thumb Code   272  freq_measure.o(.text.FreqMeasure_Process)
    HAL_ADCEx_MultiModeConfigChannel         0x08001999   Thumb Code   258  stm32h7xx_hal_adc_ex.o(.text.HAL_ADCEx_MultiModeConfigChannel)
    HAL_ADC_ConfigChannel                    0x08001aa1   Thumb Code  1112  stm32h7xx_hal_adc.o(.text.HAL_ADC_ConfigChannel)
    HAL_ADC_ConvCpltCallback                 0x08001ef9   Thumb Code    30  main.o(.text.HAL_ADC_ConvCpltCallback)
    HAL_ADC_ConvHalfCpltCallback             0x08001f19   Thumb Code     2  stm32h7xx_hal_adc.o(.text.HAL_ADC_ConvHalfCpltCallback)
    HAL_ADC_ErrorCallback                    0x08001f21   Thumb Code     2  stm32h7xx_hal_adc.o(.text.HAL_ADC_ErrorCallback)
    HAL_ADC_Init                             0x08001f29   Thumb Code   552  stm32h7xx_hal_adc.o(.text.HAL_ADC_Init)
    HAL_ADC_MspInit                          0x08002151   Thumb Code   226  adc.o(.text.HAL_ADC_MspInit)
    HAL_ADC_Start_DMA                        0x08002239   Thumb Code   268  stm32h7xx_hal_adc.o(.text.HAL_ADC_Start_DMA)
    HAL_ADC_Stop_DMA                         0x08002349   Thumb Code   118  stm32h7xx_hal_adc.o(.text.HAL_ADC_Stop_DMA)
    HAL_DMA_Abort                            0x080023c1   Thumb Code  1248  stm32h7xx_hal_dma.o(.text.HAL_DMA_Abort)
    HAL_DMA_Abort_IT                         0x080028a1   Thumb Code   664  stm32h7xx_hal_dma.o(.text.HAL_DMA_Abort_IT)
    HAL_DMA_IRQHandler                       0x08002b39   Thumb Code  2688  stm32h7xx_hal_dma.o(.text.HAL_DMA_IRQHandler)
    HAL_DMA_Init                             0x080035b9   Thumb Code  1566  stm32h7xx_hal_dma.o(.text.HAL_DMA_Init)
    HAL_DMA_Start_IT                         0x08003bd9   Thumb Code   902  stm32h7xx_hal_dma.o(.text.HAL_DMA_Start_IT)
    HAL_GPIO_DeInit                          0x08003f61   Thumb Code   284  stm32h7xx_hal_gpio.o(.text.HAL_GPIO_DeInit)
    HAL_GPIO_Init                            0x08004081   Thumb Code   420  stm32h7xx_hal_gpio.o(.text.HAL_GPIO_Init)
    HAL_GPIO_WritePin                        0x08004229   Thumb Code    10  stm32h7xx_hal_gpio.o(.text.HAL_GPIO_WritePin)
    HAL_GetREVID                             0x08004239   Thumb Code    14  stm32h7xx_hal.o(.text.HAL_GetREVID)
    HAL_GetTick                              0x08004249   Thumb Code    12  stm32h7xx_hal.o(.text.HAL_GetTick)
    HAL_IncTick                              0x08004259   Thumb Code    26  stm32h7xx_hal.o(.text.HAL_IncTick)
    HAL_Init                                 0x08004279   Thumb Code   100  stm32h7xx_hal.o(.text.HAL_Init)
    HAL_InitTick                             0x080042e1   Thumb Code    88  stm32h7xx_hal.o(.text.HAL_InitTick)
    HAL_MPU_ConfigRegion                     0x08004339   Thumb Code    94  stm32h7xx_hal_cortex.o(.text.HAL_MPU_ConfigRegion)
    HAL_MPU_Disable                          0x08004399   Thumb Code    26  stm32h7xx_hal_cortex.o(.text.HAL_MPU_Disable)
    HAL_MPU_Enable                           0x080043b9   Thumb Code    32  stm32h7xx_hal_cortex.o(.text.HAL_MPU_Enable)
    HAL_MspInit                              0x080043d9   Thumb Code    32  stm32h7xx_hal_msp.o(.text.HAL_MspInit)
    HAL_NVIC_DisableIRQ                      0x080043f9   Thumb Code    42  stm32h7xx_hal_cortex.o(.text.HAL_NVIC_DisableIRQ)
    HAL_NVIC_EnableIRQ                       0x08004429   Thumb Code    34  stm32h7xx_hal_cortex.o(.text.HAL_NVIC_EnableIRQ)
    HAL_NVIC_SetPriority                     0x08004451   Thumb Code    90  stm32h7xx_hal_cortex.o(.text.HAL_NVIC_SetPriority)
    HAL_NVIC_SetPriorityGrouping             0x080044b1   Thumb Code    32  stm32h7xx_hal_cortex.o(.text.HAL_NVIC_SetPriorityGrouping)
    HAL_PWREx_ConfigSupply                   0x080044d1   Thumb Code    72  stm32h7xx_hal_pwr_ex.o(.text.HAL_PWREx_ConfigSupply)
    HAL_RCCEx_GetD3PCLK1Freq                 0x08004519   Thumb Code    38  stm32h7xx_hal_rcc_ex.o(.text.HAL_RCCEx_GetD3PCLK1Freq)
    HAL_RCCEx_GetPLL1ClockFreq               0x08004541   Thumb Code   272  stm32h7xx_hal_rcc_ex.o(.text.HAL_RCCEx_GetPLL1ClockFreq)
    HAL_RCCEx_GetPLL2ClockFreq               0x08004669   Thumb Code   272  stm32h7xx_hal_rcc_ex.o(.text.HAL_RCCEx_GetPLL2ClockFreq)
    HAL_RCCEx_GetPLL3ClockFreq               0x08004789   Thumb Code   272  stm32h7xx_hal_rcc_ex.o(.text.HAL_RCCEx_GetPLL3ClockFreq)
    HAL_RCCEx_GetPeriphCLKFreq               0x080048a9   Thumb Code   888  stm32h7xx_hal_rcc_ex.o(.text.HAL_RCCEx_GetPeriphCLKFreq)
    HAL_RCCEx_PeriphCLKConfig                0x08004c21   Thumb Code  2610  stm32h7xx_hal_rcc_ex.o(.text.HAL_RCCEx_PeriphCLKConfig)
    HAL_RCC_ClockConfig                      0x08005659   Thumb Code   586  stm32h7xx_hal_rcc.o(.text.HAL_RCC_ClockConfig)
    HAL_RCC_GetHCLKFreq                      0x080058a9   Thumb Code    76  stm32h7xx_hal_rcc.o(.text.HAL_RCC_GetHCLKFreq)
    HAL_RCC_GetPCLK1Freq                     0x080058f9   Thumb Code    96  stm32h7xx_hal_rcc.o(.text.HAL_RCC_GetPCLK1Freq)
    HAL_RCC_GetPCLK2Freq                     0x08005959   Thumb Code    96  stm32h7xx_hal_rcc.o(.text.HAL_RCC_GetPCLK2Freq)
    HAL_RCC_GetSysClockFreq                  0x080059b9   Thumb Code   256  stm32h7xx_hal_rcc.o(.text.HAL_RCC_GetSysClockFreq)
    HAL_RCC_OscConfig                        0x08005ad1   Thumb Code  1582  stm32h7xx_hal_rcc.o(.text.HAL_RCC_OscConfig)
    HAL_SYSTICK_Config                       0x08006101   Thumb Code    44  stm32h7xx_hal_cortex.o(.text.HAL_SYSTICK_Config)
    HAL_TIMEx_MasterConfigSynchronization    0x08006131   Thumb Code   208  stm32h7xx_hal_tim_ex.o(.text.HAL_TIMEx_MasterConfigSynchronization)
    HAL_TIM_Base_DeInit                      0x08006201   Thumb Code   108  stm32h7xx_hal_tim.o(.text.HAL_TIM_Base_DeInit)
    HAL_TIM_Base_Init                        0x08006271   Thumb Code    96  stm32h7xx_hal_tim.o(.text.HAL_TIM_Base_Init)
    HAL_TIM_Base_MspDeInit                   0x080062d1   Thumb Code    96  tim.o(.text.HAL_TIM_Base_MspDeInit)
    HAL_TIM_Base_MspInit                     0x08006331   Thumb Code   182  tim.o(.text.HAL_TIM_Base_MspInit)
    HAL_TIM_Base_Start                       0x080063e9   Thumb Code   170  stm32h7xx_hal_tim.o(.text.HAL_TIM_Base_Start)
    HAL_TIM_Base_Stop                        0x08006499   Thumb Code    46  stm32h7xx_hal_tim.o(.text.HAL_TIM_Base_Stop)
    HAL_TIM_ConfigClockSource                0x080064c9   Thumb Code   688  stm32h7xx_hal_tim.o(.text.HAL_TIM_ConfigClockSource)
    HAL_TIM_IC_ConfigChannel                 0x08006779   Thumb Code   362  stm32h7xx_hal_tim.o(.text.HAL_TIM_IC_ConfigChannel)
    HAL_TIM_IC_Init                          0x080068e9   Thumb Code    96  stm32h7xx_hal_tim.o(.text.HAL_TIM_IC_Init)
    HAL_TIM_IC_MspInit                       0x08006949   Thumb Code     2  stm32h7xx_hal_tim.o(.text.HAL_TIM_IC_MspInit)
    HAL_TIM_IC_Start                         0x08006951   Thumb Code   356  stm32h7xx_hal_tim.o(.text.HAL_TIM_IC_Start)
    HAL_TIM_IC_Stop                          0x08006ab9   Thumb Code   194  stm32h7xx_hal_tim.o(.text.HAL_TIM_IC_Stop)
    HAL_TIM_ReadCapturedValue                0x08006b81   Thumb Code    22  stm32h7xx_hal_tim.o(.text.HAL_TIM_ReadCapturedValue)
    HAL_TIM_SlaveConfigSynchro               0x08006b99   Thumb Code    74  stm32h7xx_hal_tim.o(.text.HAL_TIM_SlaveConfigSynchro)
    HAL_UARTEx_DisableFifoMode               0x08006be9   Thumb Code    54  stm32h7xx_hal_uart_ex.o(.text.HAL_UARTEx_DisableFifoMode)
    HAL_UARTEx_ReceiveToIdle_IT              0x08006c21   Thumb Code    80  stm32h7xx_hal_uart_ex.o(.text.HAL_UARTEx_ReceiveToIdle_IT)
    HAL_UARTEx_RxEventCallback               0x08006c71   Thumb Code     2  stm32h7xx_hal_uart.o(.text.HAL_UARTEx_RxEventCallback)
    HAL_UARTEx_RxFifoFullCallback            0x08006c79   Thumb Code     2  stm32h7xx_hal_uart_ex.o(.text.HAL_UARTEx_RxFifoFullCallback)
    HAL_UARTEx_SetRxFifoThreshold            0x08006c81   Thumb Code   146  stm32h7xx_hal_uart_ex.o(.text.HAL_UARTEx_SetRxFifoThreshold)
    HAL_UARTEx_SetTxFifoThreshold            0x08006d19   Thumb Code   146  stm32h7xx_hal_uart_ex.o(.text.HAL_UARTEx_SetTxFifoThreshold)
    HAL_UARTEx_TxFifoEmptyCallback           0x08006db1   Thumb Code     2  stm32h7xx_hal_uart_ex.o(.text.HAL_UARTEx_TxFifoEmptyCallback)
    HAL_UARTEx_WakeupCallback                0x08006db9   Thumb Code     2  stm32h7xx_hal_uart_ex.o(.text.HAL_UARTEx_WakeupCallback)
    HAL_UART_ErrorCallback                   0x08006dc1   Thumb Code     2  stm32h7xx_hal_uart.o(.text.HAL_UART_ErrorCallback)
    HAL_UART_IRQHandler                      0x08006dc9   Thumb Code   942  stm32h7xx_hal_uart.o(.text.HAL_UART_IRQHandler)
    HAL_UART_Init                            0x08007179   Thumb Code   100  stm32h7xx_hal_uart.o(.text.HAL_UART_Init)
    HAL_UART_MspInit                         0x080071e1   Thumb Code   270  usart.o(.text.HAL_UART_MspInit)
    HAL_UART_RxCpltCallback                  0x080072f1   Thumb Code     2  stm32h7xx_hal_uart.o(.text.HAL_UART_RxCpltCallback)
    HAL_UART_TxCpltCallback                  0x080072f9   Thumb Code     2  stm32h7xx_hal_uart.o(.text.HAL_UART_TxCpltCallback)
    HMI_Init                                 0x08007301   Thumb Code     4  serial.o(.text.HMI_Init)
    HardFault_Handler                        0x08007309   Thumb Code     2  stm32h7xx_it.o(.text.HardFault_Handler)
    MX_ADC1_Init                             0x08007311   Thumb Code   178  adc.o(.text.MX_ADC1_Init)
    MX_DMA_Init                              0x080073c9   Thumb Code    52  dma.o(.text.MX_DMA_Init)
    MX_GPIO_Init                             0x08007401   Thumb Code   346  gpio.o(.text.MX_GPIO_Init)
    MX_TIM1_Init                             0x08007561   Thumb Code   122  tim.o(.text.MX_TIM1_Init)
    MX_TIM2_Init                             0x080075e1   Thumb Code   184  tim.o(.text.MX_TIM2_Init)
    MX_TIM3_Init                             0x08007699   Thumb Code   122  tim.o(.text.MX_TIM3_Init)
    MX_USART1_UART_Init                      0x08007719   Thumb Code   124  usart.o(.text.MX_USART1_UART_Init)
    MX_USART3_UART_Init                      0x08007799   Thumb Code   124  usart.o(.text.MX_USART3_UART_Init)
    MemManage_Handler                        0x08007819   Thumb Code     2  stm32h7xx_it.o(.text.MemManage_Handler)
    NMI_Handler                              0x08007821   Thumb Code     2  stm32h7xx_it.o(.text.NMI_Handler)
    PendSV_Handler                           0x08007829   Thumb Code     2  stm32h7xx_it.o(.text.PendSV_Handler)
    SVC_Handler                              0x08007a71   Thumb Code     2  stm32h7xx_it.o(.text.SVC_Handler)
    Scheduler_Init                           0x08007a79   Thumb Code    34  scheduler.o(.text.Scheduler_Init)
    Scheduler_Run                            0x08007aa1   Thumb Code   210  scheduler.o(.text.Scheduler_Run)
    Serial_RxInit                            0x08007b79   Thumb Code    16  serial.o(.text.Serial_RxInit)
    SysTick_Handler                          0x08007b89   Thumb Code     4  stm32h7xx_it.o(.text.SysTick_Handler)
    SystemClock_Config                       0x08007b91   Thumb Code   190  main.o(.text.SystemClock_Config)
    SystemInit                               0x08007c51   Thumb Code   238  system_stm32h7xx.o(.text.SystemInit)
    TIM_Base_SetConfig                       0x08007d41   Thumb Code   320  stm32h7xx_hal_tim.o(.text.TIM_Base_SetConfig)
    TIM_TI1_SetConfig                        0x08008061   Thumb Code   246  stm32h7xx_hal_tim.o(.text.TIM_TI1_SetConfig)
    Task_100ms                               0x08008159   Thumb Code    20  tasks.o(.text.Task_100ms)
    Task_10ms                                0x08008171   Thumb Code    46  tasks.o(.text.Task_10ms)
    Task_1min                                0x080081a1   Thumb Code     2  tasks.o(.text.Task_1min)
    Task_1ms                                 0x080081a9   Thumb Code     2  scheduler.o(.text.Task_1ms)
    Task_1sec                                0x080081b1   Thumb Code     2  tasks.o(.text.Task_1sec)
    Tasks_Init                               0x080081b9   Thumb Code    40  tasks.o(.text.Tasks_Init)
    UART_AdvFeatureConfig                    0x080081e1   Thumb Code   224  stm32h7xx_hal_uart.o(.text.UART_AdvFeatureConfig)
    UART_CheckIdleState                      0x080082c1   Thumb Code   186  stm32h7xx_hal_uart.o(.text.UART_CheckIdleState)
    UART_SetConfig                           0x080088c1   Thumb Code  1088  stm32h7xx_hal_uart.o(.text.UART_SetConfig)
    UART_Start_Receive_IT                    0x08008d09   Thumb Code   284  stm32h7xx_hal_uart.o(.text.UART_Start_Receive_IT)
    UART_WaitOnFlagUntilTimeout              0x08008e29   Thumb Code   318  stm32h7xx_hal_uart.o(.text.UART_WaitOnFlagUntilTimeout)
    USART3_IRQHandler                        0x08008f69   Thumb Code    12  stm32h7xx_it.o(.text.USART3_IRQHandler)
    UsageFault_Handler                       0x08008f79   Thumb Code     2  stm32h7xx_it.o(.text.UsageFault_Handler)
    arm_bitreversal_32_extra                 0x08008f81   Thumb Code    80  arm_bitreversal2_extra.o(.text.arm_bitreversal_32_extra)
    arm_cfft_f32_extra                       0x08008fd1   Thumb Code   262  arm_cfft_f32_extra.o(.text.arm_cfft_f32_extra)
    arm_cfft_radix8by2_f32_extra             0x080090d9   Thumb Code   378  arm_cfft_f32_extra.o(.text.arm_cfft_radix8by2_f32_extra)
    arm_cfft_radix8by4_f32_extra             0x08009259   Thumb Code  1182  arm_cfft_f32_extra.o(.text.arm_cfft_radix8by4_f32_extra)
    delay_us                                 0x080096f9   Thumb Code    34  delay.o(.text.delay_us)
    fft_find_peaks                           0x08009721   Thumb Code   324  fft_analyzer.o(.text.fft_find_peaks)
    fft_normalize                            0x08009871   Thumb Code    84  fft_analyzer.o(.text.fft_normalize)
    fft_prepare                              0x080098d1   Thumb Code   100  fft_analyzer.o(.text.fft_prepare)
    fft_process                              0x08009941   Thumb Code   256  fft_analyzer.o(.text.fft_process)
    find_vpp                                 0x08009a51   Thumb Code   228  fft_analyzer.o(.text.find_vpp)
    main                                     0x08009c01   Thumb Code   366  main.o(.text.main)
    __ARM_fpclassifyf                        0x08009e33   Thumb Code    38  fpclassifyf.o(i.__ARM_fpclassifyf)
    __hardfp_atan2f                          0x08009e59   Thumb Code   594  atan2f.o(i.__hardfp_atan2f)
    __hardfp_sqrtf                           0x0800a105   Thumb Code    58  sqrtf.o(i.__hardfp_sqrtf)
    __mathlib_flt_infnan2                    0x0800a13f   Thumb Code     6  funder.o(i.__mathlib_flt_infnan2)
    __mathlib_flt_underflow                  0x0800a145   Thumb Code    10  funder.o(i.__mathlib_flt_underflow)
    __scatterload_copy                       0x0800a155   Thumb Code    14  handlers.o(i.__scatterload_copy)
    __scatterload_null                       0x0800a163   Thumb Code     2  handlers.o(i.__scatterload_null)
    __scatterload_zeroinit                   0x0800a165   Thumb Code    14  handlers.o(i.__scatterload_zeroinit)
    __set_errno                              0x0800a175   Thumb Code     6  errno.o(i.__set_errno)
    D1CorePrescTable                         0x0800a18c   Data          16  system_stm32h7xx.o(.rodata.D1CorePrescTable)
    UARTPrescTable                           0x0800a1a2   Data          24  stm32h7xx_hal_uart.o(.rodata.UARTPrescTable)
    armBitRevIndexTableExtra2048             0x0800a1bc   Data       15232  arm_common_tables_extra.o(.rodata.armBitRevIndexTableExtra2048)
    arm_cfft_sR_f32_len2048_extra            0x0800dd3c   Data          16  arm_const_structs_extra.o(.rodata.arm_cfft_sR_f32_len2048_extra)
    twiddleCoefExtra_2048                    0x0800dd5c   Data       16384  arm_common_tables_extra.o(.rodata.twiddleCoefExtra_2048)
    Region$$Table$$Base                      0x08011d5c   Number         0  anon$$obj.o(Region$$Table)
    Region$$Table$$Limit                     0x08011d8c   Number         0  anon$$obj.o(Region$$Table)
    g_adc_buffer                             0x24000000   Data        4096  adc_task.o(.AXI_SRAM)
    SystemCoreClock                          0x24001004   Data           4  system_stm32h7xx.o(.data.SystemCoreClock)
    SystemD2Clock                            0x24001008   Data           4  system_stm32h7xx.o(.data.SystemD2Clock)
    uwTickFreq                               0x2400100c   Data           1  stm32h7xx_hal.o(.data.uwTickFreq)
    uwTickPrio                               0x24001010   Data           4  stm32h7xx_hal.o(.data.uwTickPrio)
    g_adc_dma_done                           0x24001019   Data           1  adc_task.o(.bss.g_adc_dma_done)
    g_freq_measure                           0x2400a01c   Data          32  tasks.o(.bss.g_freq_measure)
    g_hmi                                    0x2400a040   Data           4  tasks.o(.bss.g_hmi)
    g_sched                                  0x2400a050   Data          10  scheduler.o(.bss.g_sched)
    g_wave_info                              0x2400a060   Data          12  tasks.o(.bss.g_wave_info)
    hadc1                                    0x2400a06c   Data         100  adc.o(.bss.hadc1)
    hdma_adc1                                0x2400a0d0   Data         120  adc.o(.bss.hdma_adc1)
    htim1                                    0x2400a148   Data          76  tim.o(.bss.htim1)
    htim2                                    0x2400a194   Data          76  tim.o(.bss.htim2)
    htim3                                    0x2400a1e0   Data          76  tim.o(.bss.htim3)
    huart1                                   0x2400a22c   Data         148  usart.o(.bss.huart1)
    huart3                                   0x2400a2c0   Data         148  usart.o(.bss.huart3)
    uwTick                                   0x2400a54c   Data           4  stm32h7xx_hal.o(.bss.uwTick)
    __initial_sp                             0x2400a950   Data           0  startup_stm32h743xx.o(STACK)



==============================================================================

Memory Map of the image

  Image Entry point : 0x08000299

  Load Region LR_IROM1 (Base: 0x08000000, Size: 0x00013da8, Max: 0x00100000, ABSOLUTE, COMPRESSED[0x00011de4])

    Execution Region ER_IROM1 (Exec base: 0x08000000, Load base: 0x08000000, Size: 0x00011d8c, Max: 0x00100000, ABSOLUTE)

    Exec Addr    Load Addr    Size         Type   Attr      Idx    E Section Name        Object

    0x08000000   0x08000000   0x00000298   Data   RO            3    RESET               startup_stm32h743xx.o
    0x08000298   0x08000298   0x00000000   Code   RO         2646  * .ARM.Collect$$$$00000000  mc_w.l(entry.o)
    0x08000298   0x08000298   0x00000004   Code   RO         2946    .ARM.Collect$$$$00000001  mc_w.l(entry2.o)
    0x0800029c   0x0800029c   0x00000004   Code   RO         2949    .ARM.Collect$$$$00000004  mc_w.l(entry5.o)
    0x080002a0   0x080002a0   0x00000000   Code   RO         2951    .ARM.Collect$$$$00000008  mc_w.l(entry7b.o)
    0x080002a0   0x080002a0   0x00000000   Code   RO         2953    .ARM.Collect$$$$0000000A  mc_w.l(entry8b.o)
    0x080002a0   0x080002a0   0x00000008   Code   RO         2954    .ARM.Collect$$$$0000000B  mc_w.l(entry9a.o)
    0x080002a8   0x080002a8   0x00000000   Code   RO         2956    .ARM.Collect$$$$0000000D  mc_w.l(entry10a.o)
    0x080002a8   0x080002a8   0x00000000   Code   RO         2958    .ARM.Collect$$$$0000000F  mc_w.l(entry11a.o)
    0x080002a8   0x080002a8   0x00000004   Code   RO         2947    .ARM.Collect$$$$00002712  mc_w.l(entry2.o)
    0x080002ac   0x080002ac   0x0000002c   Code   RO            4    .text               startup_stm32h743xx.o
    0x080002d8   0x080002d8   0x00000854   Code   RO         2395    .text               arm_cortexM7l_math.lib(arm_cfft_radix8_f32.o)
    0x08000b2c   0x08000b2c   0x00000062   Code   RO         2649    .text               mc_w.l(uldiv.o)
    0x08000b8e   0x08000b8e   0x00000024   Code   RO         2653    .text               mc_w.l(memseta.o)
    0x08000bb2   0x08000bb2   0x000000b0   Code   RO         2918    .text               mf_w.l(fadd.o)
    0x08000c62   0x08000c62   0x00000064   Code   RO         2920    .text               mf_w.l(fmul.o)
    0x08000cc6   0x08000cc6   0x0000001e   Code   RO         2976    .text               mc_w.l(llshl.o)
    0x08000ce4   0x08000ce4   0x00000020   Code   RO         2978    .text               mc_w.l(llushr.o)
    0x08000d04   0x08000d04   0x00000000   Code   RO         2987    .text               mc_w.l(iusefp.o)
    0x08000d04   0x08000d04   0x0000006e   Code   RO         2988    .text               mf_w.l(fepilogue.o)
    0x08000d72   0x08000d72   0x00000002   PAD
    0x08000d74   0x08000d74   0x00000030   Code   RO         3000    .text               mc_w.l(init.o)
    0x08000da4   0x08000da4   0x0000003a   Code   RO         3016    .text               mc_w.l(__dczerorl.o)
    0x08000dde   0x08000dde   0x00000002   PAD
    0x08000de0   0x08000de0   0x000000c2   Code   RO         1783    .text.AD9959_Init   ad9959.o
    0x08000ea2   0x08000ea2   0x00000006   PAD
    0x08000ea8   0x08000ea8   0x00000088   Code   RO         1793    .text.AD9959_Set_All  ad9959.o
    0x08000f30   0x08000f30   0x00000038   Code   RO         1801    .text.AD9959_Update  ad9959.o
    0x08000f68   0x08000f68   0x00000116   Code   RO          144    .text.ADC_ConfigureBoostMode  stm32h7xx_hal_adc.o
    0x0800107e   0x0800107e   0x00000002   PAD
    0x08001080   0x08001080   0x000000de   Code   RO          148    .text.ADC_ConversionStop  stm32h7xx_hal_adc.o
    0x0800115e   0x0800115e   0x00000002   PAD
    0x08001160   0x08001160   0x0000005c   Code   RO          170    .text.ADC_DMAConvCplt  stm32h7xx_hal_adc.o
    0x080011bc   0x080011bc   0x00000004   PAD
    0x080011c0   0x080011c0   0x00000016   Code   RO          174    .text.ADC_DMAError  stm32h7xx_hal_adc.o
    0x080011d6   0x080011d6   0x00000002   PAD
    0x080011d8   0x080011d8   0x00000006   Code   RO          172    .text.ADC_DMAHalfConvCplt  stm32h7xx_hal_adc.o
    0x080011de   0x080011de   0x00000002   PAD
    0x080011e0   0x080011e0   0x0000007a   Code   RO          150    .text.ADC_Disable   stm32h7xx_hal_adc.o
    0x0800125a   0x0800125a   0x00000006   PAD
    0x08001260   0x08001260   0x000000ac   Code   RO          156    .text.ADC_Enable    stm32h7xx_hal_adc.o
    0x0800130c   0x0800130c   0x00000004   PAD
    0x08001310   0x08001310   0x0000005a   Code   RO         1895    .text.ADC_Task_FFT  adc_task.o
    0x0800136a   0x0800136a   0x00000006   PAD
    0x08001370   0x08001370   0x00000022   Code   RO         1887    .text.ADC_Task_Init  adc_task.o
    0x08001392   0x08001392   0x00000006   PAD
    0x08001398   0x08001398   0x0000002e   Code   RO         1889    .text.ADC_Task_Start  adc_task.o
    0x080013c6   0x080013c6   0x00000002   PAD
    0x080013c8   0x080013c8   0x00000022   Code   RO         1891    .text.ADC_Task_Stop  adc_task.o
    0x080013ea   0x080013ea   0x00000006   PAD
    0x080013f0   0x080013f0   0x00000002   Code   RO          109    .text.BusFault_Handler  stm32h7xx_it.o
    0x080013f2   0x080013f2   0x00000006   PAD
    0x080013f8   0x080013f8   0x0000000c   Code   RO          121    .text.DMA1_Stream0_IRQHandler  stm32h7xx_it.o
    0x08001404   0x08001404   0x00000004   PAD
    0x08001408   0x08001408   0x00000118   Code   RO          495    .text.DMA_CalcBaseAndBitshift  stm32h7xx_hal_dma.o
    0x08001520   0x08001520   0x000002f4   Code   RO          501    .text.DMA_SetConfig  stm32h7xx_hal_dma.o
    0x08001814   0x08001814   0x00000004   PAD
    0x08001818   0x08001818   0x00000002   Code   RO          115    .text.DebugMon_Handler  stm32h7xx_it.o
    0x0800181a   0x0800181a   0x00000006   PAD
    0x08001820   0x08001820   0x00000006   Code   RO           15    .text.Error_Handler  main.o
    0x08001826   0x08001826   0x00000002   PAD
    0x08001828   0x08001828   0x0000001a   Code   RO         1609    .text.ExitRun0Mode  system_stm32h7xx.o
    0x08001842   0x08001842   0x00000006   PAD
    0x08001848   0x08001848   0x00000030   Code   RO         1873    .text.FreqMeasure_Init  freq_measure.o
    0x08001878   0x08001878   0x0000011c   Code   RO         1877    .text.FreqMeasure_Process  freq_measure.o
    0x08001994   0x08001994   0x00000004   PAD
    0x08001998   0x08001998   0x00000102   Code   RO          256    .text.HAL_ADCEx_MultiModeConfigChannel  stm32h7xx_hal_adc_ex.o
    0x08001a9a   0x08001a9a   0x00000006   PAD
    0x08001aa0   0x08001aa0   0x00000458   Code   RO          190    .text.HAL_ADC_ConfigChannel  stm32h7xx_hal_adc.o
    0x08001ef8   0x08001ef8   0x0000001e   Code   RO           17    .text.HAL_ADC_ConvCpltCallback  main.o
    0x08001f16   0x08001f16   0x00000002   PAD
    0x08001f18   0x08001f18   0x00000002   Code   RO          188    .text.HAL_ADC_ConvHalfCpltCallback  stm32h7xx_hal_adc.o
    0x08001f1a   0x08001f1a   0x00000006   PAD
    0x08001f20   0x08001f20   0x00000002   Code   RO          186    .text.HAL_ADC_ErrorCallback  stm32h7xx_hal_adc.o
    0x08001f22   0x08001f22   0x00000006   PAD
    0x08001f28   0x08001f28   0x00000228   Code   RO          140    .text.HAL_ADC_Init  stm32h7xx_hal_adc.o
    0x08002150   0x08002150   0x000000e2   Code   RO           41    .text.HAL_ADC_MspInit  adc.o
    0x08002232   0x08002232   0x00000006   PAD
    0x08002238   0x08002238   0x0000010c   Code   RO          168    .text.HAL_ADC_Start_DMA  stm32h7xx_hal_adc.o
    0x08002344   0x08002344   0x00000004   PAD
    0x08002348   0x08002348   0x00000076   Code   RO          176    .text.HAL_ADC_Stop_DMA  stm32h7xx_hal_adc.o
    0x080023be   0x080023be   0x00000002   PAD
    0x080023c0   0x080023c0   0x000004e0   Code   RO          505    .text.HAL_DMA_Abort  stm32h7xx_hal_dma.o
    0x080028a0   0x080028a0   0x00000298   Code   RO          507    .text.HAL_DMA_Abort_IT  stm32h7xx_hal_dma.o
    0x08002b38   0x08002b38   0x00000a80   Code   RO          511    .text.HAL_DMA_IRQHandler  stm32h7xx_hal_dma.o
    0x080035b8   0x080035b8   0x0000061e   Code   RO          493    .text.HAL_DMA_Init  stm32h7xx_hal_dma.o
    0x08003bd6   0x08003bd6   0x00000002   PAD
    0x08003bd8   0x08003bd8   0x00000386   Code   RO          503    .text.HAL_DMA_Start_IT  stm32h7xx_hal_dma.o
    0x08003f5e   0x08003f5e   0x00000002   PAD
    0x08003f60   0x08003f60   0x0000011c   Code   RO          441    .text.HAL_GPIO_DeInit  stm32h7xx_hal_gpio.o
    0x0800407c   0x0800407c   0x00000004   PAD
    0x08004080   0x08004080   0x000001a4   Code   RO          439    .text.HAL_GPIO_Init  stm32h7xx_hal_gpio.o
    0x08004224   0x08004224   0x00000004   PAD
    0x08004228   0x08004228   0x0000000a   Code   RO          445    .text.HAL_GPIO_WritePin  stm32h7xx_hal_gpio.o
    0x08004232   0x08004232   0x00000006   PAD
    0x08004238   0x08004238   0x0000000e   Code   RO          811    .text.HAL_GetREVID  stm32h7xx_hal.o
    0x08004246   0x08004246   0x00000002   PAD
    0x08004248   0x08004248   0x0000000c   Code   RO          795    .text.HAL_GetTick   stm32h7xx_hal.o
    0x08004254   0x08004254   0x00000004   PAD
    0x08004258   0x08004258   0x0000001a   Code   RO          793    .text.HAL_IncTick   stm32h7xx_hal.o
    0x08004272   0x08004272   0x00000006   PAD
    0x08004278   0x08004278   0x00000064   Code   RO          783    .text.HAL_Init      stm32h7xx_hal.o
    0x080042dc   0x080042dc   0x00000004   PAD
    0x080042e0   0x080042e0   0x00000058   Code   RO          785    .text.HAL_InitTick  stm32h7xx_hal.o
    0x08004338   0x08004338   0x0000005e   Code   RO          753    .text.HAL_MPU_ConfigRegion  stm32h7xx_hal_cortex.o
    0x08004396   0x08004396   0x00000002   PAD
    0x08004398   0x08004398   0x0000001a   Code   RO          745    .text.HAL_MPU_Disable  stm32h7xx_hal_cortex.o
    0x080043b2   0x080043b2   0x00000006   PAD
    0x080043b8   0x080043b8   0x00000020   Code   RO          747    .text.HAL_MPU_Enable  stm32h7xx_hal_cortex.o
    0x080043d8   0x080043d8   0x00000020   Code   RO          132    .text.HAL_MspInit   stm32h7xx_hal_msp.o
    0x080043f8   0x080043f8   0x0000002a   Code   RO          737    .text.HAL_NVIC_DisableIRQ  stm32h7xx_hal_cortex.o
    0x08004422   0x08004422   0x00000006   PAD
    0x08004428   0x08004428   0x00000022   Code   RO          735    .text.HAL_NVIC_EnableIRQ  stm32h7xx_hal_cortex.o
    0x0800444a   0x0800444a   0x00000006   PAD
    0x08004450   0x08004450   0x0000005a   Code   RO          733    .text.HAL_NVIC_SetPriority  stm32h7xx_hal_cortex.o
    0x080044aa   0x080044aa   0x00000006   PAD
    0x080044b0   0x080044b0   0x00000020   Code   RO          731    .text.HAL_NVIC_SetPriorityGrouping  stm32h7xx_hal_cortex.o
    0x080044d0   0x080044d0   0x00000048   Code   RO          643    .text.HAL_PWREx_ConfigSupply  stm32h7xx_hal_pwr_ex.o
    0x08004518   0x08004518   0x00000026   Code   RO          326    .text.HAL_RCCEx_GetD3PCLK1Freq  stm32h7xx_hal_rcc_ex.o
    0x0800453e   0x0800453e   0x00000002   PAD
    0x08004540   0x08004540   0x00000124   Code   RO          320    .text.HAL_RCCEx_GetPLL1ClockFreq  stm32h7xx_hal_rcc_ex.o
    0x08004664   0x08004664   0x00000004   PAD
    0x08004668   0x08004668   0x00000120   Code   RO          322    .text.HAL_RCCEx_GetPLL2ClockFreq  stm32h7xx_hal_rcc_ex.o
    0x08004788   0x08004788   0x00000120   Code   RO          324    .text.HAL_RCCEx_GetPLL3ClockFreq  stm32h7xx_hal_rcc_ex.o
    0x080048a8   0x080048a8   0x00000378   Code   RO          318    .text.HAL_RCCEx_GetPeriphCLKFreq  stm32h7xx_hal_rcc_ex.o
    0x08004c20   0x08004c20   0x00000a32   Code   RO          310    .text.HAL_RCCEx_PeriphCLKConfig  stm32h7xx_hal_rcc_ex.o
    0x08005652   0x08005652   0x00000006   PAD
    0x08005658   0x08005658   0x0000024a   Code   RO          278    .text.HAL_RCC_ClockConfig  stm32h7xx_hal_rcc.o
    0x080058a2   0x080058a2   0x00000006   PAD
    0x080058a8   0x080058a8   0x0000004c   Code   RO          288    .text.HAL_RCC_GetHCLKFreq  stm32h7xx_hal_rcc.o
    0x080058f4   0x080058f4   0x00000004   PAD
    0x080058f8   0x080058f8   0x00000060   Code   RO          290    .text.HAL_RCC_GetPCLK1Freq  stm32h7xx_hal_rcc.o
    0x08005958   0x08005958   0x00000060   Code   RO          292    .text.HAL_RCC_GetPCLK2Freq  stm32h7xx_hal_rcc.o
    0x080059b8   0x080059b8   0x00000114   Code   RO          280    .text.HAL_RCC_GetSysClockFreq  stm32h7xx_hal_rcc.o
    0x08005acc   0x08005acc   0x00000004   PAD
    0x08005ad0   0x08005ad0   0x0000062e   Code   RO          276    .text.HAL_RCC_OscConfig  stm32h7xx_hal_rcc.o
    0x080060fe   0x080060fe   0x00000002   PAD
    0x08006100   0x08006100   0x0000002c   Code   RO          743    .text.HAL_SYSTICK_Config  stm32h7xx_hal_cortex.o
    0x0800612c   0x0800612c   0x00000004   PAD
    0x08006130   0x08006130   0x000000d0   Code   RO         1387    .text.HAL_TIMEx_MasterConfigSynchronization  stm32h7xx_hal_tim_ex.o
    0x08006200   0x08006200   0x0000006c   Code   RO         1096    .text.HAL_TIM_Base_DeInit  stm32h7xx_hal_tim.o
    0x0800626c   0x0800626c   0x00000004   PAD
    0x08006270   0x08006270   0x00000060   Code   RO         1090    .text.HAL_TIM_Base_Init  stm32h7xx_hal_tim.o
    0x080062d0   0x080062d0   0x00000060   Code   RO           72    .text.HAL_TIM_Base_MspDeInit  tim.o
    0x08006330   0x08006330   0x000000b6   Code   RO           70    .text.HAL_TIM_Base_MspInit  tim.o
    0x080063e6   0x080063e6   0x00000002   PAD
    0x080063e8   0x080063e8   0x000000aa   Code   RO         1100    .text.HAL_TIM_Base_Start  stm32h7xx_hal_tim.o
    0x08006492   0x08006492   0x00000006   PAD
    0x08006498   0x08006498   0x0000002e   Code   RO         1102    .text.HAL_TIM_Base_Stop  stm32h7xx_hal_tim.o
    0x080064c6   0x080064c6   0x00000002   PAD
    0x080064c8   0x080064c8   0x000002b0   Code   RO         1272    .text.HAL_TIM_ConfigClockSource  stm32h7xx_hal_tim.o
    0x08006778   0x08006778   0x0000016a   Code   RO         1242    .text.HAL_TIM_IC_ConfigChannel  stm32h7xx_hal_tim.o
    0x080068e2   0x080068e2   0x00000006   PAD
    0x080068e8   0x080068e8   0x00000060   Code   RO         1164    .text.HAL_TIM_IC_Init  stm32h7xx_hal_tim.o
    0x08006948   0x08006948   0x00000002   Code   RO         1166    .text.HAL_TIM_IC_MspInit  stm32h7xx_hal_tim.o
    0x0800694a   0x0800694a   0x00000006   PAD
    0x08006950   0x08006950   0x00000164   Code   RO         1172    .text.HAL_TIM_IC_Start  stm32h7xx_hal_tim.o
    0x08006ab4   0x08006ab4   0x00000004   PAD
    0x08006ab8   0x08006ab8   0x000000c2   Code   RO         1174    .text.HAL_TIM_IC_Stop  stm32h7xx_hal_tim.o
    0x08006b7a   0x08006b7a   0x00000006   PAD
    0x08006b80   0x08006b80   0x00000016   Code   RO         1282    .text.HAL_TIM_ReadCapturedValue  stm32h7xx_hal_tim.o
    0x08006b96   0x08006b96   0x00000002   PAD
    0x08006b98   0x08006b98   0x0000004a   Code   RO         1276    .text.HAL_TIM_SlaveConfigSynchro  stm32h7xx_hal_tim.o
    0x08006be2   0x08006be2   0x00000006   PAD
    0x08006be8   0x08006be8   0x00000036   Code   RO         1582    .text.HAL_UARTEx_DisableFifoMode  stm32h7xx_hal_uart_ex.o
    0x08006c1e   0x08006c1e   0x00000002   PAD
    0x08006c20   0x08006c20   0x00000050   Code   RO         1590    .text.HAL_UARTEx_ReceiveToIdle_IT  stm32h7xx_hal_uart_ex.o
    0x08006c70   0x08006c70   0x00000002   Code   RO         1509    .text.HAL_UARTEx_RxEventCallback  stm32h7xx_hal_uart.o
    0x08006c72   0x08006c72   0x00000006   PAD
    0x08006c78   0x08006c78   0x00000002   Code   RO         1568    .text.HAL_UARTEx_RxFifoFullCallback  stm32h7xx_hal_uart_ex.o
    0x08006c7a   0x08006c7a   0x00000006   PAD
    0x08006c80   0x08006c80   0x00000092   Code   RO         1586    .text.HAL_UARTEx_SetRxFifoThreshold  stm32h7xx_hal_uart_ex.o
    0x08006d12   0x08006d12   0x00000006   PAD
    0x08006d18   0x08006d18   0x00000092   Code   RO         1584    .text.HAL_UARTEx_SetTxFifoThreshold  stm32h7xx_hal_uart_ex.o
    0x08006daa   0x08006daa   0x00000006   PAD
    0x08006db0   0x08006db0   0x00000002   Code   RO         1570    .text.HAL_UARTEx_TxFifoEmptyCallback  stm32h7xx_hal_uart_ex.o
    0x08006db2   0x08006db2   0x00000006   PAD
    0x08006db8   0x08006db8   0x00000002   Code   RO         1566    .text.HAL_UARTEx_WakeupCallback  stm32h7xx_hal_uart_ex.o
    0x08006dba   0x08006dba   0x00000006   PAD
    0x08006dc0   0x08006dc0   0x00000002   Code   RO         1507    .text.HAL_UART_ErrorCallback  stm32h7xx_hal_uart.o
    0x08006dc2   0x08006dc2   0x00000006   PAD
    0x08006dc8   0x08006dc8   0x000003ae   Code   RO         1503    .text.HAL_UART_IRQHandler  stm32h7xx_hal_uart.o
    0x08007176   0x08007176   0x00000002   PAD
    0x08007178   0x08007178   0x00000064   Code   RO         1419    .text.HAL_UART_Init  stm32h7xx_hal_uart.o
    0x080071dc   0x080071dc   0x00000004   PAD
    0x080071e0   0x080071e0   0x0000010e   Code   RO           89    .text.HAL_UART_MspInit  usart.o
    0x080072ee   0x080072ee   0x00000002   PAD
    0x080072f0   0x080072f0   0x00000002   Code   RO         1515    .text.HAL_UART_RxCpltCallback  stm32h7xx_hal_uart.o
    0x080072f2   0x080072f2   0x00000006   PAD
    0x080072f8   0x080072f8   0x00000002   Code   RO         1511    .text.HAL_UART_TxCpltCallback  stm32h7xx_hal_uart.o
    0x080072fa   0x080072fa   0x00000006   PAD
    0x08007300   0x08007300   0x00000004   Code   RO         1843    .text.HMI_Init      serial.o
    0x08007304   0x08007304   0x00000004   PAD
    0x08007308   0x08007308   0x00000002   Code   RO          105    .text.HardFault_Handler  stm32h7xx_it.o
    0x0800730a   0x0800730a   0x00000006   PAD
    0x08007310   0x08007310   0x000000b2   Code   RO           39    .text.MX_ADC1_Init  adc.o
    0x080073c2   0x080073c2   0x00000006   PAD
    0x080073c8   0x080073c8   0x00000034   Code   RO           55    .text.MX_DMA_Init   dma.o
    0x080073fc   0x080073fc   0x00000004   PAD
    0x08007400   0x08007400   0x0000015a   Code   RO           30    .text.MX_GPIO_Init  gpio.o
    0x0800755a   0x0800755a   0x00000006   PAD
    0x08007560   0x08007560   0x0000007a   Code   RO           64    .text.MX_TIM1_Init  tim.o
    0x080075da   0x080075da   0x00000006   PAD
    0x080075e0   0x080075e0   0x000000b8   Code   RO           66    .text.MX_TIM2_Init  tim.o
    0x08007698   0x08007698   0x0000007a   Code   RO           68    .text.MX_TIM3_Init  tim.o
    0x08007712   0x08007712   0x00000006   PAD
    0x08007718   0x08007718   0x0000007c   Code   RO           85    .text.MX_USART1_UART_Init  usart.o
    0x08007794   0x08007794   0x00000004   PAD
    0x08007798   0x08007798   0x0000007c   Code   RO           87    .text.MX_USART3_UART_Init  usart.o
    0x08007814   0x08007814   0x00000004   PAD
    0x08007818   0x08007818   0x00000002   Code   RO          107    .text.MemManage_Handler  stm32h7xx_it.o
    0x0800781a   0x0800781a   0x00000006   PAD
    0x08007820   0x08007820   0x00000002   Code   RO          103    .text.NMI_Handler   stm32h7xx_it.o
    0x08007822   0x08007822   0x00000006   PAD
    0x08007828   0x08007828   0x00000002   Code   RO          117    .text.PendSV_Handler  stm32h7xx_it.o
    0x0800782a   0x0800782a   0x00000006   PAD
    0x08007830   0x08007830   0x0000011e   Code   RO          312    .text.RCCEx_PLL2_Config  stm32h7xx_hal_rcc_ex.o
    0x0800794e   0x0800794e   0x00000002   PAD
    0x08007950   0x08007950   0x0000011e   Code   RO          314    .text.RCCEx_PLL3_Config  stm32h7xx_hal_rcc_ex.o
    0x08007a6e   0x08007a6e   0x00000002   PAD
    0x08007a70   0x08007a70   0x00000002   Code   RO          113    .text.SVC_Handler   stm32h7xx_it.o
    0x08007a72   0x08007a72   0x00000006   PAD
    0x08007a78   0x08007a78   0x00000022   Code   RO         1912    .text.Scheduler_Init  scheduler.o
    0x08007a9a   0x08007a9a   0x00000006   PAD
    0x08007aa0   0x08007aa0   0x000000d2   Code   RO         1914    .text.Scheduler_Run  scheduler.o
    0x08007b72   0x08007b72   0x00000006   PAD
    0x08007b78   0x08007b78   0x00000010   Code   RO         1839    .text.Serial_RxInit  serial.o
    0x08007b88   0x08007b88   0x00000004   Code   RO          119    .text.SysTick_Handler  stm32h7xx_it.o
    0x08007b8c   0x08007b8c   0x00000004   PAD
    0x08007b90   0x08007b90   0x000000be   Code   RO           13    .text.SystemClock_Config  main.o
    0x08007c4e   0x08007c4e   0x00000002   PAD
    0x08007c50   0x08007c50   0x000000ee   Code   RO         1605    .text.SystemInit    system_stm32h7xx.o
    0x08007d3e   0x08007d3e   0x00000002   PAD
    0x08007d40   0x08007d40   0x00000140   Code   RO         1094    .text.TIM_Base_SetConfig  stm32h7xx_hal_tim.o
    0x08007e80   0x08007e80   0x000001e0   Code   RO         1278    .text.TIM_SlaveTimer_SetConfig  stm32h7xx_hal_tim.o
    0x08008060   0x08008060   0x000000f6   Code   RO         1244    .text.TIM_TI1_SetConfig  stm32h7xx_hal_tim.o
    0x08008156   0x08008156   0x00000002   PAD
    0x08008158   0x08008158   0x00000014   Code   RO         1942    .text.Task_100ms    tasks.o
    0x0800816c   0x0800816c   0x00000004   PAD
    0x08008170   0x08008170   0x0000002e   Code   RO         1940    .text.Task_10ms     tasks.o
    0x0800819e   0x0800819e   0x00000002   PAD
    0x080081a0   0x080081a0   0x00000002   Code   RO         1946    .text.Task_1min     tasks.o
    0x080081a2   0x080081a2   0x00000006   PAD
    0x080081a8   0x080081a8   0x00000002   Code   RO         1916    .text.Task_1ms      scheduler.o
    0x080081aa   0x080081aa   0x00000006   PAD
    0x080081b0   0x080081b0   0x00000002   Code   RO         1944    .text.Task_1sec     tasks.o
    0x080081b2   0x080081b2   0x00000006   PAD
    0x080081b8   0x080081b8   0x00000028   Code   RO         1936    .text.Tasks_Init    tasks.o
    0x080081e0   0x080081e0   0x000000e0   Code   RO         1423    .text.UART_AdvFeatureConfig  stm32h7xx_hal_uart.o
    0x080082c0   0x080082c0   0x000000ba   Code   RO         1427    .text.UART_CheckIdleState  stm32h7xx_hal_uart.o
    0x0800837a   0x0800837a   0x00000006   PAD
    0x08008380   0x08008380   0x00000006   Code   RO         1505    .text.UART_DMAAbortOnError  stm32h7xx_hal_uart.o
    0x08008386   0x08008386   0x00000002   PAD
    0x08008388   0x08008388   0x000000ce   Code   RO         1545    .text.UART_RxISR_16BIT  stm32h7xx_hal_uart.o
    0x08008456   0x08008456   0x00000002   PAD
    0x08008458   0x08008458   0x000001c6   Code   RO         1541    .text.UART_RxISR_16BIT_FIFOEN  stm32h7xx_hal_uart.o
    0x0800861e   0x0800861e   0x00000002   PAD
    0x08008620   0x08008620   0x000000ce   Code   RO         1547    .text.UART_RxISR_8BIT  stm32h7xx_hal_uart.o
    0x080086ee   0x080086ee   0x00000002   PAD
    0x080086f0   0x080086f0   0x000001ca   Code   RO         1543    .text.UART_RxISR_8BIT_FIFOEN  stm32h7xx_hal_uart.o
    0x080088ba   0x080088ba   0x00000006   PAD
    0x080088c0   0x080088c0   0x00000448   Code   RO         1425    .text.UART_SetConfig  stm32h7xx_hal_uart.o
    0x08008d08   0x08008d08   0x0000011c   Code   RO         1457    .text.UART_Start_Receive_IT  stm32h7xx_hal_uart.o
    0x08008e24   0x08008e24   0x00000004   PAD
    0x08008e28   0x08008e28   0x0000013e   Code   RO         1441    .text.UART_WaitOnFlagUntilTimeout  stm32h7xx_hal_uart.o
    0x08008f66   0x08008f66   0x00000002   PAD
    0x08008f68   0x08008f68   0x0000000c   Code   RO          123    .text.USART3_IRQHandler  stm32h7xx_it.o
    0x08008f74   0x08008f74   0x00000004   PAD
    0x08008f78   0x08008f78   0x00000002   Code   RO          111    .text.UsageFault_Handler  stm32h7xx_it.o
    0x08008f7a   0x08008f7a   0x00000006   PAD
    0x08008f80   0x08008f80   0x00000050   Code   RO         1622    .text.arm_bitreversal_32_extra  arm_bitreversal2_extra.o
    0x08008fd0   0x08008fd0   0x00000106   Code   RO         1635    .text.arm_cfft_f32_extra  arm_cfft_f32_extra.o
    0x080090d6   0x080090d6   0x00000002   PAD
    0x080090d8   0x080090d8   0x0000017a   Code   RO         1631    .text.arm_cfft_radix8by2_f32_extra  arm_cfft_f32_extra.o
    0x08009252   0x08009252   0x00000006   PAD
    0x08009258   0x08009258   0x0000049e   Code   RO         1633    .text.arm_cfft_radix8by4_f32_extra  arm_cfft_f32_extra.o
    0x080096f6   0x080096f6   0x00000002   PAD
    0x080096f8   0x080096f8   0x00000022   Code   RO         1820    .text.delay_us      delay.o
    0x0800971a   0x0800971a   0x00000006   PAD
    0x08009720   0x08009720   0x00000150   Code   RO         1969    .text.fft_find_peaks  fft_analyzer.o
    0x08009870   0x08009870   0x0000005c   Code   RO         1967    .text.fft_normalize  fft_analyzer.o
    0x080098cc   0x080098cc   0x00000004   PAD
    0x080098d0   0x080098d0   0x00000070   Code   RO         1959    .text.fft_prepare   fft_analyzer.o
    0x08009940   0x08009940   0x0000010c   Code   RO         1963    .text.fft_process   fft_analyzer.o
    0x08009a4c   0x08009a4c   0x00000004   PAD
    0x08009a50   0x08009a50   0x000000e8   Code   RO         1973    .text.find_vpp      fft_analyzer.o
    0x08009b38   0x08009b38   0x000000c4   Code   RO         1875    .text.freq_hw_switch  freq_measure.o
    0x08009bfc   0x08009bfc   0x00000004   PAD
    0x08009c00   0x08009c00   0x0000016e   Code   RO           11    .text.main          main.o
    0x08009d6e   0x08009d6e   0x00000002   PAD
    0x08009d70   0x08009d70   0x000000c2   Code   RO         1785    .text.spi_write     ad9959.o
    0x08009e32   0x08009e32   0x00000026   Code   RO         2930    i.__ARM_fpclassifyf  m_wv.l(fpclassifyf.o)
    0x08009e58   0x08009e58   0x000002ac   Code   RO         2627    i.__hardfp_atan2f   m_wv.l(atan2f.o)
    0x0800a104   0x0800a104   0x0000003a   Code   RO         2640    i.__hardfp_sqrtf    m_wv.l(sqrtf.o)
    0x0800a13e   0x0800a13e   0x00000006   Code   RO         2934    i.__mathlib_flt_infnan2  m_wv.l(funder.o)
    0x0800a144   0x0800a144   0x00000010   Code   RO         2938    i.__mathlib_flt_underflow  m_wv.l(funder.o)
    0x0800a154   0x0800a154   0x0000000e   Code   RO         3010    i.__scatterload_copy  mc_w.l(handlers.o)
    0x0800a162   0x0800a162   0x00000002   Code   RO         3011    i.__scatterload_null  mc_w.l(handlers.o)
    0x0800a164   0x0800a164   0x0000000e   Code   RO         3012    i.__scatterload_zeroinit  mc_w.l(handlers.o)
    0x0800a172   0x0800a172   0x00000002   PAD
    0x0800a174   0x0800a174   0x0000000c   Code   RO         2982    i.__set_errno       mc_w.l(errno.o)
    0x0800a180   0x0800a180   0x00000006   Data   RO         1554    .rodata..Lswitch.table.UART_SetConfig.5  stm32h7xx_hal_uart.o
    0x0800a186   0x0800a186   0x00000006   Data   RO         1555    .rodata..Lswitch.table.UART_SetConfig.7  stm32h7xx_hal_uart.o
    0x0800a18c   0x0800a18c   0x00000010   Data   RO         1613    .rodata.D1CorePrescTable  system_stm32h7xx.o
    0x0800a19c   0x0800a19c   0x00000003   Data   RO         1807    .rodata.FR1_DEF     ad9959.o
    0x0800a19f   0x0800a19f   0x00000002   Data   RO         1808    .rodata.FR2_DEF     ad9959.o
    0x0800a1a1   0x0800a1a1   0x00000001   PAD
    0x0800a1a2   0x0800a1a2   0x00000018   Data   RO         1553    .rodata.UARTPrescTable  stm32h7xx_hal_uart.o
    0x0800a1ba   0x0800a1ba   0x00000002   PAD
    0x0800a1bc   0x0800a1bc   0x00003b80   Data   RO         1662    .rodata.armBitRevIndexTableExtra2048  arm_common_tables_extra.o
    0x0800dd3c   0x0800dd3c   0x00000010   Data   RO         1699    .rodata.arm_cfft_sR_f32_len2048_extra  arm_const_structs_extra.o
    0x0800dd4c   0x0800dd4c   0x00000010   Data   RO         1596    .rodata.cst8        stm32h7xx_hal_uart_ex.o
    0x0800dd5c   0x0800dd5c   0x00004000   Data   RO         1673    .rodata.twiddleCoefExtra_2048  arm_common_tables_extra.o
    0x08011d5c   0x08011d5c   0x00000030   Data   RO         3009    Region$$Table       anon$$obj.o


    Execution Region RW_IRAM1 (Exec base: 0x20000000, Load base: 0x08011d8c, Size: 0x00000000, Max: 0x00020000, ABSOLUTE)

    **** No section assigned to this execution region ****


    Execution Region RW_IRAM2 (Exec base: 0x24000000, Load base: 0x08011d90, Size: 0x0000a950, Max: 0x00080000, ABSOLUTE, COMPRESSED[0x00000030])

    Exec Addr    Load Addr    Size         Type   Attr      Idx    E Section Name        Object

    0x24000000   COMPRESSED   0x00001000   Data   RW         1900    .AXI_SRAM           adc_task.o
    0x24001000   COMPRESSED   0x00000004   Data   RW         2983    .data               mc_w.l(errno.o)
    0x24001004   COMPRESSED   0x00000004   Data   RW         1611    .data.SystemCoreClock  system_stm32h7xx.o
    0x24001008   COMPRESSED   0x00000004   Data   RW         1612    .data.SystemD2Clock  system_stm32h7xx.o
    0x2400100c   COMPRESSED   0x00000001   Data   RW          880    .data.uwTickFreq    stm32h7xx_hal.o
    0x2400100d   COMPRESSED   0x00000003   PAD
    0x24001010   COMPRESSED   0x00000004   Data   RW          879    .data.uwTickPrio    stm32h7xx_hal.o
    0x24001014   COMPRESSED   0x00000004   PAD
    0x24001018        -       0x00000001   Zero   RW         1982    .bss.fft_get_axis.inited  fft_analyzer.o
    0x24001019        -       0x00000001   Zero   RW         1899    .bss.g_adc_dma_done  adc_task.o
    0x2400101a   COMPRESSED   0x00000002   PAD
    0x2400101c        -       0x00004000   Zero   RW         1901    .bss.g_fft_in       adc_task.o
    0x2400501c        -       0x00005000   Zero   RW         1902    .bss.g_fft_out      adc_task.o
    0x2400a01c        -       0x00000020   Zero   RW         1949    .bss.g_freq_measure  tasks.o
    0x2400a03c        -       0x00000004   Zero   RW         1898    .bss.g_hadc         adc_task.o
    0x2400a040        -       0x00000004   Zero   RW         1948    .bss.g_hmi          tasks.o
    0x2400a044        -       0x00000004   Zero   RW         1897    .bss.g_htim         adc_task.o
    0x2400a048        -       0x00000006   Zero   RW         1903    .bss.g_peaks        adc_task.o
    0x2400a04e   COMPRESSED   0x00000002   PAD
    0x2400a050        -       0x0000000a   Zero   RW         1926    .bss.g_sched        scheduler.o
    0x2400a05a   COMPRESSED   0x00000002   PAD
    0x2400a05c        -       0x00000004   Zero   RW         1824    .bss.g_ticks_per_us  delay.o
    0x2400a060        -       0x0000000c   Zero   RW         1950    .bss.g_wave_info    tasks.o
    0x2400a06c        -       0x00000064   Zero   RW           45    .bss.hadc1          adc.o
    0x2400a0d0        -       0x00000078   Zero   RW           46    .bss.hdma_adc1      adc.o
    0x2400a148        -       0x0000004c   Zero   RW           74    .bss.htim1          tim.o
    0x2400a194        -       0x0000004c   Zero   RW           75    .bss.htim2          tim.o
    0x2400a1e0        -       0x0000004c   Zero   RW           76    .bss.htim3          tim.o
    0x2400a22c        -       0x00000094   Zero   RW           93    .bss.huart1         usart.o
    0x2400a2c0        -       0x00000094   Zero   RW           94    .bss.huart3         usart.o
    0x2400a354        -       0x000001f4   Zero   RW         1863    .bss.rx_buf         serial.o
    0x2400a548        -       0x00000002   Zero   RW         1927    .bss.s_last_tick    scheduler.o
    0x2400a54a   COMPRESSED   0x00000002   PAD
    0x2400a54c        -       0x00000004   Zero   RW          881    .bss.uwTick         stm32h7xx_hal.o
    0x2400a550        -       0x00000400   Zero   RW            1    STACK               startup_stm32h743xx.o


    Execution Region RW_IRAM3 (Exec base: 0x30000000, Load base: 0x08011dc0, Size: 0x00001000, Max: 0x00004000, ABSOLUTE, COMPRESSED[0x00000024])

    Exec Addr    Load Addr    Size         Type   Attr      Idx    E Section Name        Object

    0x30000000   COMPRESSED   0x00001000   Data   RW         1981    .SRAM1              fft_analyzer.o


    Execution Region RW_IRAM4 (Exec base: 0x30004000, Load base: 0x08011de4, Size: 0x00000000, Max: 0x00004000, ABSOLUTE)

    **** No section assigned to this execution region ****


    Execution Region RW_IRAM5 (Exec base: 0x38000000, Load base: 0x08011de4, Size: 0x00000000, Max: 0x00004000, ABSOLUTE)

    **** No section assigned to this execution region ****


==============================================================================

Image component sizes


      Code (inc. data)   RO Data    RW Data    ZI Data      Debug   Object Name

       580          8          5          0          0       7252   ad9959.o
       404          0          0          0        220       9270   adc.o
       204          0          0       4096      36879       8090   adc_task.o
        80          0          0          0          0       1054   arm_bitreversal2_extra.o
      1822          0          0          0          0       9209   arm_cfft_f32_extra.o
         0          0      31616          0          0       2530   arm_common_tables_extra.o
         0          0         16          0          0       1438   arm_const_structs_extra.o
        34          0          0          0          4       2409   delay.o
        52          0          0          0          0       5685   dma.o
      1040         48          0       4096          1       9338   fft_analyzer.o
       528         12          0          0          0      11787   freq_measure.o
       346          0          0          0          0       3336   gpio.o
       592          0          0          0          0      11626   main.o
       246          0          0          0         12       2073   scheduler.o
        20          0          0          0        500      10571   serial.o
        44         12        664          0       1024        928   startup_stm32h743xx.o
       240          0          0          5          4      15239   stm32h7xx_hal.o
      2968         12          0          0          0      25706   stm32h7xx_hal_adc.o
       258          0          0          0          0      26411   stm32h7xx_hal_adc_ex.o
       394          0          0          0          0      12771   stm32h7xx_hal_cortex.o
      8104         12          0          0          0      18445   stm32h7xx_hal_dma.o
       714          0          0          0          0       7182   stm32h7xx_hal_gpio.o
        32          0          0          0          0       2392   stm32h7xx_hal_msp.o
        72          0          0          0          0      10948   stm32h7xx_hal_pwr_ex.o
      2712         24          0          0          0      12060   stm32h7xx_hal_rcc.o
      4976        238          0          0          0      18376   stm32h7xx_hal_rcc_ex.o
      3260         12          0          0          0      66911   stm32h7xx_hal_tim.o
       208          0          0          0          0      26136   stm32h7xx_hal_tim_ex.o
      4488        300         36          0          0      38078   stm32h7xx_hal_uart.o
       432          0         16          0          0      11337   stm32h7xx_hal_uart_ex.o
        44          0          0          0          0       5117   stm32h7xx_it.o
       264          0         16          8          0       6451   system_stm32h7xx.o
       110          0          0          0         48       7555   tasks.o
       706          0          0          0        228       8287   tim.o
       518          0          0          0        296      11997   usart.o

    ----------------------------------------------------------------------
     36990        698      32420       8208      39228     427995   Object Totals
         0          0         48          0          0          0   (incl. Generated)
       498         20          3          3         12          0   (incl. Padding)

    ----------------------------------------------------------------------

      Code (inc. data)   RO Data    RW Data    ZI Data      Debug   Library Member Name

      2132          6          0          0          0       2615   arm_cfft_radix8_f32.o
         0          0          0          0          0      17868   arm_dot_prod_f32.o
       684         90          0          0          0        208   atan2f.o
        38          0          0          0          0        116   fpclassifyf.o
        22          6          0          0          0        232   funder.o
        58          0          0          0          0        136   sqrtf.o
        58          0          0          0          0          0   __dczerorl.o
         0          0          0          0          0          0   entry.o
         0          0          0          0          0          0   entry10a.o
         0          0          0          0          0          0   entry11a.o
         8          4          0          0          0          0   entry2.o
         4          0          0          0          0          0   entry5.o
         0          0          0          0          0          0   entry7b.o
         0          0          0          0          0          0   entry8b.o
         8          4          0          0          0          0   entry9a.o
        12          6          0          4          0         68   errno.o
        30          0          0          0          0          0   handlers.o
        48         10          0          0          0         68   init.o
         0          0          0          0          0          0   iusefp.o
        30          0          0          0          0         68   llshl.o
        32          0          0          0          0         68   llushr.o
        36          0          0          0          0        108   memseta.o
        98          0          0          0          0         92   uldiv.o
       176          0          0          0          0        140   fadd.o
       110          0          0          0          0        168   fepilogue.o
       100          0          0          0          0         76   fmul.o

    ----------------------------------------------------------------------
      3690        126          0          4          0      22031   Library Totals
         6          0          0          0          0          0   (incl. Padding)

    ----------------------------------------------------------------------

      Code (inc. data)   RO Data    RW Data    ZI Data      Debug   Library Name

      2132          6          0          0          0      20483   arm_cortexM7l_math.lib
       802         96          0          0          0        692   m_wv.l
       364         24          0          4          0        472   mc_w.l
       386          0          0          0          0        384   mf_w.l

    ----------------------------------------------------------------------
      3690        126          0          4          0      22031   Library Totals

    ----------------------------------------------------------------------

==============================================================================


      Code (inc. data)   RO Data    RW Data    ZI Data      Debug   

     40680        824      32420       8212      39228     448926   Grand Totals
     40680        824      32420         84      39228     448926   ELF Image Totals (compressed)
     40680        824      32420         84          0          0   ROM Totals

==============================================================================

    Total RO  Size (Code + RO Data)                73100 (  71.39kB)
    Total RW  Size (RW Data + ZI Data)             47440 (  46.33kB)
    Total ROM Size (Code + RO Data + RW Data)      73184 (  71.47kB)

==============================================================================

